******************************************************************************
                  TI ARM Linker PC v18.12.3                    
******************************************************************************
>> Linked Fri Nov 29 17:05:20 2019

OUTPUT FILE NAME:   <RoboticArm.out>
ENTRY POINT SYMBOL: "_c_int00"  address: 00006c89


MEMORY CONFIGURATION

         name            origin    length      used     unused   attr    fill
----------------------  --------  ---------  --------  --------  ----  --------
  MAIN                  00000000   00040000  0000a0d9  00035f27  R  X
  INFO                  00200000   00004000  00000000  00004000  R  X
  SRAM_CODE             01000000   00010000  00009543  00006abd  RW X
  SRAM_DATA             20000000   00010000  00009543  00006abd  RW  


SEGMENT ALLOCATION MAP

run origin  load origin   length   init length attrs members
----------  ----------- ---------- ----------- ----- -------
00000000    00000000    0000a0e8   0000a0e8    r-x
  00000000    00000000    0000003c   0000003c    r-- .resetVecs
  00000040    00000040    000095ba   000095ba    r-x .text
  00009600    00009600    0000085b   0000085b    r-- .const
  00009e60    00009e60    00000288   00000288    r-- .cinit
20000140    20000140    00008000   00000000    r--
  20000140    20000140    00008000   00000000    r-- .priheap
20008140    20008140    00001006   00000000    rw-
  20008140    20008140    000008f5   00000000    rw- .data
  20008a38    20008a38    0000070e   00000000    rw- .bss
2000fc00    2000fc00    00000400   00000000    rw-
  2000fc00    2000fc00    00000400   00000000    rw- .stack


SECTION ALLOCATION MAP

 output                                  attributes/
section   page    origin      length       input sections
--------  ----  ----------  ----------   ----------------
.text      0    00000040    000095ba     
                  00000040    00000a4e     rtsv7M4_T_le_v4SPD16_eabi.lib : _printfi.c.obj (.text:__TI_printfi)
                  00000a8e    00000002     ti_drivers_config.obj (.text:Board_initHook)
                  00000a90    00000460     rtsv7M4_T_le_v4SPD16_eabi.lib : strtod.c.obj (.text:strtod)
                  00000ef0    000002f8     drivers_msp432p401x.aem4f : PowerMSP432.oem4f (.text:Power_sleep)
                  000011e8    000002d0                               : UARTMSP432.oem4f (.text:UARTMSP432_open)
                  000014b8    0000028a     msp432p4xx_driverlib.lib : pcm.o (.text:__PCM_setPowerStateAdvanced)
                  00001742    00000002     drivers_msp432p401x.aem4f : PWMTimerMSP432.oem4f (.text:PWMTimerMSP432_init)
                  00001744    00000288                               : PowerMSP432.oem4f (.text:initPerfControl)
                  000019cc    00000270     rtsv7M4_T_le_v4SPD16_eabi.lib : _printfi.c.obj (.text:_pconv_a)
                  00001c3c    00000208     drivers_msp432p401x.aem4f : PWMTimerMSP432.oem4f (.text:PWMTimerMSP432_open)
                  00001e44    000001d0     rtsv7M4_T_le_v4SPD16_eabi.lib : _printfi.c.obj (.text:_pconv_g)
                  00002014    000001b6                                   : fd_add_t2.asm.obj (.text)
                  000021ca    00000002     dpl_msp432p401x.aem4f : PowerMSP432_tirtos.oem4f (.text:PowerMSP432_initPolicy)
                  000021cc    00000190     MSP432_MG995.obj (.text:updateServosX)
                  0000235c    00000160     msp432p4xx_driverlib.lib : adc14.o (.text:_getIndexForMemRegister)
                  000024bc    0000015c                              : pcm.o (.text:__PCM_setPowerModeAdvanced)
                  00002618    0000014c     MSP432_MG995.obj (.text:servoThread)
                  00002764    0000013c     rtsv7M4_T_le_v4SPD16_eabi.lib : _printfi.c.obj (.text:_pconv_e)
                  000028a0    00000136                                   : fd_div_t2.asm.obj (.text)
                  000029d6    00000002     drivers_msp432p401x.aem4f : UARTMSP432.oem4f (.text:UARTMSP432_init)
                  000029d8    00000130     sysbios.aem4f : BIOS.obj (.text:ti_sysbios_knl_Semaphore_pend__E)
                  00002b08    00000124     rtsv7M4_T_le_v4SPD16_eabi.lib : _printfi.c.obj (.text:fcvt)
                  00002c2c    0000011c     msp432p4xx_driverlib.lib : uart.o (.text:UART_initModule)
                  00002d48    00000114     drivers_msp432p401x.aem4f : PWMTimerMSP432.oem4f (.text:PWMTimerMSP432_setPeriod)
                  00002e5c    00000114     rtsv7M4_T_le_v4SPD16_eabi.lib : fputs.c.obj (.text:fputs)
                  00002f70    00000110                                   : s_scalbn.c.obj (.text:scalbn)
                  00003080    00000108     msp432p4xx_driverlib.lib : pcm.o (.text:__PCM_setCoreVoltageLevelAdvanced)
                  00003188    00000108     sysbios.aem4f : BIOS.obj (.text:ti_sysbios_knl_Task_postInit__I)
                  00003290    00000108                   : BIOS.obj (.text:xdc_runtime_Startup_startMods__I)
                  00003398    00000104                   : BIOS.obj (.text:ti_sysbios_knl_Task_Instance_finalize__E)
                  0000349c    000000fc     drivers_msp432p401x.aem4f : ADCMSP432.oem4f (.text:ADCMSP432_convert)
                  00003598    000000fc     msp432_sensors.obj (.text:pressureSensorThread)
                  00003694    000000fc     rtsv7M4_T_le_v4SPD16_eabi.lib : fd_mul_t2.asm.obj (.text)
                  00003790    000000f8     sysbios.aem4f : BIOS.obj (.text:ti_sysbios_family_arm_msp432_init_Boot_configureClocksHigh)
                  00003888    000000f0                   : BIOS.obj (.text:pthread_create)
                  00003978    000000f0                   : m3_Hwi_asm.obj (.text:ti_sysbios_family_arm_m3_Hwi_dispatch__I)
                  00003a68    000000ec     MSP432_MG995.obj (.text:updateServosY)
                  00003b54    000000e4     msp432p4xx_driverlib.lib : cs.o (.text:CS_startHFXTWithTimeout)
                  00003c38    000000e4     sysbios.aem4f : BIOS.obj (.text:ti_sysbios_knl_Task_Instance_init__E)
                  00003d1c    000000e0     msp432p4xx_driverlib.lib : cs.o (.text:CS_startLFXTWithTimeout)
                  00003dfc    000000dc     drivers_msp432p401x.aem4f : UARTMSP432.oem4f (.text:UARTMSP432_readPolling)
                  00003ed8    000000dc     msp432p4xx_driverlib.lib : cs.o (.text:_CSGetHFXTFrequency)
                  00003fb4    000000dc     rtsv7M4_T_le_v4SPD16_eabi.lib : setvbuf.c.obj (.text:setvbuf)
                  00004090    000000d0     sysbios.aem4f : BIOS.obj (.text:ti_sysbios_heaps_HeapMem_alloc__E)
                  00004160    000000cc     msp432_bluetooth.obj (.text:BluetoothReceived)
                  0000422c    000000c4     main_tirtos.obj (.text:main)
                  000042f0    000000c4     sysbios.aem4f : BIOS.obj (.text:ti_sysbios_knl_Task_sleep__E)
                  000043b4    000000c0     drivers_msp432p401x.aem4f : UARTMSP432.oem4f (.text:UARTMSP432_hwiIntFxn)
                  00004474    000000b8                               : UARTMSP432.oem4f (.text:initHw)
                  0000452c    000000b8                               : UARTMSP432.oem4f (.text:readTaskCallback)
                  000045e4    00000004     msp432p4xx_driverlib.lib : cpu.o (.text:CPU_wfi)
                  000045e8    000000b8     sysbios.aem4f : BIOS.obj (.text:ti_sysbios_family_arm_m3_Hwi_Instance_init__E)
                  000046a0    000000b4     msp432p4xx_driverlib.lib : adc14.o (.text:ADC14_configureConversionMemory)
                  00004754    000000b4     drivers_msp432p401x.aem4f : UARTMSP432.oem4f (.text:UARTMSP432_control)
                  00004808    000000b4                               : UARTMSP432.oem4f (.text:UARTMSP432_writePolling)
                  000048bc    000000b1     rtsv7M4_T_le_v4SPD16_eabi.lib : _printfi.c.obj (.text:_ltostr)
                  0000496d    00000001     --HOLE-- [fill = 0]
                  0000496e    00000002                                   : _lock.c.obj (.text:_nop)
                  00004970    000000aa     sysbios.aem4f : BIOS.obj (.text:xdc_runtime_Core_createObject__I)
                  00004a1a    000000a8     drivers_msp432p401x.aem4f : UARTMSP432.oem4f (.text:readTaskBlocking)
                  00004ac2    00000006                               : ADCMSP432.oem4f (.text:ADCMSP432_control)
                  00004ac8    000000a8     sysbios.aem4f : BIOS.obj (.text:ti_sysbios_family_arm_msp432_Timer_periodicStub__E)
                  00004b70    000000a4     drivers_msp432p401x.aem4f : PWMTimerMSP432.oem4f (.text:PWMTimerMSP432_stop)
                  00004c14    00000004     dpl_msp432p401x.aem4f : ClockP_tirtos.oem4f (.text:ClockP_setTimeout)
                  00004c18    000000a4     sysbios.aem4f : BIOS.obj (.text:ti_sysbios_knl_Task_setPri__E)
                  00004cbc    000000a0     drivers_msp432p401x.aem4f : UARTMSP432.oem4f (.text:UARTMSP432_write)
                  00004d5c    000000a0     auto_init.aem4f : auto_init.oem4f (.text)
                  00004dfc    000000a0     msp432_bluetooth.obj (.text:bluetoothThread)
                  00004e9c    000000a0     MSP432_MG995.obj (.text:getUpdate)
                  00004f3c    000000a0     drivers_msp432p401x.aem4f : UARTMSP432.oem4f (.text:readIsrTextCallback)
                  00004fdc    0000009c                               : PowerMSP432.oem4f (.text:Power_init)
                  00005078    0000009c     rtsv7M4_T_le_v4SPD16_eabi.lib : memcpy_t2.asm.obj (.text)
                  00005114    00000096                                   : ull_div_t2.asm.obj (.text)
                  000051aa    00000002                                   : div0.asm.obj (.text)
                  000051ac    00000094     drivers_msp432p401x.aem4f : PWMTimerMSP432.oem4f (.text:PWMTimerMSP432_setDuty)
                  00005240    00000094     sysbios.aem4f : BIOS.obj (.text:_pthread_removeThreadKeys)
                  000052d4    00000004     dpl_msp432p401x.aem4f : ClockP_tirtos.oem4f (.text:ClockP_start)
                  000052d8    00000094     sysbios.aem4f : BIOS.obj (.text:ti_sysbios_family_arm_m3_Hwi_initNVIC__E)
                  0000536c    00000004     dpl_msp432p401x.aem4f : ClockP_tirtos.oem4f (.text:ClockP_stop)
                  00005370    00000094     sysbios.aem4f : BIOS.obj (.text:ti_sysbios_knl_Task_exit__E)
                  00005404    00000092     drivers_msp432p401x.aem4f : UARTMSP432.oem4f (.text:UARTMSP432_close)
                  00005496    00000092                               : UARTMSP432.oem4f (.text:writeData)
                  00005528    00000090     sysbios.aem4f : BIOS.obj (.text:ti_sysbios_knl_Task_Module_startup__E)
                  000055b8    0000008c     drivers_msp432p401x.aem4f : ADCMSP432.oem4f (.text:ADCMSP432_open)
                  00005644    0000008c     rtsv7M4_T_le_v4SPD16_eabi.lib : fputc.c.obj (.text:fputc)
                  000056d0    0000008c     drivers_msp432p401x.aem4f : UARTMSP432.oem4f (.text:readIsrTextBlocking)
                  0000575c    0000008c     sysbios.aem4f : m3_TaskSupport_asm.obj (.text:ti_sysbios_family_arm_m3_TaskSupport_buildTaskStack)
                  000057e8    0000008c                   : BIOS.obj (.text:xdc_runtime_Memory_alloc__E)
                  00005874    00000088     drivers_msp432p401x.aem4f : PWMTimerMSP432.oem4f (.text:PWMTimerMSP432_close)
                  000058fc    00000086     rtsv7M4_T_le_v4SPD16_eabi.lib : fd_cmp_t2.asm.obj (.text:__aeabi_cdcmple)
                  00005982    00000086                                   : fd_cmp_t2.asm.obj (.text:__aeabi_cdrcmple)
                  00005a08    00000086     sysbios.aem4f : BIOS.obj (.text:xdc_runtime_Core_constructObject__I)
                  00005a8e    00000002     release_pem4f.oem4f (.text:ti_sysbios_BIOS_nullFunc__I)
                  00005a90    00000084     msp432p4xx_driverlib.lib : pcm.o (.text:PCM_gotoLPM3)
                  00005b14    00000084     drivers_msp432p401x.aem4f : PWMTimerMSP432.oem4f (.text:PWMTimerMSP432_start)
                  00005b98    00000084                               : PowerMSP432.oem4f (.text:restartHFXT)
                  00005c1c    00000004     dpl_msp432p401x.aem4f : HwiP_tirtos.oem4f (.text:HwiP_disable)
                  00005c20    00000084     sysbios.aem4f : BIOS.obj (.text:ti_sysbios_family_arm_m3_Hwi_postInit__I)
                  00005ca4    00000004     dpl_msp432p401x.aem4f : SemaphoreP_tirtos.oem4f (.text:SemaphoreP_post)
                  00005ca8    00000084     sysbios.aem4f : BIOS.obj (.text:ti_sysbios_heaps_HeapMem_free__E)
                  00005d2c    00000004     rtsv7M4_T_le_v4SPD16_eabi.lib : printf.c.obj (.text:_outc)
                  00005d30    00000080     sysbios.aem4f : BIOS.obj (.text:ti_sysbios_knl_Clock_workFunc__E)
                  00005db0    0000007c     drivers_msp432p401x.aem4f : PWMTimerMSP432.oem4f (.text:setConstraints)
                  00005e2c    0000007a     rtsv7M4_T_le_v4SPD16_eabi.lib : memset_t2.asm.obj (.text)
                  00005ea6    00000002     --HOLE-- [fill = 0]
                  00005ea8    00000078     drivers_msp432p401x.aem4f : TimerMSP432.oem4f (.text:TimerMSP432_allocateTimerResource)
                  00005f20    00000074     rtsv7M4_T_le_v4SPD16_eabi.lib : fclose.c.obj (.text:__TI_closefile)
                  00005f94    00000070     msp432_bluetooth.obj (.text:BluetoothWriteKeyValue)
                  00006004    00000004     rtsv7M4_T_le_v4SPD16_eabi.lib : printf.c.obj (.text:_outs)
                  00006008    00000070     sysbios.aem4f : BIOS.obj (.text:ti_sysbios_heaps_HeapMem_initPrimary__I)
                  00006078    0000006e     rtsv7M4_T_le_v4SPD16_eabi.lib : _printfi.c.obj (.text:_mcpy)
                  000060e6    0000006e                                   : fd_tos_t2.asm.obj (.text)
                  00006154    0000006c                                   : hostrename.c.obj (.text:HOSTrename)
                  000061c0    0000006c     sysbios.aem4f : BIOS.obj (.text:ti_sysbios_knl_Swi_restoreHwi__E)
                  0000622c    0000006a     drivers_msp432p401x.aem4f : PWMTimerMSP432.oem4f (.text:perfChangeNotifyFxn)
                  00006296    00000002     --HOLE-- [fill = 0]
                  00006298    00000068     rtsv7M4_T_le_v4SPD16_eabi.lib : hostlseek.c.obj (.text:HOSTlseek)
                  00006300    00000068     drivers_msp432p401x.aem4f : PowerMSP432.oem4f (.text:PowerMSP432_getFreqs)
                  00006368    00000068                               : UARTMSP432.oem4f (.text:UARTMSP432_writeCancel)
                  000063d0    00000068     rtsv7M4_T_le_v4SPD16_eabi.lib : copy_decompress_lzss.c.obj (.text:decompress:lzss:__TI_decompress_lzss)
                  00006438    00000068     drivers_msp432p401x.aem4f : PWMTimerMSP432.oem4f (.text:initHw)
                  000064a0    00000068     rtsv7M4_T_le_v4SPD16_eabi.lib : printf.c.obj (.text:printf)
                  00006508    00000066     sysbios.aem4f : BIOS.obj (.text:xdc_runtime_Core_deleteObject__I)
                  0000656e    00000002     --HOLE-- [fill = 0]
                  00006570    00000064     rtsv7M4_T_le_v4SPD16_eabi.lib : s_frexp.c.obj (.text:frexp)
                  000065d4    00000064                                   : fseek.c.obj (.text:fseek)
                  00006638    00000064     sysbios.aem4f : BIOS.obj (.text:pthread_exit)
                  0000669c    00000064     MSP432_MG995.obj (.text:setDefaultPosition)
                  00006700    00000064     sysbios.aem4f : BIOS.obj (.text:ti_sysbios_family_arm_m3_Hwi_dispatchC__I)
                  00006764    00000062     rtsv7M4_T_le_v4SPD16_eabi.lib : _io_perm.c.obj (.text:__TI_wrt_ok)
                  000067c6    00000002     --HOLE-- [fill = 0]
                  000067c8    00000060     drivers_msp432p401x.aem4f : ADCMSP432.oem4f (.text:ADCMSP432_convertToMicroVolts)
                  00006828    00000060     rtsv7M4_T_le_v4SPD16_eabi.lib : hostopen.c.obj (.text:HOSTopen)
                  00006888    00000060     sysbios.aem4f : BIOS.obj (.text:ti_sysbios_knl_Semaphore_post__E)
                  000068e8    00000060                   : BIOS.obj (.text:ti_sysbios_knl_Swi_run__I)
                  00006948    0000005e     msp432p4xx_driverlib.lib : pcm.o (.text:PCM_getCoreVoltageLevel)
                  000069a6    00000002     --HOLE-- [fill = 0]
                  000069a8    0000005c     rtsv7M4_T_le_v4SPD16_eabi.lib : close.c.obj (.text:close)
                  00006a04    00000004     release_pem4f.oem4f (.text:ti_sysbios_BIOS_RtsGateProxy_enter__E)
                  00006a08    0000005c     sysbios.aem4f : BIOS.obj (.text:ti_sysbios_knl_Swi_schedule__I)
                  00006a64    00000004     release_pem4f.oem4f (.text:ti_sysbios_BIOS_RtsGateProxy_leave__E)
                  00006a68    0000005c     sysbios.aem4f : BIOS.obj (.text:ti_sysbios_knl_Task_startCore__E)
                  00006ac4    00000004     release_pem4f.oem4f (.text:ti_sysbios_family_arm_m3_Hwi_delete)
                  00006ac8    0000005c     sysbios.aem4f : BIOS.obj (.text:xdc_runtime_Startup_exec__E)
                  00006b24    0000005a     msp432p4xx_driverlib.lib : pcm.o (.text:PCM_getPowerMode)
                  00006b7e    0000005a     drivers_msp432p401x.aem4f : ADCMSP432.oem4f (.text:initHw)
                  00006bd8    00000058     rtsv7M4_T_le_v4SPD16_eabi.lib : hostread.c.obj (.text:HOSTread)
                  00006c30    00000058                                   : hostwrite.c.obj (.text:HOSTwrite)
                  00006c88    00000058     boot.aem4f : boot.oem4f (.text)
                  00006ce0    00000058     drivers_msp432p401x.aem4f : UARTMSP432.oem4f (.text:readIsrBinaryBlocking)
                  00006d38    00000058     sysbios.aem4f : m3_Hwi_asm_switch.obj (.text:ti_sysbios_family_arm_m3_Hwi_initStacks__E)
                  00006d90    00000056     rtsv7M4_T_le_v4SPD16_eabi.lib : _printfi.c.obj (.text:_pconv_f)
                  00006de6    00000002     --HOLE-- [fill = 0]
                  00006de8    00000054     msp432p4xx_driverlib.lib : pcm.o (.text:PCM_shutdownDevice)
                  00006e3c    00000054     drivers_msp432p401x.aem4f : TimerMSP432.oem4f (.text:TimerMSP432_freeTimerResource)
                  00006e90    00000054     rtsv7M4_T_le_v4SPD16_eabi.lib : ltoa.c.obj (.text:ltoa)
                  00006ee4    00000054     release_pem4f.oem4f (.text:ti_sysbios_family_arm_m3_Hwi_create)
                  00006f38    00000054     sysbios.aem4f : BIOS.obj (.text:ti_sysbios_family_arm_msp432_Timer_initDevice__I)
                  00006f8c    00000052     rtsv7M4_T_le_v4SPD16_eabi.lib : _printfi.c.obj (.text:_ecpy)
                  00006fde    00000002     --HOLE-- [fill = 0]
                  00006fe0    00000050     dpl_msp432p401x.aem4f : ClockP_tirtos.oem4f (.text:ClockP_create)
                  00007030    00000050     sysbios.aem4f : BIOS.obj (.text:ti_sysbios_family_arm_m3_Hwi_Module_startup__E)
                  00007080    00000050     release_pem4f.oem4f (.text:ti_sysbios_knl_Task_create)
                  000070d0    0000004c     dpl_msp432p401x.aem4f : PowerMSP432_tirtos.oem4f (.text:PowerMSP432_sleepPolicy)
                  0000711c    0000004c     rtsv7M4_T_le_v4SPD16_eabi.lib : fflush.c.obj (.text:__TI_doflush)
                  00007168    0000004c                                   : atoi.c.obj (.text:atoi)
                  000071b4    0000004c                                   : cpy_tbl.c.obj (.text:copy_in)
                  00007200    0000004c     drivers_msp432p401x.aem4f : UARTMSP432.oem4f (.text:readIsrBinaryCallback)
                  0000724c    00000004     release_pem4f.oem4f (.text:ti_sysbios_family_arm_m3_TaskSupport_Module__startupDone__S)
                  00007250    0000004c     sysbios.aem4f : BIOS.obj (.text:ti_sysbios_family_arm_msp432_Timer_postInit__I)
                  0000729c    00000004     release_pem4f.oem4f (.text:ti_sysbios_heaps_HeapMem_Module_GateProxy_enter__E)
                  000072a0    0000004c     sysbios.aem4f : BIOS.obj (.text:ti_sysbios_family_arm_msp432_Timer_start__E)
                  000072ec    00000004     release_pem4f.oem4f (.text:ti_sysbios_heaps_HeapMem_Module_GateProxy_leave__E)
                  000072f0    0000004c     sysbios.aem4f : BIOS.obj (.text:ti_sysbios_heaps_HeapMem_getStats__E)
                  0000733c    00000004     release_pem4f.oem4f (.text:ti_sysbios_knl_Clock_TimerProxy_getMaxTicks__E)
                  00007340    0000004c     sysbios.aem4f : BIOS.obj (.text:ti_sysbios_knl_Swi_runLoop__I)
                  0000738c    00000004     release_pem4f.oem4f (.text:ti_sysbios_knl_Clock_delete)
                  00007390    0000004c     sysbios.aem4f : BIOS.obj (.text:ti_sysbios_knl_Task_allBlockedFunction__I)
                  000073dc    00000004     release_pem4f.oem4f (.text:ti_sysbios_knl_Semaphore_delete)
                  000073e0    0000004c     sysbios.aem4f : BIOS.obj (.text:ti_sysbios_knl_Task_schedule__I)
                  0000742c    00000048     drivers_msp432p401x.aem4f : PowerMSP432.oem4f (.text:Power_releaseConstraint)
                  00007474    00000048     rtsv7M4_T_le_v4SPD16_eabi.lib : fd_toi_t2.asm.obj (.text)
                  000074bc    00000004     release_pem4f.oem4f (.text:ti_sysbios_knl_Task_delete)
                  000074c0    00000048     sysbios.aem4f : BIOS.obj (.text:ti_sysbios_family_arm_m3_Hwi_disableInterrupt__E)
                  00007508    00000048                   : BIOS.obj (.text:ti_sysbios_family_arm_m3_Hwi_enableInterrupt__E)
                  00007550    00000048                   : BIOS.obj (.text:ti_sysbios_knl_Mailbox_Module_startup__E)
                  00007598    00000048                   : BIOS.obj (.text:xdc_runtime_Core_assignParams__I)
                  000075e0    00000046     drivers_msp432p401x.aem4f : RingBuf.oem4f (.text:RingBuf_put)
                  00007626    00000002     --HOLE-- [fill = 0]
                  00007628    00000044                               : ADC.oem4f (.text:ADC_init)
                  0000766c    00000044     rtsv7M4_T_le_v4SPD16_eabi.lib : hostclose.c.obj (.text:HOSTclose)
                  000076b0    00000044                                   : hostunlink.c.obj (.text:HOSTunlink)
                  000076f4    00000044     drivers_msp432p401x.aem4f : PWM.oem4f (.text:PWM_init)
                  00007738    00000044                               : UART.oem4f (.text:UART_init)
                  0000777c    00000044     rtsv7M4_T_le_v4SPD16_eabi.lib : getdevice.c.obj (.text:getdevice)
                  000077c0    00000044     sysbios.aem4f : BIOS.obj (.text:ti_sysbios_family_arm_m3_Hwi_getStackInfo__E)
                  00007804    00000004     release_pem4f.oem4f (.text:xdc_runtime_System_Module_GateProxy_enter__E)
                  00007808    00000044     sysbios.aem4f : BIOS.obj (.text:ti_sysbios_knl_Swi_post__E)
                  0000784c    00000040     drivers_msp432p401x.aem4f : ADCMSP432.oem4f (.text:ADCMSP432_close)
                  0000788c    00000040                               : ADC.oem4f (.text:ADC_open)
                  000078cc    00000040     dpl_msp432p401x.aem4f : HwiP_tirtos.oem4f (.text:HwiP_create)
                  0000790c    00000040     drivers_msp432p401x.aem4f : PWM.oem4f (.text:PWM_open)
                  0000794c    00000040                               : RingBuf.oem4f (.text:RingBuf_get)
                  0000798c    00000040                               : UARTMSP432.oem4f (.text:UARTMSP432_read)
                  000079cc    00000040                               : UART.oem4f (.text:UART_open)
                  00007a0c    00000040                               : PWMTimerMSP432.oem4f (.text:getDutyCounts)
                  00007a4c    00000040                               : PWMTimerMSP432.oem4f (.text:getPeriodCounts)
                  00007a8c    00000040                               : UARTMSP432.oem4f (.text:perfChangeNotifyFxn)
                  00007acc    00000040     rtsv7M4_T_le_v4SPD16_eabi.lib : sprintf.c.obj (.text:sprintf)
                  00007b0c    00000040                                   : strtok.c.obj (.text:strtok)
                  00007b4c    00000004     release_pem4f.oem4f (.text:xdc_runtime_System_Module_GateProxy_leave__E)
                  00007b50    00000040     sysbios.aem4f : BIOS.obj (.text:ti_sysbios_family_arm_msp432_Timer_Module_startup__E)
                  00007b90    00000040                   : BIOS.obj (.text:ti_sysbios_family_arm_msp432_Timer_startup__E)
                  00007bd0    00000040                   : BIOS.obj (.text:ti_sysbios_heaps_HeapMem_Instance_init__E)
                  00007c10    00000040                   : BIOS.obj (.text:ti_sysbios_knl_Clock_Instance_init__E)
                  00007c50    00000040     MSP432_MG995.obj (.text:updateServosC)
                  00007c90    0000003e     rtsv7M4_T_le_v4SPD16_eabi.lib : _printfi.c.obj (.text:_fcpy)
                  00007cce    00000002     --HOLE-- [fill = 0]
                  00007cd0    0000003c     dpl_msp432p401x.aem4f : SemaphoreP_tirtos.oem4f (.text:SemaphoreP_create)
                  00007d0c    00000004     --HOLE-- [fill = 0]
                  00007d10    0000003c     sysbios.aem4f : BIOS.obj (.text:sleep)
                  00007d4c    00000004     --HOLE-- [fill = 0]
                  00007d50    0000003c                   : BIOS.obj (.text:ti_sysbios_family_arm_m3_Hwi_Instance_finalize__E)
                  00007d8c    00000004     --HOLE-- [fill = 0]
                  00007d90    0000003c                   : BIOS.obj (.text:ti_sysbios_family_arm_msp432_Seconds_Module_startup__E)
                  00007dcc    0000003c     release_pem4f.oem4f (.text:ti_sysbios_knl_Clock_create)
                  00007e08    0000003c     sysbios.aem4f : BIOS.obj (.text:ti_sysbios_knl_Swi_restore__E)
                  00007e44    00000038     drivers_msp432p401x.aem4f : PowerMSP432.oem4f (.text:Power_setConstraint)
                  00007e7c    00000038     rtsv7M4_T_le_v4SPD16_eabi.lib : trgmsg.c.obj (.text:__TI_writemsg)
                  00007eb4    00000038     drivers_msp432p401x.aem4f : PowerMSP432.oem4f (.text:notify)
                  00007eec    00000038     rtsv7M4_T_le_v4SPD16_eabi.lib : fs_tod_t2.asm.obj (.text)
                  00007f24    00000004     --HOLE-- [fill = 0]
                  00007f28    00000038     sysbios.aem4f : BIOS.obj (.text:xdc_runtime_System_atexit__E)
                  00007f60    00000036     drivers_msp432p401x.aem4f : UARTMSP432.oem4f (.text:UARTMSP432_readCancel)
                  00007f96    00000036     rtsv7M4_T_le_v4SPD16_eabi.lib : strncpy.c.obj (.text:strncpy)
                  00007fcc    00000034                                   : fopen.c.obj (.text:__TI_cleanup)
                  00008000    00000034                                   : trgmsg.c.obj (.text:__TI_readmsg)
                  00008034    00000034     release_pem4f.oem4f (.text:ti_sysbios_knl_Semaphore_create)
                  00008068    00000032     sysbios.aem4f : BIOS.obj (.text:ti_sysbios_hal_Hwi_initStack)
                  0000809a    00000002     --HOLE-- [fill = 0]
                  0000809c    00000030     drivers_msp432p401x.aem4f : ADCMSP432.oem4f (.text:ADCMSP432_init)
                  000080cc    00000030     rtsv7M4_T_le_v4SPD16_eabi.lib : getdevice.c.obj (.text:finddevice)
                  000080fc    00000030     drivers_msp432p401x.aem4f : PWMTimerMSP432.oem4f (.text:mapPin)
                  0000812c    00000030                               : UARTMSP432.oem4f (.text:mapPin)
                  0000815c    00000030     release_pem4f.oem4f (.text:ti_sysbios_BIOS_atExitFunc__I)
                  0000818c    00000030     release_pem4f.oem4f (.text:ti_sysbios_BIOS_startFunc__I)
                  000081bc    00000004     --HOLE-- [fill = 0]
                  000081c0    00000030     sysbios.aem4f : BIOS.obj (.text:ti_sysbios_family_arm_m3_TaskSupport_start__E)
                  000081f0    00000030     release_pem4f.oem4f (.text:ti_sysbios_gates_GateHwi_Object__create__S)
                  00008220    00000030     release_pem4f.oem4f (.text:ti_sysbios_gates_GateMutex_Object__create__S)
                  00008250    00000030     sysbios.aem4f : BIOS.obj (.text:ti_sysbios_gates_GateMutex_enter__E)
                  00008280    00000030     release_pem4f.oem4f (.text:ti_sysbios_heaps_HeapMem_Object__create__S)
                  000082b0    00000030     sysbios.aem4f : BIOS.obj (.text:ti_sysbios_knl_Mailbox_postInit__I)
                  000082e0    00000030     release_pem4f.oem4f (.text:ti_sysbios_knl_Semaphore_construct)
                  00008310    00000030     sysbios.aem4f : BIOS.obj (.text:ti_sysbios_knl_Semaphore_pendTimeout__I)
                  00008340    00000030                   : BIOS.obj (.text:ti_sysbios_knl_Task_processVitalTaskFlag__I)
                  00008370    00000030                   : BIOS.obj (.text:ti_sysbios_knl_Task_restore__E)
                  000083a0    00000030                   : BIOS.obj (.text:ti_sysbios_knl_Task_unblockI__E)
                  000083d0    00000030                   : BIOS.obj (.text:xdc_runtime_System_processAtExit__E)
                  00008400    0000002e                   : BIOS.obj (.text:pthread_setcancelstate)
                  0000842e    0000002e     rtsv7M4_T_le_v4SPD16_eabi.lib : i_tofd_t2.asm.obj (.text)
                  0000845c    0000002e     release_pem4f.oem4f (.text:ti_sysbios_rts_MemAlloc_alloc)
                  0000848a    0000002c     dpl_msp432p401x.aem4f : PowerMSP432_tirtos.oem4f (.text:PowerMSP432_updateFreqs)
                  000084b6    00000002     --HOLE-- [fill = 0]
                  000084b8    0000002c     msp432p4xx_driverlib.lib : rtc_c.o (.text:RTC_C_holdClock)
                  000084e4    0000002c     dpl_msp432p401x.aem4f : SemaphoreP_tirtos.oem4f (.text:SemaphoreP_createBinary)
                  00008510    0000002c     sysbios.aem4f : BIOS.obj (.text:_pthread_cleanupFxn)
                  0000853c    00000004     --HOLE-- [fill = 0]
                  00008540    0000002c                   : BIOS.obj (.text:_pthread_delete$43)
                  0000856c    0000002c     release_pem4f.oem4f (.text:ti_sysbios_gates_GateHwi_Handle__label__S)
                  00008598    0000002c     release_pem4f.oem4f (.text:ti_sysbios_gates_GateMutex_Handle__label__S)
                  000085c4    0000002c     release_pem4f.oem4f (.text:ti_sysbios_heaps_HeapMem_Handle__label__S)
                  000085f0    0000002c     release_pem4f.oem4f (.text:ti_sysbios_knl_Clock_doTick__I)
                  0000861c    0000002c     release_pem4f.oem4f (.text:ti_sysbios_knl_Queue_construct)
                  00008648    0000002c     rtsv7M4_T_le_v4SPD16_eabi.lib : unlink.c.obj (.text:unlink)
                  00008674    00000004     --HOLE-- [fill = 0]
                  00008678    0000002a     sysbios.aem4f : BIOS.obj (.text:sem_init)
                  000086a2    0000002a     rtsv7M4_T_le_v4SPD16_eabi.lib : strspn.c.obj (.text:strspn)
                  000086cc    00000028     msp432p4xx_driverlib.lib : adc14.o (.text:ADC14_getResult)
                  000086f4    00000028                              : pcm.o (.text:PCM_gotoLPM0)
                  0000871c    00000028     drivers_msp432p401x.aem4f : PowerMSP432.oem4f (.text:Power_registerNotify)
                  00008744    00000028                               : PowerMSP432.oem4f (.text:disableFaultCounter)
                  0000876c    00000028                               : PowerMSP432.oem4f (.text:disableHFXT)
                  00008794    00000028                               : UARTMSP432.oem4f (.text:findBaudDividerIndex)
                  000087bc    00000028     rtsv7M4_T_le_v4SPD16_eabi.lib : lseek.c.obj (.text:lseek)
                  000087e4    00000028     sysbios.aem4f : m3_Hwi_asm.obj (.text:ti_sysbios_family_arm_m3_Hwi_excHandlerAsm__I)
                  0000880c    00000004     --HOLE-- [fill = 0]
                  00008810    00000028                   : BIOS.obj (.text:ti_sysbios_knl_Clock_addI__E)
                  00008838    00000028                   : BIOS.obj (.text:ti_sysbios_knl_Swi_Module_startup__E)
                  00008860    00000028     rtsv7M4_T_le_v4SPD16_eabi.lib : write.c.obj (.text:write)
                  00008888    00000026     drivers_msp432p401x.aem4f : List.oem4f (.text:List_put)
                  000088ae    00000026                               : List.oem4f (.text:List_remove)
                  000088d4    00000026                               : PWMTimerMSP432.oem4f (.text:releaseConstraints)
                  000088fa    00000026     sysbios.aem4f : m3_Hwi_asm.obj (.text:ti_sysbios_family_arm_m3_Hwi_pendSV__I)
                  00008920    00000024     msp432p4xx_driverlib.lib : wdt_a.o (.text:WDT_A_holdTimer)
                  00008944    00000004     --HOLE-- [fill = 0]
                  00008948    00000024     sysbios.aem4f : BIOS.obj (.text:pthread_attr_init)
                  0000896c    00000024     rtsv7M4_T_le_v4SPD16_eabi.lib : strcspn.c.obj (.text:strcspn)
                  00008990    00000024     release_pem4f.oem4f (.text:ti_sysbios_BIOS_registerRTSLock__I)
                  000089b4    00000024     release_pem4f.oem4f (.text:ti_sysbios_BIOS_removeRTSLock__I)
                  000089d8    00000024     sysbios.aem4f : BIOS.obj (.text:ti_sysbios_family_arm_msp432_ClockFreqs_setFrequency__E)
                  000089fc    00000024     release_pem4f.oem4f (.text:ti_sysbios_gates_GateMutex_Object__delete__S)
                  00008a20    00000024     sysbios.aem4f : BIOS.obj (.text:ti_sysbios_knl_Clock_Module_startup__E)
                  00008a44    00000024     release_pem4f.oem4f (.text:ti_sysbios_knl_Clock_Object__delete__S)
                  00008a68    00000024     sysbios.aem4f : BIOS.obj (.text:ti_sysbios_knl_Clock_start__E)
                  00008a8c    00000004     --HOLE-- [fill = 0]
                  00008a90    00000024                   : BIOS.obj (.text:ti_sysbios_knl_Semaphore_Instance_init__E)
                  00008ab4    00000024     release_pem4f.oem4f (.text:ti_sysbios_knl_Semaphore_Object__delete__S)
                  00008ad8    00000024     sysbios.aem4f : BIOS.obj (.text:ti_sysbios_knl_Task_restoreHwi__E)
                  00008afc    00000004     --HOLE-- [fill = 0]
                  00008b00    00000024                   : BIOS.obj (.text:xdc_runtime_Error_policyMin__E)
                  00008b24    00000020     msp432p4xx_driverlib.lib : cs.o (.text:CS_setExternalClockSourceFrequency)
                  00008b44    00000020     drivers_msp432p401x.aem4f : PowerMSP432.oem4f (.text:Power_unregisterNotify)
                  00008b64    00000020                               : RingBuf.oem4f (.text:RingBuf_peek)
                  00008b84    00000020     rtsv7M4_T_le_v4SPD16_eabi.lib : memchr.c.obj (.text:memchr)
                  00008ba4    00000020     release_pem4f.oem4f (.text:ti_sysbios_BIOS_rtsLock__I)
                  00008bc4    00000020     release_pem4f.oem4f (.text:ti_sysbios_family_arm_m3_Hwi_Object__delete__S)
                  00008be4    00000020     release_pem4f.oem4f (.text:ti_sysbios_gates_GateHwi_Object__delete__S)
                  00008c04    00000020     release_pem4f.oem4f (.text:ti_sysbios_heaps_HeapMem_Object__delete__S)
                  00008c24    00000004     --HOLE-- [fill = 0]
                  00008c28    00000020     sysbios.aem4f : BIOS.obj (.text:ti_sysbios_knl_Idle_run__E)
                  00008c48    00000020     release_pem4f.oem4f (.text:ti_sysbios_knl_Semaphore_destruct)
                  00008c68    00000020     release_pem4f.oem4f (.text:ti_sysbios_knl_Task_Object__delete__S)
                  00008c88    0000001e     drivers_msp432p401x.aem4f : PWMTimerMSP432.oem4f (.text:corroboratePeriod)
                  00008ca6    0000001e     sysbios.aem4f : m3_Hwi_asm_switch.obj (.text:ti_sysbios_family_xxx_Hwi_switchAndRunFunc)
                  00008cc4    0000001c     rtsv7M4_T_le_v4SPD16_eabi.lib : memccpy.c.obj (.text:memccpy)
                  00008ce0    0000001c     sysbios.aem4f : BIOS.obj (.text:ti_sysbios_family_arm_m3_Hwi_excHandler__I)
                  00008cfc    00000004     --HOLE-- [fill = 0]
                  00008d00    0000001c                   : BIOS.obj (.text:ti_sysbios_gates_GateMutex_Instance_init__E)
                  00008d1c    00000004     --HOLE-- [fill = 0]
                  00008d20    0000001c                   : BIOS.obj (.text:ti_sysbios_knl_Clock_Instance_finalize__E)
                  00008d3c    0000001c     release_pem4f.oem4f (.text:ti_sysbios_knl_Queue_destruct)
                  00008d58    0000001c     sysbios.aem4f : BIOS.obj (.text:ti_sysbios_knl_Queue_put__E)
                  00008d74    00000004     --HOLE-- [fill = 0]
                  00008d78    0000001c                   : BIOS.obj (.text:ti_sysbios_knl_Task_enter__I)
                  00008d94    00000004     --HOLE-- [fill = 0]
                  00008d98    0000001c                   : BIOS.obj (.text:ti_sysbios_rts_ti_ReentSupport_getReent__F)
                  00008db4    00000004     --HOLE-- [fill = 0]
                  00008db8    0000001c                   : BIOS.obj (.text:xdc_runtime_Memory_valloc__E)
                  00008dd4    00000004     --HOLE-- [fill = 0]
                  00008dd8    0000001c                   : BIOS.obj (.text:xdc_runtime_System_abort__E)
                  00008df4    0000001a     rtsv7M4_T_le_v4SPD16_eabi.lib : s_copysign.c.obj (.text:copysign)
                  00008e0e    0000001a     release_pem4f.oem4f (.text:free)
                  00008e28    00000018     release_pem4f.oem4f (.text:.bootCodeSection:ti_sysbios_family_arm_msp432_init_Boot_init__I)
                  00008e40    00000018     msp432p4xx_driverlib.lib : sysctl_a.o (.text:SysCtl_A_disableNMISource)
                  00008e58    00000018                              : sysctl_a.o (.text:SysCtl_A_enableNMISource)
                  00008e70    00000018     drivers_msp432p401x.aem4f : UART.oem4f (.text:UART_Params_init)
                  00008e88    00000018     rtsv7M4_T_le_v4SPD16_eabi.lib : args_main.c.obj (.text:_args_main)
                  00008ea0    00000018                                   : sprintf.c.obj (.text:_outs)
                  00008eb8    00000018     drivers_msp432p401x.aem4f : PWMTimerMSP432.oem4f (.text:corroborateDuty)
                  00008ed0    00000018     rtsv7M4_T_le_v4SPD16_eabi.lib : strcmp.c.obj (.text:strcmp)
                  00008ee8    00000018     release_pem4f.oem4f (.text:ti_sysbios_BIOS_rtsUnlock__I)
                  00008f00    00000018     release_pem4f.oem4f (.text:ti_sysbios_family_arm_m3_Hwi_Module__startupDone__F)
                  00008f18    00000018     sysbios.aem4f : m3_TaskSupport_asm.obj (.text:ti_sysbios_family_arm_m3_TaskSupport_swap__E)
                  00008f30    00000018     release_pem4f.oem4f (.text:ti_sysbios_family_arm_msp432_Timer_Module__startupDone__F)
                  00008f48    00000018     sysbios.aem4f : BIOS.obj (.text:ti_sysbios_gates_GateMutex_leave__E)
                  00008f60    00000018                   : BIOS.obj (.text:ti_sysbios_knl_Task_sleepTimeout__I)
                  00008f78    00000018     release_pem4f.oem4f (.text:ti_sysbios_rts_ti_ReentSupport_getTlsAddr__I)
                  00008f90    00000018     sysbios.aem4f : BIOS.obj (.text:xdc_runtime_Error_init__E)
                  00008fa8    00000018                   : BIOS.obj (.text:xdc_runtime_System_exit__E)
                  00008fc0    00000016     rtsv7M4_T_le_v4SPD16_eabi.lib : strchr.c.obj (.text:strchr)
                  00008fd6    00000016     release_pem4f.oem4f (.text:ti_sysbios_BIOS_exitFunc__I)
                  00008fec    00000004     --HOLE-- [fill = 0]
                  00008ff0    00000016     sysbios.aem4f : BIOS.obj (.text:ti_sysbios_knl_Task_unblock__E)
                  00009006    00000002     --HOLE-- [fill = 0]
                  00009008    00000014     msp432p4xx_driverlib.lib : pcm.o (.text:PCM_getPowerState)
                  0000901c    00000014     drivers_msp432p401x.aem4f : PWM.oem4f (.text:PWM_Params_init)
                  00009030    00000014                               : PowerMSP432.oem4f (.text:Power_idleFunc)
                  00009044    00000014                               : UARTMSP432.oem4f (.text:clearTXCPTIFG)
                  00009058    00000014     sysbios.aem4f : BIOS.obj (.text:pthread_attr_setschedparam)
                  0000906c    00000014     rtsv7M4_T_le_v4SPD16_eabi.lib : strcpy.c.obj (.text:strcpy)
                  00009080    00000014                                   : strlen.c.obj (.text:strlen)
                  00009094    00000014     release_pem4f.oem4f (.text:ti_sysbios_family_arm_m3_Hwi_Object__get__S)
                  000090a8    00000014     sysbios.aem4f : BIOS.obj (.text:ti_sysbios_family_arm_m3_Hwi_switchFromBootStack__E)
                  000090bc    00000014     release_pem4f.oem4f (.text:ti_sysbios_heaps_HeapMem_Object__get__S)
                  000090d0    00000014     release_pem4f.oem4f (.text:ti_sysbios_knl_Swi_Object__get__S)
                  000090e4    00000012     drivers_msp432p401x.aem4f : RingBuf.oem4f (.text:RingBuf_construct)
                  000090f6    00000012     dpl_msp432p401x.aem4f : SemaphoreP_tirtos.oem4f (.text:SemaphoreP_pend)
                  00009108    00000012     sysbios.aem4f : BIOS.obj (.text:_pthread_cleanup_pop)
                  0000911a    00000006     drivers_msp432p401x.aem4f : PWMTimerMSP432.oem4f (.text:PWMTimerMSP432_control)
                  00009120    00000012     sysbios.aem4f : BIOS.obj (.text:_pthread_runStub$43)
                  00009132    00000012     rtsv7M4_T_le_v4SPD16_eabi.lib : atof.c.obj (.text:atof)
                  00009144    00000004     --HOLE-- [fill = 0]
                  00009148    00000012     sysbios.aem4f : BIOS.obj (.text:ti_sysbios_hal_Hwi_Module_startup__E)
                  0000915a    00000012     rtsv7M4_T_le_v4SPD16_eabi.lib : wcslen.c.obj (.text:wcslen)
                  0000916c    00000012     release_pem4f.oem4f (.text:xdc_runtime_Startup_exec__I)
                  0000917e    00000002     --HOLE-- [fill = 0]
                  00009180    00000010     msp432p4xx_driverlib.lib : adc14.o (.text:ADCIsConversionRunning)
                  00009190    00000010     dpl_msp432p401x.aem4f : HwiP_tirtos.oem4f (.text:HwiP_Params_init)
                  000091a0    00000010     msp432p4xx_driverlib.lib : pcm.o (.text:PCM_gotoLPM4)
                  000091b0    00000010                              : pcm.o (.text:PCM_setPowerMode)
                  000091c0    00000010                              : pcm.o (.text:PCM_setPowerState)
                  000091d0    00000010     drivers_msp432p401x.aem4f : PowerMSP432.oem4f (.text:PowerMSP432_getNumPerfLevels)
                  000091e0    00000010     msp432p4xx_driverlib.lib : sysctl_a.o (.text:SysCtl_A_getNMISourceStatus)
                  000091f0    00000010                              : sysctl.o (.text:SysCtl_getNMISourceStatus)
                  00009200    00000010     drivers_msp432p401x.aem4f : UARTMSP432.oem4f (.text:readBlockingTimeout)
                  00009210    00000010     sysbios.aem4f : BIOS.obj (.text:ti_sysbios_BIOS_exit__E)
                  00009220    00000010                   : BIOS.obj (.text:ti_sysbios_BIOS_setCpuFreq__E)
                  00009230    00000010                   : BIOS.obj (.text:ti_sysbios_BIOS_setThreadType__E)
                  00009240    00000010                   : BIOS.obj (.text:ti_sysbios_BIOS_start__E)
                  00009250    00000010                   : m3_TaskSupport_asm.obj (.text:ti_sysbios_family_arm_m3_TaskSupport_glue)
                  00009260    00000010                   : BIOS.obj (.text:ti_sysbios_family_arm_msp432_init_Boot_disableWatchdog)
                  00009270    00000010                   : BIOS.obj (.text:ti_sysbios_gates_GateMutex_Instance_finalize__E)
                  00009280    00000010     release_pem4f.oem4f (.text:ti_sysbios_knl_Mailbox_Object__get__S)
                  00009290    00000010     sysbios.aem4f : BIOS.obj (.text:ti_sysbios_knl_Semaphore_Instance_finalize__E)
                  000092a0    00000010                   : BIOS.obj (.text:ti_sysbios_knl_Swi_disable__E)
                  000092b0    00000010     release_pem4f.oem4f (.text:ti_sysbios_knl_Task_Object__get__S)
                  000092c0    00000010     sysbios.aem4f : BIOS.obj (.text:ti_sysbios_knl_Task_disable__E)
                  000092d0    00000010                   : BIOS.obj (.text:xdc_runtime_Gate_leaveSystem__E)
                  000092e0    00000010                   : BIOS.obj (.text:xdc_runtime_Memory_free__E)
                  000092f0    00000010                   : BIOS.obj (.text:xdc_runtime_SysCallback_abort__E)
                  00009300    00000010                   : BIOS.obj (.text:xdc_runtime_SysCallback_exit__E)
                  00009310    0000000e     rtsv7M4_T_le_v4SPD16_eabi.lib : copy_decompress_none.c.obj (.text:decompress:none:__TI_decompress_none)
                  0000931e    00000002     --HOLE-- [fill = 0]
                  00009320    0000000e     sysbios.aem4f : BIOS.obj (.text:pthread_attr_setdetachstate)
                  0000932e    00000002     --HOLE-- [fill = 0]
                  00009330    0000000e                   : BIOS.obj (.text:sem_wait)
                  0000933e    00000002     --HOLE-- [fill = 0]
                  00009340    0000000e                   : BIOS.obj (.text:ti_sysbios_knl_Idle_loop__E)
                  0000934e    00000002     --HOLE-- [fill = 0]
                  00009350    0000000e                   : BIOS.obj (.text:ti_sysbios_knl_Queue_empty__E)
                  0000935e    0000000c     ti_drivers_config.obj (.text:Board_init)
                  0000936a    0000000c     msp432p4xx_driverlib.lib : cpu.o (.text:CPU_cpsid)
                  00009376    0000000c                              : cpu.o (.text:CPU_cpsie)
                  00009382    0000000c     dpl_msp432p401x.aem4f : ClockP_tirtos.oem4f (.text:ClockP_delete)
                  0000938e    0000000c                           : HwiP_tirtos.oem4f (.text:HwiP_delete)
                  0000939a    00000002     --HOLE-- [fill = 0]
                  0000939c    0000000c     drivers_msp432p401x.aem4f : PowerMSP432.oem4f (.text:Power_getConstraintMask)
                  000093a8    0000000c                               : PowerMSP432.oem4f (.text:Power_getPerformanceLevel)
                  000093b4    0000000c     dpl_msp432p401x.aem4f : SemaphoreP_tirtos.oem4f (.text:SemaphoreP_delete)
                  000093c0    0000000c     rtsv7M4_T_le_v4SPD16_eabi.lib : _lock.c.obj (.text:_register_lock)
                  000093cc    0000000c                                   : _lock.c.obj (.text:_register_unlock)
                  000093d8    0000000c                                   : copy_zero_init.c.obj (.text:decompress:ZI:__TI_zero_init)
                  000093e4    00000004     --HOLE-- [fill = 0]
                  000093e8    0000000c     sysbios.aem4f : BIOS.obj (.text:pthread_self)
                  000093f4    0000000c     release_pem4f.oem4f (.text:ti_sysbios_family_arm_m3_Hwi_Params__init__S)
                  00009400    0000000c     sysbios.aem4f : BIOS.obj (.text:ti_sysbios_family_arm_m3_Hwi_disableFxn__E)
                  0000940c    00000004     --HOLE-- [fill = 0]
                  00009410    0000000c                   : BIOS.obj (.text:ti_sysbios_family_arm_m3_TaskSupport_getStackAlignment__E)
                  0000941c    00000004     --HOLE-- [fill = 0]
                  00009420    0000000c                   : BIOS.obj (.text:ti_sysbios_family_arm_msp432_Timer_getMaxTicks__E)
                  0000942c    00000004     --HOLE-- [fill = 0]
                  00009430    0000000c                   : BIOS.obj (.text:ti_sysbios_gates_GateHwi_enter__E)
                  0000943c    0000000c     release_pem4f.oem4f (.text:ti_sysbios_knl_Clock_Params__init__S)
                  00009448    0000000c     release_pem4f.oem4f (.text:ti_sysbios_knl_Queue_Object__get__S)
                  00009454    0000000c     release_pem4f.oem4f (.text:ti_sysbios_knl_Semaphore_Params__init__S)
                  00009460    0000000c     release_pem4f.oem4f (.text:ti_sysbios_knl_Task_Params__init__S)
                  0000946c    00000004     --HOLE-- [fill = 0]
                  00009470    0000000c     sysbios.aem4f : BIOS.obj (.text:ti_sysbios_knl_Task_self__E)
                  0000947c    00000004     --HOLE-- [fill = 0]
                  00009480    0000000c                   : BIOS.obj (.text:ti_sysbios_rts_ti_ReentSupport_taskRegHook__I)
                  0000948c    00000004     --HOLE-- [fill = 0]
                  00009490    0000000c                   : BIOS.obj (.text:xdc_runtime_Gate_enterSystem__E)
                  0000949c    00000004     --HOLE-- [fill = 0]
                  000094a0    0000000c                   : BIOS.obj (.text:xdc_runtime_Startup_rtsDone__E)
                  000094ac    0000000a     drivers_msp432p401x.aem4f : ADC.oem4f (.text:ADC_Params_init)
                  000094b6    0000000a                               : ADC.oem4f (.text:ADC_convert)
                  000094c0    0000000a     dpl_msp432p401x.aem4f : ClockP_tirtos.oem4f (.text:ClockP_Params_init)
                  000094ca    0000000a     drivers_msp432p401x.aem4f : PWM.oem4f (.text:PWM_setDuty)
                  000094d4    0000000a                               : PWM.oem4f (.text:PWM_start)
                  000094de    0000000a                               : UART.oem4f (.text:UART_read)
                  000094e8    0000000a                               : UART.oem4f (.text:UART_write)
                  000094f2    0000000a     rtsv7M4_T_le_v4SPD16_eabi.lib : sprintf.c.obj (.text:_outc)
                  000094fc    00000004     --HOLE-- [fill = 0]
                  00009500    0000000a     sysbios.aem4f : BIOS.obj (.text:sem_post)
                  0000950a    0000000a     release_pem4f.oem4f (.text:xdc_runtime_IHeap_alloc)
                  00009514    0000000a     release_pem4f.oem4f (.text:xdc_runtime_IHeap_free)
                  0000951e    00000008     dpl_msp432p401x.aem4f : SemaphoreP_tirtos.oem4f (.text:SemaphoreP_Params_init)
                  00009526    00000002     --HOLE-- [fill = 0]
                  00009528    00000008     sysbios.aem4f : BIOS.obj (.text:pthread_attr_setstacksize)
                  00009530    00000008     drivers_msp432p401x.aem4f : UARTMSP432.oem4f (.text:readSemCallback)
                  00009538    00000008     sysbios.aem4f : BIOS.obj (.text:ti_sysbios_family_arm_m3_Hwi_doSwiRestore__I)
                  00009540    00000008                   : BIOS.obj (.text:ti_sysbios_family_arm_m3_Hwi_startup__E)
                  00009548    00000008     drivers_msp432p401x.aem4f : UARTMSP432.oem4f (.text:txcptEnabledStatus)
                  00009550    00000008                               : UARTMSP432.oem4f (.text:writeSemCallback)
                  00009558    00000006                               : PWMTimerMSP432.oem4f (.text:PWMTimerMSP432_setDutyAndPeriod)
                  0000955e    00000002     --HOLE-- [fill = 0]
                  00009560    00000006     sysbios.aem4f : BIOS.obj (.text:ti_sysbios_family_arm_m3_Hwi_doTaskRestore__I)
                  00009566    00000002     --HOLE-- [fill = 0]
                  00009568    00000006                   : BIOS.obj (.text:ti_sysbios_family_arm_m3_Hwi_restoreFxn__E)
                  0000956e    00000002     --HOLE-- [fill = 0]
                  00009570    00000006                   : BIOS.obj (.text:ti_sysbios_gates_GateHwi_leave__E)
                  00009576    00000002     --HOLE-- [fill = 0]
                  00009578    00000006                   : BIOS.obj (.text:ti_sysbios_heaps_HeapMem_isBlocking__E)
                  0000957e    00000002     --HOLE-- [fill = 0]
                  00009580    00000006                   : BIOS.obj (.text:ti_sysbios_knl_Clock_stop__E)
                  00009586    00000002     --HOLE-- [fill = 0]
                  00009588    00000006                   : BIOS.obj (.text:ti_sysbios_knl_Queue_Instance_init__E)
                  0000958e    00000002     --HOLE-- [fill = 0]
                  00009590    00000006                   : BIOS.obj (.text:ti_sysbios_knl_Swi_startup__E)
                  00009596    00000002     --HOLE-- [fill = 0]
                  00009598    00000006                   : BIOS.obj (.text:xdc_runtime_System_Module_startup__E)
                  0000959e    00000002     --HOLE-- [fill = 0]
                  000095a0    00000004                   : BIOS.obj (.text:__aeabi_errno_addr)
                  000095a4    00000004     --HOLE-- [fill = 0]
                  000095a8    00000004                   : BIOS.obj (.text:ti_sysbios_gates_GateHwi_query__E)
                  000095ac    00000004     --HOLE-- [fill = 0]
                  000095b0    00000004                   : BIOS.obj (.text:ti_sysbios_gates_GateMutex_query__E)
                  000095b4    00000004     --HOLE-- [fill = 0]
                  000095b8    00000004                   : BIOS.obj (.text:ti_sysbios_knl_Clock_setTimeout__E)
                  000095bc    00000004     --HOLE-- [fill = 0]
                  000095c0    00000004                   : BIOS.obj (.text:ti_sysbios_knl_Task_startup__E)
                  000095c4    00000004     --HOLE-- [fill = 0]
                  000095c8    00000002                   : BIOS.obj (.text:ti_sysbios_BIOS_linkedWithIncorrectBootLibrary__E)
                  000095ca    00000006     --HOLE-- [fill = 0]
                  000095d0    00000002                   : BIOS.obj (.text:ti_sysbios_gates_GateHwi_Instance_init__E)
                  000095d2    00000006     --HOLE-- [fill = 0]
                  000095d8    00000002                   : BIOS.obj (.text:ti_sysbios_knl_Clock_logTick__E)
                  000095da    00000006     --HOLE-- [fill = 0]
                  000095e0    00000002                   : BIOS.obj (.text:xdc_runtime_SysCallback_defaultAbort)
                  000095e2    00000006     --HOLE-- [fill = 0]
                  000095e8    00000002                   : BIOS.obj (.text:xdc_runtime_SysCallback_defaultExit)
                  000095ea    00000006     --HOLE-- [fill = 0]
                  000095f0    00000002                   : BIOS.obj (.text:xdc_runtime_System_abortSpin__E)
                  000095f2    00000006     --HOLE-- [fill = 0]
                  000095f8    00000002                   : BIOS.obj (.text:xdc_runtime_System_exitSpin__E)

.const     0    00009600    0000085b     
                  00009600    00000101     rtsv7M4_T_le_v4SPD16_eabi.lib : ctype.c.obj (.const:.string:_ctypes_)
                  00009701    00000005     drivers_msp432p401x.aem4f : UARTMSP432.oem4f (.const:.string:parityTypes)
                  00009706    00000002     release_pem4f.oem4f (.const:ti_sysbios_family_arm_m3_Hwi_Module__id__C)
                  00009708    000000c8     rtsv7M4_T_le_v4SPD16_eabi.lib : strtod.c.obj (.const:$O1$$)
                  000097d0    00000080     msp432p4xx_driverlib.lib : adc14.o (.const:_ctlRegs)
                  00009850    00000054     ti_drivers_config.obj (.const:PWM_config)
                  000098a4    0000003c     release_pem4f.oem4f (.const:ti_sysbios_knl_Task_Object__PARAMS__C)
                  000098e0    00000038     ti_drivers_config.obj (.const:PowerMSP432_config)
                  00009918    00000038     ti_drivers_config.obj (.const:pwmTimerMSP432HWAttrs)
                  00009950    00000030     release_pem4f.oem4f (.const:ti_sysbios_family_arm_m3_Hwi_Object__PARAMS__C)
                  00009980    0000002c     ti_drivers_config.obj (.const:uartMSP432HWAttrs)
                  000099ac    00000028     drivers_msp432p401x.aem4f : UARTMSP432.oem4f (.const:UARTMSP432_fxnTable)
                  000099d4    00000028     release_pem4f.oem4f (.const:ti_sysbios_heaps_HeapMem_Module__FXNS__C)
                  000099fc    00000024     drivers_msp432p401x.aem4f : PWMTimerMSP432.oem4f (.const:PWMTimerMSP432_fxnTable)
                  00009a20    00000024                               : UART.oem4f (.const:UART_defaultParams)
                  00009a44    00000024     release_pem4f.oem4f (.const:ti_sysbios_gates_GateHwi_Module__FXNS__C)
                  00009a68    00000024     release_pem4f.oem4f (.const:ti_sysbios_gates_GateMutex_Module__FXNS__C)
                  00009a8c    00000024     release_pem4f.oem4f (.const:ti_sysbios_heaps_HeapMem_Object__PARAMS__C)
                  00009ab0    00000024     release_pem4f.oem4f (.const:ti_sysbios_knl_Clock_Object__PARAMS__C)
                  00009ad4    00000024     release_pem4f.oem4f (.const:ti_sysbios_knl_Semaphore_Object__PARAMS__C)
                  00009af8    00000024     release_pem4f.oem4f (.const:xdc_runtime_Startup_sfxnTab__A)
                  00009b1c    00000020     ti_drivers_config.obj (.const:adcMSP432HWAttrs)
                  00009b3c    00000020     drivers_msp432p401x.aem4f : UARTMSP432.oem4f (.const:staticFxnTable)
                  00009b5c    00000020     release_pem4f.oem4f (.const:ti_sysbios_family_arm_m3_Hwi_Object__DESC__C)
                  00009b7c    00000020     release_pem4f.oem4f (.const:ti_sysbios_gates_GateHwi_Object__DESC__C)
                  00009b9c    00000020     release_pem4f.oem4f (.const:ti_sysbios_gates_GateMutex_Object__DESC__C)
                  00009bbc    00000020     release_pem4f.oem4f (.const:ti_sysbios_heaps_HeapMem_Object__DESC__C)
                  00009bdc    00000020     release_pem4f.oem4f (.const:ti_sysbios_knl_Clock_Object__DESC__C)
                  00009bfc    00000020     release_pem4f.oem4f (.const:ti_sysbios_knl_Queue_Object__DESC__C)
                  00009c1c    00000020     release_pem4f.oem4f (.const:ti_sysbios_knl_Semaphore_Object__DESC__C)
                  00009c3c    00000020     release_pem4f.oem4f (.const:ti_sysbios_knl_Task_Object__DESC__C)
                  00009c5c    00000018     drivers_msp432p401x.aem4f : ADCMSP432.oem4f (.const:ADCMSP432_fxnTable)
                  00009c74    00000018     ti_drivers_config.obj (.const:ADC_config)
                  00009c8c    00000018     drivers_msp432p401x.aem4f : PWM.oem4f (.const:PWM_defaultParams)
                  00009ca4    00000018     release_pem4f.oem4f (.const:ti_sysbios_gates_GateHwi_Object__PARAMS__C)
                  00009cbc    00000018     release_pem4f.oem4f (.const:ti_sysbios_gates_GateMutex_Object__PARAMS__C)
                  00009cd4    00000018     release_pem4f.oem4f (.const:ti_sysbios_knl_Queue_Object__PARAMS__C)
                  00009cec    00000018     release_pem4f.oem4f (.const:ti_sysbios_knl_Task_hooks__A)
                  00009d04    00000012     release_pem4f.oem4f (.const:xdc_runtime_Startup_sfxnRts__A)
                  00009d16    00000002     release_pem4f.oem4f (.const:ti_sysbios_family_arm_msp432_init_Boot_bypassHFXT__C)
                  00009d18    00000010     drivers_msp432p401x.aem4f : PWMTimerMSP432.oem4f (.const:pwmTimerBaseAddr)
                  00009d28    00000010     ti_drivers_config.obj (.const:uartMSP432Baudrates)
                  00009d38    0000000c     ti_drivers_config.obj (.const:UART_config)
                  00009d44    0000000c     release_pem4f.oem4f (.const:xdc_runtime_Startup_firstFxns__A)
                  00009d50    00000008     drivers_msp432p401x.aem4f : ADC.oem4f (.const:ADC_defaultParams)
                  00009d58    00000008     release_pem4f.oem4f (.const:ti_sysbios_knl_Idle_funcList__A)
                  00009d60    00000008     release_pem4f.oem4f (.const:ti_sysbios_knl_Idle_funcList__C)
                  00009d68    00000008     release_pem4f.oem4f (.const:ti_sysbios_knl_Task_hooks__C)
                  00009d70    00000008     release_pem4f.oem4f (.const:xdc_runtime_Startup_firstFxns__C)
                  00009d78    00000008     release_pem4f.oem4f (.const:xdc_runtime_Startup_lastFxns__C)
                  00009d80    00000004     drivers_msp432p401x.aem4f : UARTMSP432.oem4f (.const:stopBits)
                  00009d84    00000004     ti_drivers_config.obj (.const)
                  00009d88    00000004     release_pem4f.oem4f (.const:ti_sysbios_family_arm_m3_Hwi_E_alreadyDefined__C)
                  00009d8c    00000004     release_pem4f.oem4f (.const:ti_sysbios_family_arm_m3_Hwi_E_badIntNum__C)
                  00009d90    00000004     release_pem4f.oem4f (.const:ti_sysbios_family_arm_m3_Hwi_NUM_INTERRUPTS__C)
                  00009d94    00000004     release_pem4f.oem4f (.const:ti_sysbios_family_arm_m3_Hwi_Object__count__C)
                  00009d98    00000004     release_pem4f.oem4f (.const:ti_sysbios_family_arm_m3_Hwi_ccr__C)
                  00009d9c    00000004     release_pem4f.oem4f (.const:ti_sysbios_family_arm_m3_Hwi_excHandlerFunc__C)
                  00009da0    00000004     release_pem4f.oem4f (.const:ti_sysbios_family_arm_m3_Hwi_nullIsrFunc__C)
                  00009da4    00000004     release_pem4f.oem4f (.const:ti_sysbios_family_arm_m3_Hwi_priGroup__C)
                  00009da8    00000004     release_pem4f.oem4f (.const:ti_sysbios_family_arm_m3_Hwi_swiDisable__C)
                  00009dac    00000004     release_pem4f.oem4f (.const:ti_sysbios_family_arm_m3_Hwi_swiRestore__C)
                  00009db0    00000004     release_pem4f.oem4f (.const:ti_sysbios_family_arm_m3_TaskSupport_stackAlignment__C)
                  00009db4    00000004     release_pem4f.oem4f (.const:ti_sysbios_family_arm_msp432_Timer_numTimerDevices__C)
                  00009db8    00000004     release_pem4f.oem4f (.const:ti_sysbios_family_arm_msp432_Timer_startupNeeded__C)
                  00009dbc    00000004     release_pem4f.oem4f (.const:ti_sysbios_gates_GateMutex_Instance_State_sem__O)
                  00009dc0    00000004     release_pem4f.oem4f (.const:ti_sysbios_heaps_HeapMem_E_memory__C)
                  00009dc4    00000004     release_pem4f.oem4f (.const:ti_sysbios_heaps_HeapMem_Module__gateObj__C)
                  00009dc8    00000004     release_pem4f.oem4f (.const:ti_sysbios_heaps_HeapMem_Object__count__C)
                  00009dcc    00000004     release_pem4f.oem4f (.const:ti_sysbios_heaps_HeapMem_primaryHeapBaseAddr__C)
                  00009dd0    00000004     release_pem4f.oem4f (.const:ti_sysbios_heaps_HeapMem_primaryHeapEndAddr__C)
                  00009dd4    00000004     release_pem4f.oem4f (.const:ti_sysbios_heaps_HeapMem_reqAlign__C)
                  00009dd8    00000004     release_pem4f.oem4f (.const:ti_sysbios_knl_Clock_Module_State_clockQ__O)
                  00009ddc    00000004     release_pem4f.oem4f (.const:ti_sysbios_knl_Clock_tickPeriod__C)
                  00009de0    00000004     release_pem4f.oem4f (.const:ti_sysbios_knl_Mailbox_Instance_State_freeQue__O)
                  00009de4    00000004     release_pem4f.oem4f (.const:ti_sysbios_knl_Mailbox_Object__count__C)
                  00009de8    00000004     release_pem4f.oem4f (.const:ti_sysbios_knl_Mailbox_maxTypeAlign__C)
                  00009dec    00000004     release_pem4f.oem4f (.const:ti_sysbios_knl_Semaphore_Instance_State_pendQ__O)
                  00009df0    00000004     release_pem4f.oem4f (.const:ti_sysbios_knl_Swi_Object__count__C)
                  00009df4    00000004     release_pem4f.oem4f (.const:ti_sysbios_knl_Task_Module_State_inactiveQ__O)
                  00009df8    00000004     release_pem4f.oem4f (.const:ti_sysbios_knl_Task_Object__count__C)
                  00009dfc    00000004     release_pem4f.oem4f (.const:ti_sysbios_knl_Task_Object__heap__C)
                  00009e00    00000004     release_pem4f.oem4f (.const:ti_sysbios_knl_Task_allBlockedFunc__C)
                  00009e04    00000004     release_pem4f.oem4f (.const:ti_sysbios_knl_Task_defaultStackHeap__C)
                  00009e08    00000004     release_pem4f.oem4f (.const:ti_sysbios_knl_Task_defaultStackSize__C)
                  00009e0c    00000004     release_pem4f.oem4f (.const:ti_sysbios_knl_Task_numConstructedTasks__C)
                  00009e10    00000004     release_pem4f.oem4f (.const:xdc_runtime_Error_E_memory__C)
                  00009e14    00000004     release_pem4f.oem4f (.const:xdc_runtime_Error_policyFxn__C)
                  00009e18    00000004     release_pem4f.oem4f (.const:xdc_runtime_IGateProvider_Interface__BASE__C)
                  00009e1c    00000004     release_pem4f.oem4f (.const:xdc_runtime_IHeap_Interface__BASE__C)
                  00009e20    00000004     release_pem4f.oem4f (.const:xdc_runtime_IModule_Interface__BASE__C)
                  00009e24    00000004     release_pem4f.oem4f (.const:xdc_runtime_Memory_defaultHeapInstance__C)
                  00009e28    00000004     release_pem4f.oem4f (.const:xdc_runtime_Startup_execImpl__C)
                  00009e2c    00000004     release_pem4f.oem4f (.const:xdc_runtime_Startup_maxPasses__C)
                  00009e30    00000004     release_pem4f.oem4f (.const:xdc_runtime_Startup_sfxnRts__C)
                  00009e34    00000004     release_pem4f.oem4f (.const:xdc_runtime_Startup_sfxnTab__C)
                  00009e38    00000004     release_pem4f.oem4f (.const:xdc_runtime_SysCallback_abortFxn__C)
                  00009e3c    00000004     release_pem4f.oem4f (.const:xdc_runtime_SysCallback_exitFxn__C)
                  00009e40    00000004     release_pem4f.oem4f (.const:xdc_runtime_System_Module__gateObj__C)
                  00009e44    00000004     release_pem4f.oem4f (.const:xdc_runtime_System_abortFxn__C)
                  00009e48    00000004     release_pem4f.oem4f (.const:xdc_runtime_System_exitFxn__C)
                  00009e4c    00000004     release_pem4f.oem4f (.const:xdc_runtime_System_maxAtexitHandlers__C)
                  00009e50    00000002     release_pem4f.oem4f (.const:ti_sysbios_family_arm_msp432_init_Boot_bypassLFXT__C)
                  00009e52    00000002     release_pem4f.oem4f (.const:ti_sysbios_family_arm_msp432_init_Boot_enableHFXT__C)
                  00009e54    00000002     release_pem4f.oem4f (.const:ti_sysbios_family_arm_msp432_init_Boot_enableLFXT__C)
                  00009e56    00000002     release_pem4f.oem4f (.const:ti_sysbios_heaps_HeapMem_Module__id__C)
                  00009e58    00000002     release_pem4f.oem4f (.const:xdc_runtime_Memory_Module__id__C)
                  00009e5a    00000001     release_pem4f.oem4f (.const:xdc_runtime_Error_policy__C)

.cinit     0    00009e60    00000288     
                  00009e60    0000025d     (.cinit..data.load) [load image, compression = lzss]
                  0000a0bd    00000003     --HOLE-- [fill = 0]
                  0000a0c0    0000000c     (__TI_handler_table)
                  0000a0cc    00000004     --HOLE-- [fill = 0]
                  0000a0d0    00000008     (.cinit..bss.load) [load image, compression = zero_init]
                  0000a0d8    00000010     (__TI_cinit_table)

.init_array 
*          0    00000000    00000000     UNINITIALIZED

.data      0    20008140    000008f5     UNINITIALIZED
                  20008140    00000140     drivers_msp432p401x.aem4f : PowerMSP432.oem4f (.data:PowerMSP432_perfLevels)
                  20008280    00000110                               : PWMTimerMSP432.oem4f (.data:pwmTimerStatus)
                  20008390    000000f0     rtsv7M4_T_le_v4SPD16_eabi.lib : defs.c.obj (.data:_ftable)
                  20008480    00000088     sysbios.aem4f : BIOS.obj (.data:$O1$$)
                  20008508    00000080     release_pem4f.oem4f (.data:ti_sysbios_knl_Swi_Module_State_0_readyQ__A)
                  20008588    00000080     release_pem4f.oem4f (.data:ti_sysbios_knl_Task_Module_State_0_readyQ__A)
                  20008608    00000078     rtsv7M4_T_le_v4SPD16_eabi.lib : host_device.c.obj (.data:_device)
                  20008680    00000054     release_pem4f.oem4f (.data:ti_sysbios_gates_GateMutex_Object__table__V)
                  200086d4    00000050     rtsv7M4_T_le_v4SPD16_eabi.lib : host_device.c.obj (.data:_stream)
                  20008724    0000004c     release_pem4f.oem4f (.data:ti_sysbios_knl_Task_Object__table__V)
                  20008770    00000044     release_pem4f.oem4f (.data:ti_sysbios_family_arm_msp432_Timer_Object__table__V)
                  200087b4    00000044     release_pem4f.oem4f (.data:ti_sysbios_knl_Task_Module__state__V)
                  200087f8    00000034     release_pem4f.oem4f (.data:ti_sysbios_family_arm_m3_Hwi_Module__state__V)
                  2000882c    00000030     release_pem4f.oem4f (.data:ti_sysbios_knl_Swi_Object__table__V)
                  2000885c    0000002c     drivers_msp432p401x.aem4f : PowerMSP432.oem4f (.data:PowerMSP432_module)
                  20008888    0000002c     release_pem4f.oem4f (.data:ti_sysbios_knl_Clock_Module__state__V)
                  200088b4    00000024     release_pem4f.oem4f (.data:ti_sysbios_BIOS_Module__state__V)
                  200088d8    00000020     release_pem4f.oem4f (.data:ti_sysbios_family_arm_msp432_Timer_Module_State_0_device__A)
                  200088f8    00000020     release_pem4f.oem4f (.data:xdc_runtime_Error_IgnoreBlock)
                  20008918    0000001c     release_pem4f.oem4f (.data:ti_sysbios_knl_Swi_Module__state__V)
                  20008934    00000018     release_pem4f.oem4f (.data:ti_sysbios_family_arm_m3_Hwi_Object__table__V)
                  2000894c    00000018     release_pem4f.oem4f (.data:ti_sysbios_heaps_HeapMem_Object__table__V)
                  20008964    00000010     rtsv7M4_T_le_v4SPD16_eabi.lib : defs.c.obj (.data)
                  20008974    00000010     release_pem4f.oem4f (.data:ti_sysbios_family_arm_msp432_Timer_Module_State_0_handles__A)
                  20008984    0000000c     rtsv7M4_T_le_v4SPD16_eabi.lib : exit.c.obj (.data:$O1$$)
                  20008990    0000000c     release_pem4f.oem4f (.data:ti_sysbios_family_arm_msp432_ClockFreqs_Module__state__V)
                  2000899c    0000000c     release_pem4f.oem4f (.data:ti_sysbios_family_arm_msp432_Timer_Module__state__V)
                  200089a8    00000008     rtsv7M4_T_le_v4SPD16_eabi.lib : _lock.c.obj (.data:$O1$$)
                  200089b0    00000008     drivers_msp432p401x.aem4f : ADCMSP432.oem4f (.data)
                  200089b8    00000008     release_pem4f.oem4f (.data:ti_sysbios_family_arm_m3_Hwi_Module__root__V)
                  200089c0    00000008     release_pem4f.oem4f (.data:ti_sysbios_gates_GateHwi_Module__root__V)
                  200089c8    00000008     release_pem4f.oem4f (.data:ti_sysbios_gates_GateMutex_Module__root__V)
                  200089d0    00000008     release_pem4f.oem4f (.data:ti_sysbios_heaps_HeapMem_Module__root__V)
                  200089d8    00000008     release_pem4f.oem4f (.data:ti_sysbios_knl_Clock_Module__root__V)
                  200089e0    00000008     release_pem4f.oem4f (.data:ti_sysbios_knl_Queue_Module__root__V)
                  200089e8    00000008     release_pem4f.oem4f (.data:ti_sysbios_knl_Semaphore_Module__root__V)
                  200089f0    00000008     release_pem4f.oem4f (.data:ti_sysbios_knl_Task_Module__root__V)
                  200089f8    00000008     release_pem4f.oem4f (.data:xdc_runtime_Startup_Module__state__V)
                  20008a00    00000008     release_pem4f.oem4f (.data:xdc_runtime_System_Module_State_0_atexitHandlers__A)
                  20008a08    00000008     release_pem4f.oem4f (.data:xdc_runtime_System_Module__state__V)
                  20008a10    00000004     rtsv7M4_T_le_v4SPD16_eabi.lib : stkdepth_vars.c.obj (.data)
                  20008a14    00000004                                   : strtok.c.obj (.data)
                  20008a18    00000004     release_pem4f.oem4f (.data:ti_sysbios_family_arm_m3_Hwi_Module_State_0_excContext__A)
                  20008a1c    00000004     release_pem4f.oem4f (.data:ti_sysbios_family_arm_m3_Hwi_Module_State_0_excStack__A)
                  20008a20    00000004     release_pem4f.oem4f (.data:ti_sysbios_gates_GateHwi_Object__table__V)
                  20008a24    00000004     release_pem4f.oem4f (.data:ti_sysbios_knl_Task_Module_State_0_idleTask__A)
                  20008a28    00000004     release_pem4f.oem4f (.data:ti_sysbios_rts_ti_ReentSupport_Module__state__V)
                  20008a2c    00000004     release_pem4f.oem4f (.data:xdc_runtime_Memory_Module__state__V)
                  20008a30    00000002     release_pem4f.oem4f (.data:ti_sysbios_family_arm_m3_Hwi_Module_State_0_excActive__A)
                  20008a32    00000001     drivers_msp432p401x.aem4f : ADC.oem4f (.data)
                  20008a33    00000001                               : PWM.oem4f (.data)
                  20008a34    00000001                               : UART.oem4f (.data)

.bss       0    20008a38    0000070e     UNINITIALIZED
                  20008a38    00000200     release_pem4f.oem4f (.bss:taskStackSection)
                  20008c38    00000140     (.common:ti_sysbios_family_arm_m3_Hwi_dispatchTable)
                  20008d78    00000120     rtsv7M4_T_le_v4SPD16_eabi.lib : trgmsg.c.obj (.bss:_CIOBUF_)
                  20008e98    000000a0     (.common:__TI_tmpnams)
                  20008f38    00000080     (.common:uartMSP432Objects)
                  20008fb8    00000054     (.common:pwmTimerMSP432Objects)
                  2000900c    00000034     (.common:uartRXBuffer)
                  20009040    00000034     (.common:uartTXBuffer)
                  20009074    00000020     ti_drivers_config.obj (.bss:uartMSP432RingBuffer0)
                  20009094    0000001c     (.common:rxSem)
                  200090b0    0000001c     (.common:txSem)
                  200090cc    00000018     (.common:params)
                  200090e4    00000008     msp432p4xx_driverlib.lib : cs.o (.bss)
                  200090ec    00000008     (.common:parmbuf)
                  200090f4    00000004     drivers_msp432p401x.aem4f : TimerMSP432.oem4f (.bss:timerState)
                  200090f8    00000004     (.common:ClockP_tickPeriod)
                  200090fc    00000004     (.common:adcMSP432Objects)
                  20009100    00000004     (.common:bluetoothThreadHandler)
                  20009104    00000004     (.common:pressureSensorThreadHandler)
                  20009108    00000004     (.common:pwm1)
                  2000910c    00000004     (.common:pwm2)
                  20009110    00000004     (.common:pwm3)
                  20009114    00000004     (.common:pwm4)
                  20009118    00000004     (.common:pwm5)
                  2000911c    00000004     (.common:pwm6)
                  20009120    00000004     (.common:rxField)
                  20009124    00000004     (.common:rxField2)
                  20009128    00000004     (.common:rxValue)
                  2000912c    00000004     (.common:rxValue2)
                  20009130    00000004     (.common:servoThreadHandler)
                  20009134    00000004     (.common:ti_sysbios_knl_Task_Instance_State_0_hookEnv__A)
                  20009138    00000004     (.common:uart)
                  2000913c    00000002     (.common:duty1)
                  2000913e    00000002     (.common:duty2)
                  20009140    00000002     (.common:duty3)
                  20009142    00000002     (.common:duty4)
                  20009144    00000002     (.common:duty6)

.priheap   0    20000140    00008000     UNINITIALIZED
                  20000140    00008000     --HOLE--

.stack     0    2000fc00    00000400     UNINITIALIZED
                  2000fc00    00000400     --HOLE--

.bootVecs 
*          0    00000000    00000008     DSECT
                  00000000    00000008     boot.aem4f : boot.oem4f (.bootVecs)

.resetVecs 
*          0    00000000    0000003c     
                  00000000    0000003c     release_pem4f.oem4f (.resetVecs)

.vecs      0    20000000    00000140     NOLOAD SECTION
                  20000000    00000140     release_pem4f.oem4f (.vecs)

xdc.meta   0    00000000    00000103     COPY SECTION
                  00000000    00000103     release_pem4f.oem4f (xdc.meta)

xdc.noload 
*          0    00000000    00000000     COPY SECTION

.binit     0    00000000    00000000     

MODULE SUMMARY

       Module                       code    ro data   rw data
       ------                       ----    -------   -------
    .\
       MSP432_MG995.obj             1292    0         124    
       msp432_bluetooth.obj         476     0         368    
       msp432_sensors.obj           252     0         0      
       main_tirtos.obj              196     0         8      
    +--+----------------------------+-------+---------+---------+
       Total:                       2216    0         500    
                                                             
    .\syscfg\
       ti_drivers_config.obj        14      328       496    
    +--+----------------------------+-------+---------+---------+
       Total:                       14      328       496    
                                                             
    C:\Users\Xing Long\workspace_v9_2\tirtos_builds_MSP_EXP432P401R_release_ccs\Debug\configPkg\package\cfg\
       release_pem4f.oem4f          1638    1061      4364   
    +--+----------------------------+-------+---------+---------+
       Total:                       1638    1061      4364   
                                                             
    C:/ti/simplelink_msp432p4_sdk_3_30_00_13/kernel/tirtos/packages/ti/dpl/lib/dpl_msp432p401x.aem4f
       SemaphoreP_tirtos.oem4f      146     0         0      
       ClockP_tirtos.oem4f          114     0         8      
       PowerMSP432_tirtos.oem4f     122     0         0      
       HwiP_tirtos.oem4f            96      0         0      
    +--+----------------------------+-------+---------+---------+
       Total:                       478     0         8      
                                                             
    C:/ti/simplelink_msp432p4_sdk_3_30_00_13/source/ti/devices/msp432p4xx/driverlib/ccs/msp432p4xx_driverlib.lib
       pcm.o                        1770    0         0      
       cs.o                         704     0         16     
       adc14.o                      588     128       0      
       uart.o                       284     0         0      
       sysctl_a.o                   64      0         0      
       rtc_c.o                      44      0         0      
       wdt_a.o                      36      0         0      
       cpu.o                        28      0         0      
       sysctl.o                     16      0         0      
    +--+----------------------------+-------+---------+---------+
       Total:                       3534    128       16     
                                                             
    C:/ti/simplelink_msp432p4_sdk_3_30_00_13/source/ti/drivers/lib/drivers_msp432p401x.aem4f
       UARTMSP432.oem4f             3380    81        0      
       PowerMSP432.oem4f            2196    0         728    
       PWMTimerMSP432.oem4f         1992    52        544    
       ADCMSP432.oem4f              696     24        16     
       UART.oem4f                   176     36        2      
       TimerMSP432.oem4f            204     0         8      
       PWM.oem4f                    172     24        2      
[...]
000093f5  ti_sysbios_hal_Hwi_HwiProxy_Params__init__S                     
00009401  ti_sysbios_family_arm_m3_Hwi_disableFxn__E                      
00009401  ti_sysbios_hal_Hwi_HwiProxy_disable__E                          
00009411  ti_sysbios_family_arm_m3_TaskSupport_getStackAlignment__E       
00009411  ti_sysbios_knl_Task_SupportProxy_getStackAlignment__E           
00009421  ti_sysbios_family_arm_msp432_Timer_getMaxTicks__E               
00009431  ti_sysbios_gates_GateHwi_enter__E                               
0000943d  ti_sysbios_knl_Clock_Params__init__S                            
00009449  ti_sysbios_knl_Queue_Object__get__S                             
00009455  ti_sysbios_knl_Semaphore_Params__init__S                        
00009461  ti_sysbios_knl_Task_Params__init__S                             
00009471  ti_sysbios_knl_Task_self__E                                     
00009481  ti_sysbios_rts_ti_ReentSupport_taskRegHook__I                   
00009491  xdc_runtime_Gate_enterSystem__E                                 
000094a1  xdc_runtime_Startup_rtsDone__E                                  
000094ad  ADC_Params_init                                                 
000094b7  ADC_convert                                                     
000094c1  ClockP_Params_init                                              
000094cb  PWM_setDuty                                                     
000094d5  PWM_start                                                       
000094df  UART_read                                                       
000094e9  UART_write                                                      
00009501  sem_post                                                        
0000950b  xdc_runtime_Memory_HeapProxy_alloc__E                           
00009515  xdc_runtime_Memory_HeapProxy_free__E                            
0000951f  SemaphoreP_Params_init                                          
00009529  pthread_attr_setstacksize                                       
00009539  ti_sysbios_family_arm_m3_Hwi_doSwiRestore__I                    
00009541  ti_sysbios_family_arm_m3_Hwi_startup__E                         
00009541  ti_sysbios_hal_Hwi_HwiProxy_startup__E                          
00009541  ti_sysbios_hal_Hwi_startup__E                                   
00009559  PWMTimerMSP432_setDutyAndPeriod                                 
00009561  ti_sysbios_family_arm_m3_Hwi_doTaskRestore__I                   
00009569  HwiP_restore                                                    
00009569  ti_sysbios_family_arm_m3_Hwi_restoreFxn__E                      
00009569  ti_sysbios_hal_Hwi_HwiProxy_restore__E                          
00009571  ti_sysbios_gates_GateHwi_leave__E                               
00009579  ti_sysbios_heaps_HeapMem_isBlocking__E                          
00009581  ti_sysbios_knl_Clock_stop__E                                    
00009589  ti_sysbios_knl_Queue_Instance_init__E                           
00009591  ti_sysbios_knl_Swi_startup__E                                   
00009599  xdc_runtime_System_Module_startup__E                            
000095a1  __aeabi_errno_addr                                              
000095a9  ti_sysbios_gates_GateHwi_query__E                               
000095a9  xdc_runtime_Main_Module_GateProxy_query__E                      
000095a9  xdc_runtime_System_Module_GateProxy_query__E                    
000095b1  ti_sysbios_BIOS_RtsGateProxy_query__E                           
000095b1  ti_sysbios_gates_GateMutex_query__E                             
000095b1  ti_sysbios_heaps_HeapMem_Module_GateProxy_query__E              
000095b9  ti_sysbios_knl_Clock_setTimeout__E                              
000095c1  ti_sysbios_knl_Task_startup__E                                  
000095c9  ti_sysbios_BIOS_linkedWithIncorrectBootLibrary__E               
000095d1  ti_sysbios_gates_GateHwi_Instance_init__E                       
000095d9  ti_sysbios_knl_Clock_logTick__E                                 
000095e1  xdc_runtime_SysCallback_defaultAbort                            
000095e9  xdc_runtime_SysCallback_defaultExit                             
000095f1  xdc_runtime_System_abortSpin__E                                 
000095f9  xdc_runtime_System_exitSpin__E                                  
00009600  _ctypes_                                                        
00009706  ti_sysbios_family_arm_m3_Hwi_Module__id__C                      
00009850  PWM_config                                                      
000098a4  ti_sysbios_knl_Task_Object__PARAMS__C                           
000098e0  PowerMSP432_config                                              
00009918  pwmTimerMSP432HWAttrs                                           
00009950  ti_sysbios_family_arm_m3_Hwi_Object__PARAMS__C                  
000099ac  UARTMSP432_fxnTable                                             
000099d4  ti_sysbios_heaps_HeapMem_Module__FXNS__C                        
000099fc  PWMTimerMSP432_fxnTable                                         
00009a20  UART_defaultParams                                              
00009a44  ti_sysbios_gates_GateHwi_Module__FXNS__C                        
00009a68  ti_sysbios_gates_GateMutex_Module__FXNS__C                      
00009a8c  ti_sysbios_heaps_HeapMem_Object__PARAMS__C                      
00009ab0  ti_sysbios_knl_Clock_Object__PARAMS__C                          
00009ad4  ti_sysbios_knl_Semaphore_Object__PARAMS__C                      
00009af8  xdc_runtime_Startup_sfxnTab__A                                  
00009b1c  adcMSP432HWAttrs                                                
00009b5c  ti_sysbios_family_arm_m3_Hwi_Object__DESC__C                    
00009b7c  ti_sysbios_gates_GateHwi_Object__DESC__C                        
00009b9c  ti_sysbios_gates_GateMutex_Object__DESC__C                      
00009bbc  ti_sysbios_heaps_HeapMem_Object__DESC__C                        
00009bdc  ti_sysbios_knl_Clock_Object__DESC__C                            
00009bfc  ti_sysbios_knl_Queue_Object__DESC__C                            
00009c1c  ti_sysbios_knl_Semaphore_Object__DESC__C                        
00009c3c  ti_sysbios_knl_Task_Object__DESC__C                             
00009c5c  ADCMSP432_fxnTable                                              
00009c74  ADC_config                                                      
00009c8c  PWM_defaultParams                                               
00009ca4  ti_sysbios_gates_GateHwi_Object__PARAMS__C                      
00009cbc  ti_sysbios_gates_GateMutex_Object__PARAMS__C                    
00009cd4  ti_sysbios_knl_Queue_Object__PARAMS__C                          
00009cec  ti_sysbios_knl_Task_hooks__A                                    
00009d04  xdc_runtime_Startup_sfxnRts__A                                  
00009d16  ti_sysbios_family_arm_msp432_init_Boot_bypassHFXT__C            
00009d38  UART_config                                                     
00009d44  xdc_runtime_Startup_firstFxns__A                                
00009d50  ADC_defaultParams                                               
00009d58  ti_sysbios_knl_Idle_funcList__A                                 
00009d60  ti_sysbios_knl_Idle_funcList__C                                 
00009d68  ti_sysbios_knl_Task_hooks__C                                    
00009d70  xdc_runtime_Startup_firstFxns__C                                
00009d78  xdc_runtime_Startup_lastFxns__C                                 
00009d84  ADC_count                                                       
00009d85  I2C_count                                                       
00009d86  PWM_count                                                       
00009d87  UART_count                                                      
00009d88  ti_sysbios_family_arm_m3_Hwi_E_alreadyDefined__C                
00009d8c  ti_sysbios_family_arm_m3_Hwi_E_badIntNum__C                     
00009d90  ti_sysbios_family_arm_m3_Hwi_NUM_INTERRUPTS__C                  
00009d94  ti_sysbios_family_arm_m3_Hwi_Object__count__C                   
00009d98  ti_sysbios_family_arm_m3_Hwi_ccr__C                             
00009d9c  ti_sysbios_family_arm_m3_Hwi_excHandlerFunc__C                  
00009da0  ti_sysbios_family_arm_m3_Hwi_nullIsrFunc__C                     
00009da4  ti_sysbios_family_arm_m3_Hwi_priGroup__C                        
00009da8  ti_sysbios_family_arm_m3_Hwi_swiDisable__C                      
00009dac  ti_sysbios_family_arm_m3_Hwi_swiRestore__C                      
00009db0  ti_sysbios_family_arm_m3_TaskSupport_stackAlignment__C          
00009db4  ti_sysbios_family_arm_msp432_Timer_numTimerDevices__C           
00009db8  ti_sysbios_family_arm_msp432_Timer_startupNeeded__C             
00009dbc  ti_sysbios_gates_GateMutex_Instance_State_sem__O                
00009dc0  ti_sysbios_heaps_HeapMem_E_memory__C                            
00009dc4  ti_sysbios_heaps_HeapMem_Module__gateObj__C                     
00009dc8  ti_sysbios_heaps_HeapMem_Object__count__C                       
00009dcc  ti_sysbios_heaps_HeapMem_primaryHeapBaseAddr__C                 
00009dd0  ti_sysbios_heaps_HeapMem_primaryHeapEndAddr__C                  
00009dd4  ti_sysbios_heaps_HeapMem_reqAlign__C                            
00009dd8  ti_sysbios_knl_Clock_Module_State_clockQ__O                     
00009ddc  ti_sysbios_knl_Clock_tickPeriod__C                              
00009de0  ti_sysbios_knl_Mailbox_Instance_State_freeQue__O                
00009de4  ti_sysbios_knl_Mailbox_Object__count__C                         
00009de8  ti_sysbios_knl_Mailbox_maxTypeAlign__C                          
00009dec  ti_sysbios_knl_Semaphore_Instance_State_pendQ__O                
00009df0  ti_sysbios_knl_Swi_Object__count__C                             
00009df4  ti_sysbios_knl_Task_Module_State_inactiveQ__O                   
00009df8  ti_sysbios_knl_Task_Object__count__C                            
00009dfc  ti_sysbios_knl_Task_Object__heap__C                             
00009e00  ti_sysbios_knl_Task_allBlockedFunc__C                           
00009e04  ti_sysbios_knl_Task_defaultStackHeap__C                         
00009e08  ti_sysbios_knl_Task_defaultStackSize__C                         
00009e0c  ti_sysbios_knl_Task_numConstructedTasks__C                      
00009e10  xdc_runtime_Error_E_memory__C                                   
00009e14  xdc_runtime_Error_policyFxn__C                                  
00009e18  xdc_runtime_IGateProvider_Interface__BASE__C                    
00009e1c  xdc_runtime_IHeap_Interface__BASE__C                            
00009e20  xdc_runtime_IModule_Interface__BASE__C                          
00009e24  xdc_runtime_Memory_defaultHeapInstance__C                       
00009e28  xdc_runtime_Startup_execImpl__C                                 
00009e2c  xdc_runtime_Startup_maxPasses__C                                
00009e30  xdc_runtime_Startup_sfxnRts__C                                  
00009e34  xdc_runtime_Startup_sfxnTab__C                                  
00009e38  xdc_runtime_SysCallback_abortFxn__C                             
00009e3c  xdc_runtime_SysCallback_exitFxn__C                              
00009e40  xdc_runtime_System_Module__gateObj__C                           
00009e44  xdc_runtime_System_abortFxn__C                                  
00009e48  xdc_runtime_System_exitFxn__C                                   
00009e4c  xdc_runtime_System_maxAtexitHandlers__C                         
00009e50  ti_sysbios_family_arm_msp432_init_Boot_bypassLFXT__C            
00009e52  ti_sysbios_family_arm_msp432_init_Boot_enableHFXT__C            
00009e54  ti_sysbios_family_arm_msp432_init_Boot_enableLFXT__C            
00009e56  ti_sysbios_heaps_HeapMem_Module__id__C                          
00009e58  xdc_runtime_Memory_Module__id__C                                
00009e5a  xdc_runtime_Error_policy__C                                     
00009e60  __TI_static_base__                                              
0000a0c0  __TI_Handler_Table_Base                                         
0000a0cc  __TI_Handler_Table_Limit                                        
0000a0d8  __TI_CINIT_Base                                                 
0000a0e8  __TI_CINIT_Limit                                                
20000000  ti_sysbios_family_arm_m3_Hwi_ramVectors                         
20000140  __primary_heap_start__                                          
20008140  PowerMSP432_perfLevels                                          
20008140  __primary_heap_end__                                            
20008390  _ftable                                                         
20008508  ti_sysbios_knl_Swi_Module_State_0_readyQ__A                     
20008588  ti_sysbios_knl_Task_Module_State_0_readyQ__A                    
20008608  _device                                                         
20008680  ti_sysbios_gates_GateMutex_Object__table__V                     
200086d4  _stream                                                         
20008724  ti_sysbios_knl_Task_Object__table__V                            
20008770  ti_sysbios_family_arm_msp432_Timer_Object__table__V             
200087b4  ti_sysbios_knl_Task_Module__state__V                            
200087f8  ti_sysbios_family_arm_m3_Hwi_Module__state__V                   
2000882c  ti_sysbios_knl_Swi_Object__table__V                             
2000885c  PowerMSP432_module                                              
20008888  ti_sysbios_knl_Clock_Module__state__V                           
200088b4  ti_sysbios_BIOS_Module__state__V                                
200088d8  ti_sysbios_family_arm_msp432_Timer_Module_State_0_device__A     
200088f8  xdc_runtime_Error_IgnoreBlock                                   
20008918  ti_sysbios_knl_Swi_Module__state__V                             
20008934  ti_sysbios_family_arm_m3_Hwi_Object__table__V                   
2000894c  ti_sysbios_heaps_HeapMem_Object__table__V                       
20008964  __TI_ft_end                                                     
20008968  __aeabi_stdin                                                   
2000896c  __aeabi_stdout                                                  
20008970  __aeabi_stderr                                                  
20008974  ti_sysbios_family_arm_msp432_Timer_Module_State_0_handles__A    
20008984  __TI_cleanup_ptr                                                
20008988  __TI_dtors_ptr                                                  
2000898c  __TI_enable_exit_profile_output                                 
20008990  ti_sysbios_family_arm_msp432_ClockFreqs_Module__state__V        
2000899c  ti_sysbios_family_arm_msp432_Timer_Module__state__V             
200089a8  _lock                                                           
200089ac  _unlock                                                         
200089b8  ti_sysbios_family_arm_m3_Hwi_Module__root__V                    
200089c0  ti_sysbios_gates_GateHwi_Module__root__V                        
200089c8  ti_sysbios_gates_GateMutex_Module__root__V                      
200089d0  ti_sysbios_heaps_HeapMem_Module__root__V                        
200089d8  ti_sysbios_knl_Clock_Module__root__V                            
200089e0  ti_sysbios_knl_Queue_Module__root__V                            
200089e8  ti_sysbios_knl_Semaphore_Module__root__V                        
200089f0  ti_sysbios_knl_Task_Module__root__V                             
200089f8  xdc_runtime_Startup_Module__state__V                            
20008a00  xdc_runtime_System_Module_State_0_atexitHandlers__A             
20008a08  xdc_runtime_System_Module__state__V                             
20008a10  main_func_sp                                                    
20008a18  ti_sysbios_family_arm_m3_Hwi_Module_State_0_excContext__A       
20008a1c  ti_sysbios_family_arm_m3_Hwi_Module_State_0_excStack__A         
20008a20  ti_sysbios_gates_GateHwi_Object__table__V                       
20008a24  ti_sysbios_knl_Task_Module_State_0_idleTask__A                  
20008a28  ti_sysbios_rts_ti_ReentSupport_Module__state__V                 
20008a2c  xdc_runtime_Memory_Module__state__V                             
20008a30  ti_sysbios_family_arm_m3_Hwi_Module_State_0_excActive__A        
20008a38  ti_sysbios_knl_Task_Instance_State_0_stack__A                   
20008c38  ti_sysbios_family_arm_m3_Hwi_dispatchTable                      
20008d78  __CIOBUF_                                                       
20008e98  __TI_tmpnams                                                    
20008f38  uartMSP432Objects                                               
20008fb8  pwmTimerMSP432Objects                                           
2000900c  uartRXBuffer                                                    
20009040  uartTXBuffer                                                    
20009094  rxSem                                                           
200090b0  txSem                                                           
200090cc  params                                                          
200090ec  parmbuf                                                         
200090f8  ClockP_tickPeriod                                               
200090fc  adcMSP432Objects                                                
20009100  bluetoothThreadHandler                                          
20009104  pressureSensorThreadHandler                                     
20009108  pwm1                                                            
2000910c  pwm2                                                            
20009110  pwm3                                                            
20009114  pwm4                                                            
20009118  pwm5                                                            
2000911c  pwm6                                                            
20009120  rxField                                                         
20009124  rxField2                                                        
20009128  rxValue                                                         
2000912c  rxValue2                                                        
20009130  servoThreadHandler                                              
20009134  ti_sysbios_knl_Task_Instance_State_0_hookEnv__A                 
20009138  uart                                                            
2000913c  duty1                                                           
2000913e  duty2                                                           
20009140  duty3                                                           
20009142  duty4                                                           
20009144  duty6                                                           
2000fc00  __stack                                                         
20010000  __STACK_END                                                     
4000480c  WDTCTL_SYM                                                      
e000e000  ti_sysbios_family_arm_m3_Hwi_nvic                               
ffffffff  __TI_pprof_out_hndl                                             
ffffffff  __TI_prof_data_size                                             
ffffffff  __TI_prof_data_start                                            
ffffffff  __binit__                                                       
ffffffff  __c_args__                                                      
ffffffff  binit                                                           
UNDEFED   SHT$$INIT_ARRAY$$Base                                           
UNDEFED   SHT$$INIT_ARRAY$$Limit                                          

[675 symbols]
