******************************************************************************
                  TI ARM Linker PC v18.12.2                    
******************************************************************************
>> Linked Wed Oct 30 22:09:28 2019

OUTPUT FILE NAME:   <TEST.out>
ENTRY POINT SYMBOL: "_c_int00_noargs"  address: 00002cad


MEMORY CONFIGURATION

         name            origin    length      used     unused   attr    fill
----------------------  --------  ---------  --------  --------  ----  --------
  MAIN                  00000000   00040000  000030d1  0003cf2f  R  X
  INFO                  00200000   00004000  00000000  00004000  R  X
  SRAM_CODE             01000000   00010000  000009b8  0000f648  RW X
  SRAM_DATA             20000000   00010000  000009b8  0000f648  RW  


SEGMENT ALLOCATION MAP

run origin  load origin   length   init length attrs members
----------  ----------- ---------- ----------- ----- -------
00000000    00000000    000030d8   000030d8    r-x
  00000000    00000000    000000e4   000000e4    r-- .intvecs
  000000e4    000000e4    00002e5c   00002e5c    r-x .text
  00002f40    00002f40    00000101   00000101    r-- .const
  00003048    00003048    00000090   00000090    r-- .cinit
20000000    20000000    000007b8   00000000    rw-
  20000000    20000000    00000400   00000000    rw- .sysmem
  20000400    20000400    000001ec   00000000    rw- .data
  200005ec    200005ec    000001cc   00000000    rw- .bss
2000fe00    2000fe00    00000200   00000000    rw-
  2000fe00    2000fe00    00000200   00000000    rw- .stack


SECTION ALLOCATION MAP

 output                                  attributes/
section   page    origin      length       input sections
--------  ----  ----------  ----------   ----------------
.intvecs   0    00000000    000000e4     
                  00000000    000000e4     startup_msp432p401r_ccs.obj (.intvecs:retain)

.text      0    000000e4    00002e5c     
                  000000e4    00000a4e     rtsv7M4_T_le_v4SPD16_eabi.lib : _printfi.c.obj (.text:__TI_printfi)
                  00000b32    00000002                                   : _lock.c.obj (.text:_nop)
                  00000b34    00000334     system_msp432p401r.obj (.text)
                  00000e68    00000270     rtsv7M4_T_le_v4SPD16_eabi.lib : _printfi.c.obj (.text:_pconv_a)
                  000010d8    000001d0                                   : _printfi.c.obj (.text:_pconv_g)
                  000012a8    000001b6                                   : fd_add_t2.asm.obj (.text)
                  0000145e    00000002                                   : div0.asm.obj (.text)
                  00001460    0000013c                                   : _printfi.c.obj (.text:_pconv_e)
                  0000159c    00000136                                   : fd_div_t2.asm.obj (.text)
                  000016d2    00000002     --HOLE-- [fill = 0]
                  000016d4    00000124                                   : _printfi.c.obj (.text:fcvt)
                  000017f8    00000114                                   : fputs.c.obj (.text:fputs)
                  0000190c    00000110                                   : s_scalbn.c.obj (.text:scalbn)
                  00001a1c    00000100     bluetooth.obj (.text)
                  00001b1c    000000fc     rtsv7M4_T_le_v4SPD16_eabi.lib : fd_mul_t2.asm.obj (.text)
                  00001c18    000000f4                                   : memory.c.obj (.text:aligned_alloc)
                  00001d0c    000000e8                                   : memory.c.obj (.text:free)
                  00001df4    000000dc                                   : setvbuf.c.obj (.text:setvbuf)
                  00001ed0    000000b1                                   : _printfi.c.obj (.text:_ltostr)
                  00001f81    00000001     --HOLE-- [fill = 0]
                  00001f82    0000009c                                   : memcpy_t2.asm.obj (.text)
                  0000201e    00000096                                   : ull_div_t2.asm.obj (.text)
                  000020b4    0000008c                                   : fputc.c.obj (.text:fputc)
                  00002140    00000086                                   : fd_cmp_t2.asm.obj (.text:__aeabi_cdcmple)
                  000021c6    00000086                                   : fd_cmp_t2.asm.obj (.text:__aeabi_cdrcmple)
                  0000224c    0000007c                                   : memory.c.obj (.text:split)
                  000022c8    0000007a                                   : memset_t2.asm.obj (.text)
                  00002342    00000002     --HOLE-- [fill = 0]
                  00002344    00000074                                   : fclose.c.obj (.text:__TI_closefile)
                  000023b8    0000006e                                   : _printfi.c.obj (.text:_mcpy)
                  00002426    00000002     --HOLE-- [fill = 0]
                  00002428    00000068                                   : hostlseek.c.obj (.text:HOSTlseek)
                  00002490    00000068                                   : hostrename.c.obj (.text:HOSTrename)
                  000024f8    00000068                                   : copy_decompress_lzss.c.obj (.text:decompress:lzss:__TI_decompress_lzss)
                  00002560    00000068                                   : printf.c.obj (.text:printf)
                  000025c8    00000064                                   : s_frexp.c.obj (.text:frexp)
                  0000262c    00000064                                   : fseek.c.obj (.text:fseek)
                  00002690    00000062                                   : _io_perm.c.obj (.text:__TI_wrt_ok)
                  000026f2    00000002     --HOLE-- [fill = 0]
                  000026f4    00000060                                   : hostopen.c.obj (.text:HOSTopen)
                  00002754    0000005c                                   : close.c.obj (.text:close)
                  000027b0    00000058                                   : hostread.c.obj (.text:HOSTread)
                  00002808    00000058                                   : hostwrite.c.obj (.text:HOSTwrite)
                  00002860    00000056                                   : _printfi.c.obj (.text:_pconv_f)
                  000028b6    00000054                                   : ltoa.c.obj (.text:ltoa)
                  0000290a    00000052                                   : _printfi.c.obj (.text:_ecpy)
                  0000295c    0000004c                                   : fflush.c.obj (.text:__TI_doflush)
                  000029a8    0000004c                                   : atoi.c.obj (.text:atoi)
                  000029f4    00000048                                   : exit.c.obj (.text:exit)
                  00002a3c    00000048                                   : fd_toi_t2.asm.obj (.text)
                  00002a84    00000044                                   : hostclose.c.obj (.text:HOSTclose)
                  00002ac8    00000044                                   : hostunlink.c.obj (.text:HOSTunlink)
                  00002b0c    00000044                                   : autoinit.c.obj (.text:__TI_auto_init_nobinit_nopinit:__TI_auto_init_nobinit_nopinit)
                  00002b50    00000044                                   : getdevice.c.obj (.text:getdevice)
                  00002b94    0000003e                                   : _printfi.c.obj (.text:_fcpy)
                  00002bd2    00000002     --HOLE-- [fill = 0]
                  00002bd4    00000038                                   : trgmsg.c.obj (.text:__TI_writemsg)
                  00002c0c    00000036                                   : strncpy.c.obj (.text:strncpy)
                  00002c42    00000002     --HOLE-- [fill = 0]
                  00002c44    00000034                                   : fopen.c.obj (.text:__TI_cleanup)
                  00002c78    00000034                                   : trgmsg.c.obj (.text:__TI_readmsg)
                  00002cac    00000034                                   : boot_cortex_m.c.obj (.text:_c_int00_noargs:_c_int00_noargs)
                  00002ce0    00000030                                   : getdevice.c.obj (.text:finddevice)
                  00002d10    0000002e                                   : i_tofd_t2.asm.obj (.text)
                  00002d3e    00000002     --HOLE-- [fill = 0]
                  00002d40    0000002c                                   : unlink.c.obj (.text:unlink)
                  00002d6c    00000028                                   : memory.c.obj (.text:free_list_insert)
                  00002d94    00000028                                   : lseek.c.obj (.text:lseek)
                  00002dbc    00000028     main.obj (.text)
                  00002de4    00000028     rtsv7M4_T_le_v4SPD16_eabi.lib : write.c.obj (.text:write)
                  00002e0c    00000020                                   : memchr.c.obj (.text:memchr)
                  00002e2c    0000001c                                   : copy_zero_init.c.obj (.text:decompress:ZI:__TI_zero_init_nomemset:__TI_zero_init_nomemset)
                  00002e48    0000001c                                   : memory.c.obj (.text:free_list_remove)
                  00002e64    0000001c                                   : memccpy.c.obj (.text:memccpy)
                  00002e80    0000001a                                   : s_copysign.c.obj (.text:copysign)
                  00002e9a    00000018                                   : strcmp.c.obj (.text:strcmp)
                  00002eb2    00000016                                   : strchr.c.obj (.text:strchr)
                  00002ec8    00000014                                   : strcpy.c.obj (.text:strcpy)
                  00002edc    00000014                                   : strlen.c.obj (.text:strlen)
                  00002ef0    00000012                                   : wcslen.c.obj (.text:wcslen)
                  00002f02    0000000e                                   : copy_decompress_none.c.obj (.text:decompress:none:__TI_decompress_none)
                  00002f10    0000000e     startup_msp432p401r_ccs.obj (.text)
                  00002f1e    00000002     --HOLE-- [fill = 0]
                  00002f20    00000008     rtsv7M4_T_le_v4SPD16_eabi.lib : errno.c.obj (.text:__aeabi_errno_addr)
                  00002f28    00000008                                   : memory.c.obj (.text:malloc)
                  00002f30    00000004                                   : printf.c.obj (.text:_outc)
                  00002f34    00000004                                   : printf.c.obj (.text:_outs)
                  00002f38    00000004                                   : pre_init.c.obj (.text:_system_pre_init)
                  00002f3c    00000004                                   : exit.c.obj (.text:abort:abort)

.const     0    00002f40    00000101     
                  00002f40    00000101     rtsv7M4_T_le_v4SPD16_eabi.lib : ctype.c.obj (.const:.string:_ctypes_)

.cinit     0    00003048    00000090     
                  00003048    0000006a     (.cinit..data.load) [load image, compression = lzss]
                  000030b2    00000002     --HOLE-- [fill = 0]
                  000030b4    0000000c     (__TI_handler_table)
                  000030c0    00000008     (.cinit..bss.load) [load image, compression = zero_init]
                  000030c8    00000010     (__TI_cinit_table)

.init_array 
*          0    00000000    00000000     UNINITIALIZED

.binit     0    00000000    00000000     

.sysmem    0    20000000    00000400     UNINITIALIZED
                  20000000    00000010     rtsv7M4_T_le_v4SPD16_eabi.lib : memory.c.obj (.sysmem)
                  20000010    000003f0     --HOLE--

.data      0    20000400    000001ec     UNINITIALIZED
                  20000400    000000f0     rtsv7M4_T_le_v4SPD16_eabi.lib : defs.c.obj (.data:_ftable)
                  200004f0    00000078                                   : host_device.c.obj (.data:_device)
                  20000568    00000050                                   : host_device.c.obj (.data:_stream)
                  200005b8    00000010                                   : defs.c.obj (.data)
                  200005c8    0000000c                                   : exit.c.obj (.data:$O1$$)
                  200005d4    00000008                                   : _lock.c.obj (.data:$O1$$)
                  200005dc    00000008                                   : memory.c.obj (.data:$O1$$)
                  200005e4    00000004                                   : errno.c.obj (.data)
                  200005e8    00000004     system_msp432p401r.obj (.data)

.bss       0    200005ec    000001cc     UNINITIALIZED
                  200005ec    00000120     rtsv7M4_T_le_v4SPD16_eabi.lib : trgmsg.c.obj (.bss:_CIOBUF_)
                  2000070c    000000a0     (.common:__TI_tmpnams)
                  200007ac    00000008     (.common:parmbuf)
                  200007b4    00000004     (.common:RXBuffer)

.stack     0    2000fe00    00000200     UNINITIALIZED
                  2000fe00    00000004     rtsv7M4_T_le_v4SPD16_eabi.lib : boot_cortex_m.c.obj (.stack)
                  2000fe04    000001fc     --HOLE--

MODULE SUMMARY

       Module                        code    ro data   rw data
       ------                        ----    -------   -------
    .\
       system_msp432p401r.obj        820     0         8      
       bluetooth.obj                 256     0         8      
       startup_msp432p401r_ccs.obj   14      228       0      
       main.obj                      40      0         0      
    +--+-----------------------------+-------+---------+---------+
       Total:                        1130    228       16     
                                                              
    C:\ti\ccs910\ccs\tools\compiler\ti-cgt-arm_18.12.2.LTS\lib\rtsv7M4_T_le_v4SPD16_eabi.lib
       _printfi.c.obj                4851    0         0      
       defs.c.obj                    0       0         832    
       memory.c.obj                  676     0         16     
       trgmsg.c.obj                  108     0         576    
       fd_add_t2.asm.obj             438     0         0      
       host_device.c.obj             0       0         400    
       fd_div_t2.asm.obj             310     0         0      
       fputs.c.obj                   276     0         0      
       s_scalbn.c.obj                272     0         0      
       fd_cmp_t2.asm.obj             268     0         0      
       ctype.c.obj                   0       257       0      
       fd_mul_t2.asm.obj             252     0         0      
       setvbuf.c.obj                 220     0         0      
       memcpy_t2.asm.obj             156     0         0      
       ull_div_t2.asm.obj            150     0         0      
       fputc.c.obj                   140     0         0      
       memset_t2.asm.obj             122     0         0      
       fclose.c.obj                  116     0         0      
       getdevice.c.obj               116     0         0      
       hostopen.c.obj                96      0         16     
       printf.c.obj                  112     0         0      
       copy_decompress_lzss.c.obj    104     0         0      
       hostlseek.c.obj               104     0         0      
       hostrename.c.obj              104     0         0      
       exit.c.obj                    76      0         24     
       fseek.c.obj                   100     0         0      
       s_frexp.c.obj                 100     0         0      
       _io_perm.c.obj                98      0         0      
       close.c.obj                   92      0         0      
       hostread.c.obj                88      0         0      
       hostwrite.c.obj               88      0         0      
       ltoa.c.obj                    84      0         0      
       atoi.c.obj                    76      0         0      
       fflush.c.obj                  76      0         0      
       fd_toi_t2.asm.obj             72      0         0      
       autoinit.c.obj                68      0         0      
       hostclose.c.obj               68      0         0      
       hostunlink.c.obj              68      0         0      
       strncpy.c.obj                 54      0         0      
       boot_cortex_m.c.obj           52      0         0      
       fopen.c.obj                   52      0         0      
       i_tofd_t2.asm.obj             46      0         0      
       unlink.c.obj                  44      0         0      
       lseek.c.obj                   40      0         0      
       write.c.obj                   40      0         0      
       memchr.c.obj                  32      0         0      
       copy_zero_init.c.obj          28      0         0      
       memccpy.c.obj                 28      0         0      
       s_copysign.c.obj              26      0         0      
       strcmp.c.obj                  24      0         0      
       strchr.c.obj                  22      0         0      
       strcpy.c.obj                  20      0         0      
       strlen.c.obj                  20      0         0      
       _lock.c.obj                   2       0         16     
       wcslen.c.obj                  18      0         0      
       errno.c.obj                   8       0         8      
       copy_decompress_none.c.obj    14      0         0      
       pre_init.c.obj                4       0         0      
       div0.asm.obj                  2       0         0      
    +--+-----------------------------+-------+---------+---------+
       Total:                        10721   257       1888   
                                                              
       Heap:                         0       0         2048   
       Stack:                        0       0         1024   
       Linker Generated:             0       142       0      
    +--+-----------------------------+-------+---------+---------+
       Grand Total:                  11851   627       4976   


LINKER GENERATED COPY TABLES

__TI_cinit_table @ 000030c8 records: 2, size/record: 8, table size: 16
	.data: load addr=00003048, load size=0000006a bytes, run addr=20000400, run size=000001ec bytes, compression=lzss
	.bss: load addr=000030c0, load size=00000008 bytes, run addr=200005ec, run size=000001cc bytes, compression=zero_init


LINKER GENERATED HANDLER TABLE

__TI_handler_table @ 000030b4 records: 3, size/record: 4, table size: 12
	index: 0, handler: __TI_decompress_lzss
	index: 1, handler: __TI_decompress_none
	index: 2, handler: __TI_zero_init


GLOBAL SYMBOLS: SORTED ALPHABETICALLY BY Name 

address   name                           
-------   ----                           
00002f1d  ADC14_IRQHandler               
00002f1d  AES256_IRQHandler              
00002f1d  BusFault_Handler               
00002f3d  C$$EXIT                        
00002c03  C$$IO$$                        
00002f1d  COMP_E0_IRQHandler             
00002f1d  COMP_E1_IRQHandler             
00002f1d  CS_IRQHandler                  
00002f1d  DMA_ERR_IRQHandler             
00002f1d  DMA_INT0_IRQHandler            
00002f1d  DMA_INT1_IRQHandler            
00002f1d  DMA_INT2_IRQHandler            
00002f1d  DMA_INT3_IRQHandler            
00002f1d  DebugMon_Handler               
00002f1d  Default_Handler                
00002f1d  EUSCIA0_IRQHandler             
00002f1d  EUSCIA1_IRQHandler             
00001aab  EUSCIA2_IRQHandler             
00001aab  EUSCIA2_IRQHandler             
00002f1d  EUSCIA3_IRQHandler             
00002f1d  EUSCIB0_IRQHandler             
00002f1d  EUSCIB1_IRQHandler             
00002f1d  EUSCIB2_IRQHandler             
00002f1d  EUSCIB3_IRQHandler             
00002f1d  FLCTL_IRQHandler               
00002f1d  FPU_IRQHandler                 
00002a85  HOSTclose                      
00002429  HOSTlseek                      
000026f5  HOSTopen                       
000027b1  HOSTread                       
00002491  HOSTrename                     
00002ac9  HOSTunlink                     
00002809  HOSTwrite                      
00002f1d  HardFault_Handler              
00002f1d  MemManage_Handler              
00002f1d  NMI_Handler                    
00002f1d  PCM_IRQHandler                 
00002f1d  PORT1_IRQHandler               
00002f1d  PORT2_IRQHandler               
00002f1d  PORT3_IRQHandler               
00002f1d  PORT4_IRQHandler               
00002f1d  PORT5_IRQHandler               
00002f1d  PORT6_IRQHandler               
00002f1d  PSS_IRQHandler                 
00002f1d  PendSV_Handler                 
00002f1d  RTC_C_IRQHandler               
200007b4  RXBuffer                       
00002f11  Reset_Handler                  
00002f1d  SVC_Handler                    
00002f1d  SysTick_Handler                
200005e8  SystemCoreClock                
00000b35  SystemCoreClockUpdate          
00000dad  SystemInit                     
00002f1d  T32_INT1_IRQHandler            
00002f1d  T32_INT2_IRQHandler            
00002f1d  T32_INTC_IRQHandler            
00002f1d  TA0_0_IRQHandler               
00002f1d  TA0_N_IRQHandler               
00002f1d  TA1_0_IRQHandler               
00002f1d  TA1_N_IRQHandler               
00002f1d  TA2_0_IRQHandler               
00002f1d  TA2_N_IRQHandler               
00002f1d  TA3_0_IRQHandler               
00002f1d  TA3_N_IRQHandler               
00001a1d  UART2_init                     
00002f1d  UsageFault_Handler             
4000480c  WDTCTL_SYM                     
00002f1d  WDT_A_IRQHandler               
200005ec  __CIOBUF_                      
20010000  __STACK_END                    
00000200  __STACK_SIZE                   
00000400  __SYSMEM_SIZE                  
000030c8  __TI_CINIT_Base                
000030d8  __TI_CINIT_Limit               
000030b4  __TI_Handler_Table_Base        
000030c0  __TI_Handler_Table_Limit       
00002b0d  __TI_auto_init_nobinit_nopinit 
00002c45  __TI_cleanup                   
200005c8  __TI_cleanup_ptr               
00002345  __TI_closefile                 
000024f9  __TI_decompress_lzss           
00002f03  __TI_decompress_none           
0000295d  __TI_doflush                   
200005cc  __TI_dtors_ptr                 
200005d0  __TI_enable_exit_profile_output
200005b8  __TI_ft_end                    
ffffffff  __TI_pprof_out_hndl            
000000e5  __TI_printfi                   
ffffffff  __TI_prof_data_size            
ffffffff  __TI_prof_data_start           
00002c79  __TI_readmsg                   
00000000  __TI_static_base__             
2000070c  __TI_tmpnams                   
00002bd5  __TI_writemsg                  
00002691  __TI_wrt_ok                    
00002e2d  __TI_zero_init_nomemset        
00002141  __aeabi_cdcmpeq                
00002141  __aeabi_cdcmple                
000021c7  __aeabi_cdrcmple               
00002a3d  __aeabi_d2iz                   
000012b3  __aeabi_dadd                   
0000159d  __aeabi_ddiv                   
00001b1d  __aeabi_dmul                   
000012a9  __aeabi_dsub                   
00002f21  __aeabi_errno_addr             
00002d11  __aeabi_i2d                    
0000145f  __aeabi_idiv0                  
0000145f  __aeabi_ldiv0                  
000022c9  __aeabi_memclr                 
000022c9  __aeabi_memclr4                
000022c9  __aeabi_memclr8                
00001f83  __aeabi_memcpy                 
00001f83  __aeabi_memcpy4                
00001f83  __aeabi_memcpy8                
000022cb  __aeabi_memset                 
000022cb  __aeabi_memset4                
000022cb  __aeabi_memset8                
200005c4  __aeabi_stderr                 
200005bc  __aeabi_stdin                  
200005c0  __aeabi_stdout                 
0000201f  __aeabi_uldivmod               
ffffffff  __binit__                      
ffffffff  __c_args__                     
UNDEFED   __mpu_init                     
2000fe00  __stack                        
00002cad  _c_int00_noargs                
00002f40  _ctypes_                       
200004f0  _device                        
20000400  _ftable                        
200005d4  _lock                          
00000b33  _nop                           
20000568  _stream                        
20000000  _sys_memory                    
UNDEFED   _system_post_cinit             
00002f39  _system_pre_init               
200005d8  _unlock                        
00002f3d  abort                          
00001c19  aligned_alloc                  
000029a9  atoi                           
ffffffff  binit                          
00001a7b  bluetoothWrite                 
00002755  close                          
00002e81  copysign                       
00002e81  copysignl                      
200005e4  errno                          
000029f5  exit                           
00002ce1  finddevice                     
000020b5  fputc                          
000017f9  fputs                          
00001d0d  free                           
000025c9  frexp                          
000025c9  frexpl                         
0000262d  fseek                          
00002b51  getdevice                      
00000000  interruptVectors               
0000190d  ldexp                          
0000190d  ldexpl                         
00002d95  lseek                          
000028b7  ltoa                           
00002dbd  main                           
00002f29  malloc                         
00001c19  memalign                       
00002e65  memccpy                        
00002e0d  memchr                         
00001f83  memcpy                         
000022d1  memset                         
200007ac  parmbuf                        
00002561  printf                         
000020b5  putc                           
00002d41  remove                         
0000190d  scalbn                         
0000190d  scalbnl                        
00001df5  setvbuf                        
00002eb3  strchr                         
00002e9b  strcmp                         
00002ec9  strcpy                         
00002edd  strlen                         
00002c0d  strncpy                        
00002d41  unlink                         
00002ef1  wcslen                         
00002de5  write                          


GLOBAL SYMBOLS: SORTED BY Symbol Address 

address   name                           
-------   ----                           
00000000  __TI_static_base__             
00000000  interruptVectors               
000000e5  __TI_printfi                   
00000200  __STACK_SIZE                   
00000400  __SYSMEM_SIZE                  
00000b33  _nop                           
00000b35  SystemCoreClockUpdate          
00000dad  SystemInit                     
000012a9  __aeabi_dsub                   
000012b3  __aeabi_dadd                   
0000145f  __aeabi_idiv0                  
0000145f  __aeabi_ldiv0                  
0000159d  __aeabi_ddiv                   
000017f9  fputs                          
0000190d  ldexp                          
0000190d  ldexpl                         
0000190d  scalbn                         
0000190d  scalbnl                        
00001a1d  UART2_init                     
00001a7b  bluetoothWrite                 
00001aab  EUSCIA2_IRQHandler             
00001aab  EUSCIA2_IRQHandler             
00001b1d  __aeabi_dmul                   
00001c19  aligned_alloc                  
00001c19  memalign                       
00001d0d  free                           
00001df5  setvbuf                        
00001f83  __aeabi_memcpy                 
00001f83  __aeabi_memcpy4                
00001f83  __aeabi_memcpy8                
00001f83  memcpy                         
0000201f  __aeabi_uldivmod               
000020b5  fputc                          
000020b5  putc                           
00002141  __aeabi_cdcmpeq                
00002141  __aeabi_cdcmple                
000021c7  __aeabi_cdrcmple               
000022c9  __aeabi_memclr                 
000022c9  __aeabi_memclr4                
000022c9  __aeabi_memclr8                
000022cb  __aeabi_memset                 
000022cb  __aeabi_memset4                
000022cb  __aeabi_memset8                
000022d1  memset                         
00002345  __TI_closefile                 
00002429  HOSTlseek                      
00002491  HOSTrename                     
000024f9  __TI_decompress_lzss           
00002561  printf                         
000025c9  frexp                          
000025c9  frexpl                         
0000262d  fseek                          
00002691  __TI_wrt_ok                    
000026f5  HOSTopen                       
00002755  close                          
000027b1  HOSTread                       
00002809  HOSTwrite                      
000028b7  ltoa                           
0000295d  __TI_doflush                   
000029a9  atoi                           
000029f5  exit                           
00002a3d  __aeabi_d2iz                   
00002a85  HOSTclose                      
00002ac9  HOSTunlink                     
00002b0d  __TI_auto_init_nobinit_nopinit 
00002b51  getdevice                      
00002bd5  __TI_writemsg                  
00002c03  C$$IO$$                        
00002c0d  strncpy                        
00002c45  __TI_cleanup                   
00002c79  __TI_readmsg                   
00002cad  _c_int00_noargs                
00002ce1  finddevice                     
00002d11  __aeabi_i2d                    
00002d41  remove                         
00002d41  unlink                         
00002d95  lseek                          
00002dbd  main                           
00002de5  write                          
00002e0d  memchr                         
00002e2d  __TI_zero_init_nomemset        
00002e65  memccpy                        
00002e81  copysign                       
00002e81  copysignl                      
00002e9b  strcmp                         
00002eb3  strchr                         
00002ec9  strcpy                         
00002edd  strlen                         
00002ef1  wcslen                         
00002f03  __TI_decompress_none           
00002f11  Reset_Handler                  
00002f1d  ADC14_IRQHandler               
00002f1d  AES256_IRQHandler              
00002f1d  BusFault_Handler               
00002f1d  COMP_E0_IRQHandler             
00002f1d  COMP_E1_IRQHandler             
00002f1d  CS_IRQHandler                  
00002f1d  DMA_ERR_IRQHandler             
00002f1d  DMA_INT0_IRQHandler            
00002f1d  DMA_INT1_IRQHandler            
00002f1d  DMA_INT2_IRQHandler            
00002f1d  DMA_INT3_IRQHandler            
00002f1d  DebugMon_Handler               
00002f1d  Default_Handler                
00002f1d  EUSCIA0_IRQHandler             
00002f1d  EUSCIA1_IRQHandler             
00002f1d  EUSCIA3_IRQHandler             
00002f1d  EUSCIB0_IRQHandler             
00002f1d  EUSCIB1_IRQHandler             
00002f1d  EUSCIB2_IRQHandler             
00002f1d  EUSCIB3_IRQHandler             
00002f1d  FLCTL_IRQHandler               
00002f1d  FPU_IRQHandler                 
00002f1d  HardFault_Handler              
00002f1d  MemManage_Handler              
00002f1d  NMI_Handler                    
00002f1d  PCM_IRQHandler                 
00002f1d  PORT1_IRQHandler               
00002f1d  PORT2_IRQHandler               
00002f1d  PORT3_IRQHandler               
00002f1d  PORT4_IRQHandler               
00002f1d  PORT5_IRQHandler               
00002f1d  PORT6_IRQHandler               
00002f1d  PSS_IRQHandler                 
00002f1d  PendSV_Handler                 
00002f1d  RTC_C_IRQHandler               
00002f1d  SVC_Handler                    
00002f1d  SysTick_Handler                
00002f1d  T32_INT1_IRQHandler            
00002f1d  T32_INT2_IRQHandler            
00002f1d  T32_INTC_IRQHandler            
00002f1d  TA0_0_IRQHandler               
00002f1d  TA0_N_IRQHandler               
00002f1d  TA1_0_IRQHandler               
00002f1d  TA1_N_IRQHandler               
00002f1d  TA2_0_IRQHandler               
00002f1d  TA2_N_IRQHandler               
00002f1d  TA3_0_IRQHandler               
00002f1d  TA3_N_IRQHandler               
00002f1d  UsageFault_Handler             
00002f1d  WDT_A_IRQHandler               
00002f21  __aeabi_errno_addr             
00002f29  malloc                         
00002f39  _system_pre_init               
00002f3d  C$$EXIT                        
00002f3d  abort                          
00002f40  _ctypes_                       
000030b4  __TI_Handler_Table_Base        
000030c0  __TI_Handler_Table_Limit       
000030c8  __TI_CINIT_Base                
000030d8  __TI_CINIT_Limit               
20000000  _sys_memory                    
20000400  _ftable                        
200004f0  _device                        
20000568  _stream                        
200005b8  __TI_ft_end                    
200005bc  __aeabi_stdin                  
200005c0  __aeabi_stdout                 
200005c4  __aeabi_stderr                 
200005c8  __TI_cleanup_ptr               
200005cc  __TI_dtors_ptr                 
200005d0  __TI_enable_exit_profile_output
200005d4  _lock                          
200005d8  _unlock                        
200005e4  errno                          
200005e8  SystemCoreClock                
200005ec  __CIOBUF_                      
2000070c  __TI_tmpnams                   
200007ac  parmbuf                        
200007b4  RXBuffer                       
2000fe00  __stack                        
20010000  __STACK_END                    
4000480c  WDTCTL_SYM                     
ffffffff  __TI_pprof_out_hndl            
ffffffff  __TI_prof_data_size            
ffffffff  __TI_prof_data_start           
ffffffff  __binit__                      
ffffffff  __c_args__                     
ffffffff  binit                          
UNDEFED   __mpu_init                     
UNDEFED   _system_post_cinit             

[181 symbols]
