******************************************************************************
                  TI ARM Linker PC v18.12.3                    
******************************************************************************
>> Linked Thu Nov 28 13:06:08 2019

OUTPUT FILE NAME:   <msp432p401r_mpu6050.out>
ENTRY POINT SYMBOL: "_c_int00"  address: 00006bc1


MEMORY CONFIGURATION

         name            origin    length      used     unused   attr    fill
----------------------  --------  ---------  --------  --------  ----  --------
  MAIN                  00000000   00040000  000095d5  00036a2b  R  X
  INFO                  00200000   00004000  00000000  00004000  R  X
  SRAM_CODE             01000000   00010000  00009353  00006cad  RW X
  SRAM_DATA             20000000   00010000  00009353  00006cad  RW  


SEGMENT ALLOCATION MAP

run origin  load origin   length   init length attrs members
----------  ----------- ---------- ----------- ----- -------
00000000    00000000    000095e0   000095e0    r-x
  00000000    00000000    0000003c   0000003c    r-- .resetVecs
  00000040    00000040    00008d12   00008d12    r-x .text
  00008d58    00008d58    000005f7   000005f7    r-- .const
  00009350    00009350    00000290   00000290    r-- .cinit
20000140    20000140    00008000   00000000    r--
  20000140    20000140    00008000   00000000    r-- .priheap
20008140    20008140    00000e18   00000000    rw-
  20008140    20008140    000007f3   00000000    rw- .data
  20008938    20008938    00000620   00000000    rw- .bss
2000fc00    2000fc00    00000400   00000000    rw-
  2000fc00    2000fc00    00000400   00000000    rw- .stack


SECTION ALLOCATION MAP

 output                                  attributes/
section   page    origin      length       input sections
--------  ----  ----------  ----------   ----------------
.text      0    00000040    00008d12     
                  00000040    00000a4e     rtsv7M4_T_le_v4SPD16_eabi.lib : _printfi.c.obj (.text:__TI_printfi)
                  00000a8e    00000002     ti_drivers_config.obj (.text:Board_initHook)
                  00000a90    000009c0     rtsv7M4_T_le_v4SPD16_eabi.lib : e_pow.c.obj (.text:pow)
                  00001450    00000624     msp432_mpu6050.obj (.text:calibrate_sensors)
                  00001a74    00000494     msp432_mpu6050.obj (.text:startMPU6050)
                  00001f08    000002f8     drivers_msp432p401x.aem4f : PowerMSP432.oem4f (.text:Power_sleep)
                  00002200    000002ec     rtsv7M4_T_le_v4SPD16_eabi.lib : s_atan.c.obj (.text:atan)
                  000024ec    0000028a     msp432p4xx_driverlib.lib : pcm.o (.text:__PCM_setPowerStateAdvanced)
                  00002776    00000002     drivers_msp432p401x.aem4f : I2CMSP432.oem4f (.text:I2CMSP432_init)
                  00002778    00000288                               : PowerMSP432.oem4f (.text:initPerfControl)
                  00002a00    00000270     rtsv7M4_T_le_v4SPD16_eabi.lib : _printfi.c.obj (.text:_pconv_a)
                  00002c70    000001f8     drivers_msp432p401x.aem4f : I2CMSP432.oem4f (.text:I2CMSP432_open)
                  00002e68    000001d0     rtsv7M4_T_le_v4SPD16_eabi.lib : _printfi.c.obj (.text:_pconv_g)
                  00003038    000001b6                                   : fd_add_t2.asm.obj (.text)
                  000031ee    00000002     dpl_msp432p401x.aem4f : PowerMSP432_tirtos.oem4f (.text:PowerMSP432_initPolicy)
                  000031f0    00000188     msp432_mpu6050.obj (.text:initialiseI2C)
                  00003378    00000184     drivers_msp432p401x.aem4f : I2CMSP432.oem4f (.text:I2CMSP432_hwiIntFxn)
                  000034fc    0000015c     msp432p4xx_driverlib.lib : pcm.o (.text:__PCM_setPowerModeAdvanced)
                  00003658    00000158     rtsv7M4_T_le_v4SPD16_eabi.lib : e_sqrt.c.obj (.text:sqrt)
                  000037b0    0000013c                                   : _printfi.c.obj (.text:_pconv_e)
                  000038ec    00000136                                   : fd_div_t2.asm.obj (.text)
                  00003a22    00000006     drivers_msp432p401x.aem4f : I2CMSP432.oem4f (.text:I2CMSP432_control)
                  00003a28    00000130     sysbios.aem4f : BIOS.obj (.text:ti_sysbios_knl_Semaphore_pend__E)
                  00003b58    00000124     rtsv7M4_T_le_v4SPD16_eabi.lib : _printfi.c.obj (.text:fcvt)
                  00003c7c    0000011c     drivers_msp432p401x.aem4f : I2CMSP432.oem4f (.text:primeTransfer)
                  00003d98    00000114     rtsv7M4_T_le_v4SPD16_eabi.lib : fputs.c.obj (.text:fputs)
                  00003eac    00000110                                   : s_scalbn.c.obj (.text:scalbn)
                  00003fbc    00000108     msp432p4xx_driverlib.lib : pcm.o (.text:__PCM_setCoreVoltageLevelAdvanced)
                  000040c4    00000004                              : cpu.o (.text:CPU_wfi)
                  000040c8    00000108     sysbios.aem4f : BIOS.obj (.text:ti_sysbios_knl_Task_postInit__I)
                  000041d0    00000108                   : BIOS.obj (.text:xdc_runtime_Startup_startMods__I)
                  000042d8    00000104                   : BIOS.obj (.text:ti_sysbios_knl_Task_Instance_finalize__E)
                  000043dc    000000fc     rtsv7M4_T_le_v4SPD16_eabi.lib : fd_mul_t2.asm.obj (.text)
                  000044d8    000000f8     sysbios.aem4f : BIOS.obj (.text:ti_sysbios_family_arm_msp432_init_Boot_configureClocksHigh)
                  000045d0    000000f0     drivers_msp432p401x.aem4f : I2CMSP432.oem4f (.text:I2CMSP432_transfer)
                  000046c0    000000f0     sysbios.aem4f : BIOS.obj (.text:pthread_create)
                  000047b0    000000f0                   : m3_Hwi_asm.obj (.text:ti_sysbios_family_arm_m3_Hwi_dispatch__I)
                  000048a0    000000e4     msp432p4xx_driverlib.lib : cs.o (.text:CS_startHFXTWithTimeout)
                  00004984    00000004     dpl_msp432p401x.aem4f : HwiP_tirtos.oem4f (.text:HwiP_disable)
                  00004988    000000e4     sysbios.aem4f : BIOS.obj (.text:ti_sysbios_knl_Task_Instance_init__E)
                  00004a6c    000000e0     msp432p4xx_driverlib.lib : cs.o (.text:CS_startLFXTWithTimeout)
                  00004b4c    000000dc                              : cs.o (.text:_CSGetHFXTFrequency)
                  00004c28    000000dc     rtsv7M4_T_le_v4SPD16_eabi.lib : setvbuf.c.obj (.text:setvbuf)
                  00004d04    00000004     dpl_msp432p401x.aem4f : SemaphoreP_tirtos.oem4f (.text:SemaphoreP_post)
                  00004d08    000000d0     sysbios.aem4f : BIOS.obj (.text:ti_sysbios_heaps_HeapMem_alloc__E)
                  00004dd8    000000b8                   : BIOS.obj (.text:ti_sysbios_family_arm_m3_Hwi_Instance_init__E)
                  00004e90    000000b1     rtsv7M4_T_le_v4SPD16_eabi.lib : _printfi.c.obj (.text:_ltostr)
                  00004f41    00000001     --HOLE-- [fill = 0]
                  00004f42    000000ac     drivers_msp432p401x.aem4f : I2CMSP432.oem4f (.text:I2CMSP432_cancel)
                  00004fee    00000002     rtsv7M4_T_le_v4SPD16_eabi.lib : _lock.c.obj (.text:_nop)
                  00004ff0    000000aa     sysbios.aem4f : BIOS.obj (.text:xdc_runtime_Core_createObject__I)
                  0000509a    00000004     rtsv7M4_T_le_v4SPD16_eabi.lib : printf.c.obj (.text:_outc)
                  0000509e    00000002                                   : div0.asm.obj (.text)
                  000050a0    000000a8     sysbios.aem4f : BIOS.obj (.text:ti_sysbios_family_arm_msp432_Timer_periodicStub__E)
                  00005148    000000a4                   : BIOS.obj (.text:ti_sysbios_knl_Task_setPri__E)
                  000051ec    000000a0     auto_init.aem4f : auto_init.oem4f (.text)
                  0000528c    000000a0     msp432_mpu6050.obj (.text:getGyroAccel)
                  0000532c    0000009c     drivers_msp432p401x.aem4f : PowerMSP432.oem4f (.text:Power_init)
                  000053c8    0000009c     rtsv7M4_T_le_v4SPD16_eabi.lib : memcpy_t2.asm.obj (.text)
                  00005464    00000096                                   : ull_div_t2.asm.obj (.text)
                  000054fa    00000004                                   : printf.c.obj (.text:_outs)
                  000054fe    00000002     release_pem4f.oem4f (.text:ti_sysbios_BIOS_nullFunc__I)
                  00005500    00000094     sysbios.aem4f : BIOS.obj (.text:_pthread_removeThreadKeys)
                  00005594    00000004     release_pem4f.oem4f (.text:ti_sysbios_BIOS_RtsGateProxy_enter__E)
                  00005598    00000094     sysbios.aem4f : BIOS.obj (.text:ti_sysbios_family_arm_m3_Hwi_initNVIC__E)
                  0000562c    00000004     release_pem4f.oem4f (.text:ti_sysbios_BIOS_RtsGateProxy_leave__E)
                  00005630    00000094     sysbios.aem4f : BIOS.obj (.text:ti_sysbios_knl_Task_exit__E)
                  000056c4    00000004     release_pem4f.oem4f (.text:ti_sysbios_family_arm_m3_Hwi_delete)
                  000056c8    00000090     sysbios.aem4f : BIOS.obj (.text:ti_sysbios_knl_Task_Module_startup__E)
                  00005758    0000008c     rtsv7M4_T_le_v4SPD16_eabi.lib : fputc.c.obj (.text:fputc)
                  000057e4    0000008c     sysbios.aem4f : m3_TaskSupport_asm.obj (.text:ti_sysbios_family_arm_m3_TaskSupport_buildTaskStack)
                  00005870    0000008c                   : BIOS.obj (.text:xdc_runtime_Memory_alloc__E)
                  000058fc    00000086     rtsv7M4_T_le_v4SPD16_eabi.lib : fd_cmp_t2.asm.obj (.text:__aeabi_cdcmple)
                  00005982    00000086                                   : fd_cmp_t2.asm.obj (.text:__aeabi_cdrcmple)
                  00005a08    00000086     sysbios.aem4f : BIOS.obj (.text:xdc_runtime_Core_constructObject__I)
                  00005a8e    00000002     --HOLE-- [fill = 0]
                  00005a90    00000084     msp432p4xx_driverlib.lib : pcm.o (.text:PCM_gotoLPM3)
                  00005b14    00000084     drivers_msp432p401x.aem4f : PowerMSP432.oem4f (.text:restartHFXT)
                  00005b98    00000084     sysbios.aem4f : BIOS.obj (.text:ti_sysbios_family_arm_m3_Hwi_postInit__I)
                  00005c1c    00000004     release_pem4f.oem4f (.text:ti_sysbios_family_arm_m3_TaskSupport_Module__startupDone__S)
                  00005c20    00000084     sysbios.aem4f : BIOS.obj (.text:ti_sysbios_heaps_HeapMem_free__E)
                  00005ca4    00000004     release_pem4f.oem4f (.text:ti_sysbios_heaps_HeapMem_Module_GateProxy_enter__E)
                  00005ca8    00000080     sysbios.aem4f : BIOS.obj (.text:ti_sysbios_knl_Clock_workFunc__E)
                  00005d28    00000080     msp432_mpu6050.obj (.text:wakeMPU6050)
                  00005da8    0000007a     rtsv7M4_T_le_v4SPD16_eabi.lib : memset_t2.asm.obj (.text)
                  00005e22    00000002     --HOLE-- [fill = 0]
                  00005e24    00000078     msp432_mpu6050.obj (.text:i2cWrite)
                  00005e9c    00000076     drivers_msp432p401x.aem4f : I2CMSP432.oem4f (.text:I2CMSP432_close)
                  00005f12    00000002     --HOLE-- [fill = 0]
                  00005f14    00000074     rtsv7M4_T_le_v4SPD16_eabi.lib : fclose.c.obj (.text:__TI_closefile)
                  00005f88    00000070     msp432_mpu6050.obj (.text:i2cRead)
                  00005ff8    00000070     sysbios.aem4f : BIOS.obj (.text:ti_sysbios_heaps_HeapMem_initPrimary__I)
                  00006068    0000006e     rtsv7M4_T_le_v4SPD16_eabi.lib : _printfi.c.obj (.text:_mcpy)
                  000060d6    0000006e                                   : fd_tos_t2.asm.obj (.text)
                  00006144    0000006c                                   : hostrename.c.obj (.text:HOSTrename)
                  000061b0    0000006c     msp432p4xx_driverlib.lib : i2c.o (.text:I2C_masterSendMultiByteFinish)
                  0000621c    00000004     release_pem4f.oem4f (.text:ti_sysbios_heaps_HeapMem_Module_GateProxy_leave__E)
                  00006220    0000006c     sysbios.aem4f : BIOS.obj (.text:ti_sysbios_knl_Swi_restoreHwi__E)
                  0000628c    00000068     rtsv7M4_T_le_v4SPD16_eabi.lib : hostlseek.c.obj (.text:HOSTlseek)
                  000062f4    00000068     drivers_msp432p401x.aem4f : PowerMSP432.oem4f (.text:PowerMSP432_getFreqs)
                  0000635c    00000068     rtsv7M4_T_le_v4SPD16_eabi.lib : copy_decompress_lzss.c.obj (.text:decompress:lzss:__TI_decompress_lzss)
                  000063c4    00000068     drivers_msp432p401x.aem4f : I2CMSP432.oem4f (.text:initHw)
                  0000642c    00000068     rtsv7M4_T_le_v4SPD16_eabi.lib : printf.c.obj (.text:printf)
                  00006494    00000004     release_pem4f.oem4f (.text:ti_sysbios_knl_Clock_TimerProxy_getMaxTicks__E)
                  00006498    00000066     sysbios.aem4f : BIOS.obj (.text:xdc_runtime_Core_deleteObject__I)
                  000064fe    00000002     --HOLE-- [fill = 0]
                  00006500    00000064     rtsv7M4_T_le_v4SPD16_eabi.lib : s_frexp.c.obj (.text:frexp)
                  00006564    00000064                                   : fseek.c.obj (.text:fseek)
                  000065c8    00000064     main_tirtos.obj (.text:main)
                  0000662c    00000004     release_pem4f.oem4f (.text:ti_sysbios_knl_Semaphore_delete)
                  00006630    00000064     sysbios.aem4f : BIOS.obj (.text:pthread_exit)
                  00006694    00000004     release_pem4f.oem4f (.text:ti_sysbios_knl_Task_delete)
                  00006698    00000064     sysbios.aem4f : BIOS.obj (.text:ti_sysbios_family_arm_m3_Hwi_dispatchC__I)
                  000066fc    00000062     rtsv7M4_T_le_v4SPD16_eabi.lib : _io_perm.c.obj (.text:__TI_wrt_ok)
                  0000675e    00000002     --HOLE-- [fill = 0]
                  00006760    00000060                                   : hostopen.c.obj (.text:HOSTopen)
                  000067c0    00000060     sysbios.aem4f : BIOS.obj (.text:ti_sysbios_knl_Semaphore_post__E)
                  00006820    00000060                   : BIOS.obj (.text:ti_sysbios_knl_Swi_run__I)
                  00006880    0000005e     msp432p4xx_driverlib.lib : pcm.o (.text:PCM_getCoreVoltageLevel)
                  000068de    00000002     --HOLE-- [fill = 0]
                  000068e0    0000005c     rtsv7M4_T_le_v4SPD16_eabi.lib : close.c.obj (.text:close)
                  0000693c    0000005c     msp432_mpu6050.obj (.text:get3AxisData)
                  00006998    0000005c     sysbios.aem4f : BIOS.obj (.text:ti_sysbios_knl_Swi_schedule__I)
                  000069f4    00000004     release_pem4f.oem4f (.text:xdc_runtime_System_Module_GateProxy_enter__E)
                  000069f8    0000005c     sysbios.aem4f : BIOS.obj (.text:ti_sysbios_knl_Task_startCore__E)
                  00006a54    00000004     release_pem4f.oem4f (.text:xdc_runtime_System_Module_GateProxy_leave__E)
                  00006a58    0000005c     sysbios.aem4f : BIOS.obj (.text:xdc_runtime_Startup_exec__E)
                  00006ab4    0000005a     msp432p4xx_driverlib.lib : pcm.o (.text:PCM_getPowerMode)
                  00006b0e    00000002     --HOLE-- [fill = 0]
                  00006b10    00000058     rtsv7M4_T_le_v4SPD16_eabi.lib : hostread.c.obj (.text:HOSTread)
                  00006b68    00000058                                   : hostwrite.c.obj (.text:HOSTwrite)
                  00006bc0    00000058     boot.aem4f : boot.oem4f (.text)
                  00006c18    00000058     sysbios.aem4f : m3_Hwi_asm_switch.obj (.text:ti_sysbios_family_arm_m3_Hwi_initStacks__E)
                  00006c70    00000056     rtsv7M4_T_le_v4SPD16_eabi.lib : _printfi.c.obj (.text:_pconv_f)
                  00006cc6    00000056     drivers_msp432p401x.aem4f : I2CMSP432.oem4f (.text:completeTransfer)
                  00006d1c    00000054     msp432p4xx_driverlib.lib : pcm.o (.text:PCM_shutdownDevice)
                  00006d70    00000054     rtsv7M4_T_le_v4SPD16_eabi.lib : ltoa.c.obj (.text:ltoa)
                  00006dc4    00000054     release_pem4f.oem4f (.text:ti_sysbios_family_arm_m3_Hwi_create)
                  00006e18    00000054     sysbios.aem4f : BIOS.obj (.text:ti_sysbios_family_arm_msp432_Timer_initDevice__I)
                  00006e6c    00000052     rtsv7M4_T_le_v4SPD16_eabi.lib : _printfi.c.obj (.text:_ecpy)
                  00006ebe    00000002     --HOLE-- [fill = 0]
                  00006ec0    00000050     msp432_mpu6050.obj (.text:delayMs)
                  00006f10    00000050     sysbios.aem4f : BIOS.obj (.text:ti_sysbios_family_arm_m3_Hwi_Module_startup__E)
                  00006f60    00000050     release_pem4f.oem4f (.text:ti_sysbios_knl_Task_create)
                  00006fb0    0000004c     dpl_msp432p401x.aem4f : PowerMSP432_tirtos.oem4f (.text:PowerMSP432_sleepPolicy)
                  00006ffc    0000004c     rtsv7M4_T_le_v4SPD16_eabi.lib : fflush.c.obj (.text:__TI_doflush)
                  00007048    0000004c                                   : atoi.c.obj (.text:atoi)
                  00007094    0000004c                                   : cpy_tbl.c.obj (.text:copy_in)
                  000070e0    0000004c     sysbios.aem4f : BIOS.obj (.text:ti_sysbios_family_arm_msp432_Timer_postInit__I)
                  0000712c    00000004     --HOLE-- [fill = 0]
                  00007130    0000004c                   : BIOS.obj (.text:ti_sysbios_family_arm_msp432_Timer_start__E)
                  0000717c    00000004     --HOLE-- [fill = 0]
                  00007180    0000004c                   : BIOS.obj (.text:ti_sysbios_heaps_HeapMem_getStats__E)
                  000071cc    00000004     --HOLE-- [fill = 0]
                  000071d0    0000004c                   : BIOS.obj (.text:ti_sysbios_knl_Swi_runLoop__I)
                  0000721c    00000004     --HOLE-- [fill = 0]
                  00007220    0000004c                   : BIOS.obj (.text:ti_sysbios_knl_Task_allBlockedFunction__I)
                  0000726c    00000004     --HOLE-- [fill = 0]
                  00007270    0000004c                   : BIOS.obj (.text:ti_sysbios_knl_Task_schedule__I)
                  000072bc    00000048     drivers_msp432p401x.aem4f : PowerMSP432.oem4f (.text:Power_releaseConstraint)
                  00007304    00000048     rtsv7M4_T_le_v4SPD16_eabi.lib : fd_toi_t2.asm.obj (.text)
                  0000734c    00000004     --HOLE-- [fill = 0]
                  00007350    00000048     sysbios.aem4f : BIOS.obj (.text:ti_sysbios_family_arm_m3_Hwi_disableInterrupt__E)
                  00007398    00000048                   : BIOS.obj (.text:ti_sysbios_family_arm_m3_Hwi_enableInterrupt__E)
                  000073e0    00000048                   : BIOS.obj (.text:ti_sysbios_knl_Mailbox_Module_startup__E)
                  00007428    00000048                   : BIOS.obj (.text:xdc_runtime_Core_assignParams__I)
                  00007470    00000044     rtsv7M4_T_le_v4SPD16_eabi.lib : hostclose.c.obj (.text:HOSTclose)
                  000074b4    00000044                                   : hostunlink.c.obj (.text:HOSTunlink)
                  000074f8    00000044     drivers_msp432p401x.aem4f : I2C.oem4f (.text:I2C_init)
                  0000753c    00000044     rtsv7M4_T_le_v4SPD16_eabi.lib : getdevice.c.obj (.text:getdevice)
                  00007580    00000044     drivers_msp432p401x.aem4f : I2CMSP432.oem4f (.text:perfChangeNotifyFxn)
                  000075c4    00000004     --HOLE-- [fill = 0]
                  000075c8    00000044     sysbios.aem4f : BIOS.obj (.text:ti_sysbios_family_arm_m3_Hwi_getStackInfo__E)
                  0000760c    00000004     --HOLE-- [fill = 0]
                  00007610    00000044                   : BIOS.obj (.text:ti_sysbios_knl_Swi_post__E)
                  00007654    00000040     dpl_msp432p401x.aem4f : HwiP_tirtos.oem4f (.text:HwiP_create)
                  00007694    00000040     drivers_msp432p401x.aem4f : I2C.oem4f (.text:I2C_open)
                  000076d4    00000004     --HOLE-- [fill = 0]
                  000076d8    00000040     sysbios.aem4f : BIOS.obj (.text:ti_sysbios_family_arm_msp432_Timer_Module_startup__E)
                  00007718    00000040                   : BIOS.obj (.text:ti_sysbios_family_arm_msp432_Timer_startup__E)
                  00007758    00000040                   : BIOS.obj (.text:ti_sysbios_heaps_HeapMem_Instance_init__E)
                  00007798    0000003e     rtsv7M4_T_le_v4SPD16_eabi.lib : _printfi.c.obj (.text:_fcpy)
                  000077d6    00000002     --HOLE-- [fill = 0]
                  000077d8    0000003c     dpl_msp432p401x.aem4f : SemaphoreP_tirtos.oem4f (.text:SemaphoreP_create)
                  00007814    00000004     --HOLE-- [fill = 0]
                  00007818    0000003c     sysbios.aem4f : BIOS.obj (.text:ti_sysbios_family_arm_m3_Hwi_Instance_finalize__E)
                  00007854    00000004     --HOLE-- [fill = 0]
                  00007858    0000003c                   : BIOS.obj (.text:ti_sysbios_family_arm_msp432_Seconds_Module_startup__E)
                  00007894    00000004     --HOLE-- [fill = 0]
                  00007898    0000003c                   : BIOS.obj (.text:ti_sysbios_knl_Swi_restore__E)
                  000078d4    00000038     drivers_msp432p401x.aem4f : PowerMSP432.oem4f (.text:Power_setConstraint)
                  0000790c    00000038     rtsv7M4_T_le_v4SPD16_eabi.lib : trgmsg.c.obj (.text:__TI_writemsg)
                  00007944    00000038     drivers_msp432p401x.aem4f : PowerMSP432.oem4f (.text:notify)
                  0000797c    00000038     rtsv7M4_T_le_v4SPD16_eabi.lib : fs_tod_t2.asm.obj (.text)
                  000079b4    00000004     --HOLE-- [fill = 0]
                  000079b8    00000038     sysbios.aem4f : BIOS.obj (.text:xdc_runtime_System_atexit__E)
                  000079f0    00000036     rtsv7M4_T_le_v4SPD16_eabi.lib : strncpy.c.obj (.text:strncpy)
                  00007a26    00000002     --HOLE-- [fill = 0]
                  00007a28    00000034                                   : fopen.c.obj (.text:__TI_cleanup)
                  00007a5c    00000034                                   : trgmsg.c.obj (.text:__TI_readmsg)
                  00007a90    00000034     release_pem4f.oem4f (.text:ti_sysbios_knl_Semaphore_create)
                  00007ac4    00000004     --HOLE-- [fill = 0]
                  00007ac8    00000032     sysbios.aem4f : BIOS.obj (.text:ti_sysbios_hal_Hwi_initStack)
                  00007afa    00000002     --HOLE-- [fill = 0]
                  00007afc    00000030     rtsv7M4_T_le_v4SPD16_eabi.lib : getdevice.c.obj (.text:finddevice)
                  00007b2c    00000030     drivers_msp432p401x.aem4f : I2CMSP432.oem4f (.text:mapPin)
                  00007b5c    00000030     release_pem4f.oem4f (.text:ti_sysbios_BIOS_atExitFunc__I)
                  00007b8c    00000030     release_pem4f.oem4f (.text:ti_sysbios_BIOS_startFunc__I)
                  00007bbc    00000004     --HOLE-- [fill = 0]
                  00007bc0    00000030     sysbios.aem4f : BIOS.obj (.text:ti_sysbios_family_arm_m3_TaskSupport_start__E)
                  00007bf0    00000030     release_pem4f.oem4f (.text:ti_sysbios_gates_GateHwi_Object__create__S)
                  00007c20    00000030     release_pem4f.oem4f (.text:ti_sysbios_gates_GateMutex_Object__create__S)
                  00007c50    00000030     sysbios.aem4f : BIOS.obj (.text:ti_sysbios_gates_GateMutex_enter__E)
                  00007c80    00000030     release_pem4f.oem4f (.text:ti_sysbios_heaps_HeapMem_Object__create__S)
                  00007cb0    00000030     sysbios.aem4f : BIOS.obj (.text:ti_sysbios_knl_Mailbox_postInit__I)
                  00007ce0    00000030     release_pem4f.oem4f (.text:ti_sysbios_knl_Semaphore_construct)
                  00007d10    00000030     sysbios.aem4f : BIOS.obj (.text:ti_sysbios_knl_Semaphore_pendTimeout__I)
                  00007d40    00000030                   : BIOS.obj (.text:ti_sysbios_knl_Task_processVitalTaskFlag__I)
                  00007d70    00000030                   : BIOS.obj (.text:ti_sysbios_knl_Task_restore__E)
                  00007da0    00000030                   : BIOS.obj (.text:ti_sysbios_knl_Task_unblockI__E)
                  00007dd0    00000030                   : BIOS.obj (.text:xdc_runtime_System_processAtExit__E)
                  00007e00    0000002e                   : BIOS.obj (.text:pthread_setcancelstate)
                  00007e2e    0000002e     rtsv7M4_T_le_v4SPD16_eabi.lib : i_tofd_t2.asm.obj (.text)
                  00007e5c    0000002e     release_pem4f.oem4f (.text:ti_sysbios_rts_MemAlloc_alloc)
                  00007e8a    0000002c     dpl_msp432p401x.aem4f : PowerMSP432_tirtos.oem4f (.text:PowerMSP432_updateFreqs)
                  00007eb6    00000002     --HOLE-- [fill = 0]
                  00007eb8    0000002c     msp432p4xx_driverlib.lib : rtc_c.o (.text:RTC_C_holdClock)
                  00007ee4    00000004     --HOLE-- [fill = 0]
                  00007ee8    0000002c     sysbios.aem4f : BIOS.obj (.text:_pthread_cleanupFxn)
                  00007f14    00000004     --HOLE-- [fill = 0]
                  00007f18    0000002c                   : BIOS.obj (.text:_pthread_delete$43)
                  00007f44    0000002c     release_pem4f.oem4f (.text:ti_sysbios_gates_GateHwi_Handle__label__S)
                  00007f70    0000002c     release_pem4f.oem4f (.text:ti_sysbios_gates_GateMutex_Handle__label__S)
                  00007f9c    0000002c     release_pem4f.oem4f (.text:ti_sysbios_heaps_HeapMem_Handle__label__S)
                  00007fc8    0000002c     release_pem4f.oem4f (.text:ti_sysbios_knl_Clock_doTick__I)
                  00007ff4    0000002c     release_pem4f.oem4f (.text:ti_sysbios_knl_Queue_construct)
                  00008020    0000002c     rtsv7M4_T_le_v4SPD16_eabi.lib : unlink.c.obj (.text:unlink)
                  0000804c    00000028     msp432p4xx_driverlib.lib : pcm.o (.text:PCM_gotoLPM0)
                  00008074    00000028     drivers_msp432p401x.aem4f : PowerMSP432.oem4f (.text:Power_registerNotify)
                  0000809c    00000028                               : PowerMSP432.oem4f (.text:disableFaultCounter)
                  000080c4    00000028                               : PowerMSP432.oem4f (.text:disableHFXT)
                  000080ec    00000028     rtsv7M4_T_le_v4SPD16_eabi.lib : lseek.c.obj (.text:lseek)
                  00008114    00000028     sysbios.aem4f : m3_Hwi_asm.obj (.text:ti_sysbios_family_arm_m3_Hwi_excHandlerAsm__I)
                  0000813c    00000004     --HOLE-- [fill = 0]
                  00008140    00000028                   : BIOS.obj (.text:ti_sysbios_knl_Clock_addI__E)
                  00008168    00000028                   : BIOS.obj (.text:ti_sysbios_knl_Swi_Module_startup__E)
                  00008190    00000028     rtsv7M4_T_le_v4SPD16_eabi.lib : write.c.obj (.text:write)
                  000081b8    00000026     drivers_msp432p401x.aem4f : List.oem4f (.text:List_put)
                  000081de    00000026                               : List.oem4f (.text:List_remove)
                  00008204    00000026     sysbios.aem4f : m3_Hwi_asm.obj (.text:ti_sysbios_family_arm_m3_Hwi_pendSV__I)
                  0000822a    00000002     --HOLE-- [fill = 0]
                  0000822c    00000024     msp432p4xx_driverlib.lib : wdt_a.o (.text:WDT_A_holdTimer)
                  00008250    00000024     sysbios.aem4f : BIOS.obj (.text:pthread_attr_init)
                  00008274    00000024     release_pem4f.oem4f (.text:ti_sysbios_BIOS_registerRTSLock__I)
                  00008298    00000024     release_pem4f.oem4f (.text:ti_sysbios_BIOS_removeRTSLock__I)
                  000082bc    00000004     --HOLE-- [fill = 0]
                  000082c0    00000024     sysbios.aem4f : BIOS.obj (.text:ti_sysbios_family_arm_msp432_ClockFreqs_setFrequency__E)
                  000082e4    00000024     release_pem4f.oem4f (.text:ti_sysbios_gates_GateMutex_Object__delete__S)
                  00008308    00000024     sysbios.aem4f : BIOS.obj (.text:ti_sysbios_knl_Clock_Module_startup__E)
                  0000832c    00000004     --HOLE-- [fill = 0]
                  00008330    00000024                   : BIOS.obj (.text:ti_sysbios_knl_Semaphore_Instance_init__E)
                  00008354    00000024     release_pem4f.oem4f (.text:ti_sysbios_knl_Semaphore_Object__delete__S)
                  00008378    00000024     sysbios.aem4f : BIOS.obj (.text:ti_sysbios_knl_Task_restoreHwi__E)
                  0000839c    00000004     --HOLE-- [fill = 0]
                  000083a0    00000024                   : BIOS.obj (.text:xdc_runtime_Error_policyMin__E)
                  000083c4    00000020     msp432p4xx_driverlib.lib : cs.o (.text:CS_setExternalClockSourceFrequency)
                  000083e4    00000020     drivers_msp432p401x.aem4f : PowerMSP432.oem4f (.text:Power_unregisterNotify)
                  00008404    00000020     msp432_mpu6050.obj (.text:getRegister)
                  00008424    00000020     rtsv7M4_T_le_v4SPD16_eabi.lib : memchr.c.obj (.text:memchr)
                  00008444    00000020     msp432_mpu6050.obj (.text:setRegister)
                  00008464    00000020     release_pem4f.oem4f (.text:ti_sysbios_BIOS_rtsLock__I)
                  00008484    00000020     release_pem4f.oem4f (.text:ti_sysbios_family_arm_m3_Hwi_Object__delete__S)
                  000084a4    00000020     release_pem4f.oem4f (.text:ti_sysbios_gates_GateHwi_Object__delete__S)
                  000084c4    00000020     release_pem4f.oem4f (.text:ti_sysbios_heaps_HeapMem_Object__delete__S)
                  000084e4    00000004     --HOLE-- [fill = 0]
                  000084e8    00000020     sysbios.aem4f : BIOS.obj (.text:ti_sysbios_knl_Idle_run__E)
                  00008508    00000020     release_pem4f.oem4f (.text:ti_sysbios_knl_Semaphore_destruct)
                  00008528    00000020     release_pem4f.oem4f (.text:ti_sysbios_knl_Task_Object__delete__S)
                  00008548    0000001e     msp432_mpu6050.obj (.text:merge8bitTo16bit)
                  00008566    0000001e     sysbios.aem4f : m3_Hwi_asm_switch.obj (.text:ti_sysbios_family_xxx_Hwi_switchAndRunFunc)
                  00008584    0000001c     rtsv7M4_T_le_v4SPD16_eabi.lib : memccpy.c.obj (.text:memccpy)
                  000085a0    0000001c     sysbios.aem4f : BIOS.obj (.text:ti_sysbios_family_arm_m3_Hwi_excHandler__I)
                  000085bc    00000004     --HOLE-- [fill = 0]
                  000085c0    0000001c                   : BIOS.obj (.text:ti_sysbios_gates_GateMutex_Instance_init__E)
                  000085dc    0000001c     release_pem4f.oem4f (.text:ti_sysbios_knl_Queue_destruct)
                  000085f8    0000001c     sysbios.aem4f : BIOS.obj (.text:ti_sysbios_knl_Queue_put__E)
                  00008614    00000004     --HOLE-- [fill = 0]
                  00008618    0000001c                   : BIOS.obj (.text:ti_sysbios_knl_Task_enter__I)
                  00008634    00000004     --HOLE-- [fill = 0]
                  00008638    0000001c                   : BIOS.obj (.text:ti_sysbios_rts_ti_ReentSupport_getReent__F)
                  00008654    00000004     --HOLE-- [fill = 0]
                  00008658    0000001c                   : BIOS.obj (.text:xdc_runtime_Memory_valloc__E)
                  00008674    00000004     --HOLE-- [fill = 0]
                  00008678    0000001c                   : BIOS.obj (.text:xdc_runtime_System_abort__E)
                  00008694    0000001a     rtsv7M4_T_le_v4SPD16_eabi.lib : s_copysign.c.obj (.text:copysign)
                  000086ae    0000001a     release_pem4f.oem4f (.text:free)
                  000086c8    00000018     release_pem4f.oem4f (.text:.bootCodeSection:ti_sysbios_family_arm_msp432_init_Boot_init__I)
                  000086e0    00000018     drivers_msp432p401x.aem4f : I2C.oem4f (.text:I2C_transfer)
                  000086f8    00000018     msp432p4xx_driverlib.lib : sysctl_a.o (.text:SysCtl_A_disableNMISource)
                  00008710    00000018                              : sysctl_a.o (.text:SysCtl_A_enableNMISource)
                  00008728    00000018     rtsv7M4_T_le_v4SPD16_eabi.lib : args_main.c.obj (.text:_args_main)
                  00008740    00000018                                   : strcmp.c.obj (.text:strcmp)
                  00008758    00000018     release_pem4f.oem4f (.text:ti_sysbios_BIOS_rtsUnlock__I)
                  00008770    00000018     release_pem4f.oem4f (.text:ti_sysbios_family_arm_m3_Hwi_Module__startupDone__F)
                  00008788    00000018     sysbios.aem4f : m3_TaskSupport_asm.obj (.text:ti_sysbios_family_arm_m3_TaskSupport_swap__E)
                  000087a0    00000018     release_pem4f.oem4f (.text:ti_sysbios_family_arm_msp432_Timer_Module__startupDone__F)
                  000087b8    00000018     sysbios.aem4f : BIOS.obj (.text:ti_sysbios_gates_GateMutex_leave__E)
                  000087d0    00000018     release_pem4f.oem4f (.text:ti_sysbios_rts_ti_ReentSupport_getTlsAddr__I)
                  000087e8    00000018     sysbios.aem4f : BIOS.obj (.text:xdc_runtime_Error_init__E)
                  00008800    00000018                   : BIOS.obj (.text:xdc_runtime_System_exit__E)
                  00008818    00000016     rtsv7M4_T_le_v4SPD16_eabi.lib : strchr.c.obj (.text:strchr)
                  0000882e    00000016     release_pem4f.oem4f (.text:ti_sysbios_BIOS_exitFunc__I)
                  00008844    00000004     --HOLE-- [fill = 0]
                  00008848    00000016     sysbios.aem4f : BIOS.obj (.text:ti_sysbios_knl_Task_unblock__E)
                  0000885e    00000002     --HOLE-- [fill = 0]
                  00008860    00000014     msp432p4xx_driverlib.lib : pcm.o (.text:PCM_getPowerState)
                  00008874    00000014     drivers_msp432p401x.aem4f : PowerMSP432.oem4f (.text:Power_idleFunc)
                  00008888    00000014     sysbios.aem4f : BIOS.obj (.text:pthread_attr_setschedparam)
                  0000889c    00000014     rtsv7M4_T_le_v4SPD16_eabi.lib : strcpy.c.obj (.text:strcpy)
                  000088b0    00000014                                   : strlen.c.obj (.text:strlen)
                  000088c4    00000014     release_pem4f.oem4f (.text:ti_sysbios_family_arm_m3_Hwi_Object__get__S)
                  000088d8    00000014     sysbios.aem4f : BIOS.obj (.text:ti_sysbios_family_arm_m3_Hwi_switchFromBootStack__E)
                  000088ec    00000014     release_pem4f.oem4f (.text:ti_sysbios_heaps_HeapMem_Object__get__S)
                  00008900    00000014     release_pem4f.oem4f (.text:ti_sysbios_knl_Swi_Object__get__S)
                  00008914    00000012     dpl_msp432p401x.aem4f : SemaphoreP_tirtos.oem4f (.text:SemaphoreP_pend)
                  00008926    00000002     --HOLE-- [fill = 0]
                  00008928    00000012     sysbios.aem4f : BIOS.obj (.text:_pthread_cleanup_pop)
                  0000893a    00000006     --HOLE-- [fill = 0]
                  00008940    00000012                   : BIOS.obj (.text:_pthread_runStub$43)
                  00008952    00000006     --HOLE-- [fill = 0]
                  00008958    00000012                   : BIOS.obj (.text:ti_sysbios_hal_Hwi_Module_startup__E)
                  0000896a    00000012     rtsv7M4_T_le_v4SPD16_eabi.lib : wcslen.c.obj (.text:wcslen)
                  0000897c    00000012     release_pem4f.oem4f (.text:xdc_runtime_Startup_exec__I)
                  0000898e    00000010     dpl_msp432p401x.aem4f : HwiP_tirtos.oem4f (.text:HwiP_Params_init)
                  0000899e    00000002     --HOLE-- [fill = 0]
                  000089a0    00000010     drivers_msp432p401x.aem4f : I2C.oem4f (.text:I2C_Params_init)
                  000089b0    00000010     msp432p4xx_driverlib.lib : pcm.o (.text:PCM_gotoLPM4)
                  000089c0    00000010                              : pcm.o (.text:PCM_setPowerMode)
                  000089d0    00000010                              : pcm.o (.text:PCM_setPowerState)
                  000089e0    00000010     drivers_msp432p401x.aem4f : PowerMSP432.oem4f (.text:PowerMSP432_getNumPerfLevels)
                  000089f0    00000010     msp432p4xx_driverlib.lib : sysctl_a.o (.text:SysCtl_A_getNMISourceStatus)
                  00008a00    00000010                              : sysctl.o (.text:SysCtl_getNMISourceStatus)
                  00008a10    00000010     sysbios.aem4f : BIOS.obj (.text:ti_sysbios_BIOS_exit__E)
                  00008a20    00000010                   : BIOS.obj (.text:ti_sysbios_BIOS_setCpuFreq__E)
                  00008a30    00000010                   : BIOS.obj (.text:ti_sysbios_BIOS_setThreadType__E)
                  00008a40    00000010                   : BIOS.obj (.text:ti_sysbios_BIOS_start__E)
                  00008a50    00000010                   : m3_TaskSupport_asm.obj (.text:ti_sysbios_family_arm_m3_TaskSupport_glue)
                  00008a60    00000010                   : BIOS.obj (.text:ti_sysbios_family_arm_msp432_init_Boot_disableWatchdog)
                  00008a70    00000010                   : BIOS.obj (.text:ti_sysbios_gates_GateMutex_Instance_finalize__E)
                  00008a80    00000010     release_pem4f.oem4f (.text:ti_sysbios_knl_Mailbox_Object__get__S)
                  00008a90    00000010     sysbios.aem4f : BIOS.obj (.text:ti_sysbios_knl_Semaphore_Instance_finalize__E)
                  00008aa0    00000010                   : BIOS.obj (.text:ti_sysbios_knl_Swi_disable__E)
                  00008ab0    00000010     release_pem4f.oem4f (.text:ti_sysbios_knl_Task_Object__get__S)
                  00008ac0    00000010     sysbios.aem4f : BIOS.obj (.text:ti_sysbios_knl_Task_disable__E)
                  00008ad0    00000010                   : BIOS.obj (.text:xdc_runtime_Gate_leaveSystem__E)
                  00008ae0    00000010                   : BIOS.obj (.text:xdc_runtime_Memory_free__E)
                  00008af0    00000010                   : BIOS.obj (.text:xdc_runtime_SysCallback_abort__E)
                  00008b00    00000010                   : BIOS.obj (.text:xdc_runtime_SysCallback_exit__E)
                  00008b10    0000000e     rtsv7M4_T_le_v4SPD16_eabi.lib : copy_decompress_none.c.obj (.text:decompress:none:__TI_decompress_none)
                  00008b1e    00000002     --HOLE-- [fill = 0]
                  00008b20    0000000e     sysbios.aem4f : BIOS.obj (.text:pthread_attr_setdetachstate)
                  00008b2e    00000002     --HOLE-- [fill = 0]
                  00008b30    0000000e                   : BIOS.obj (.text:ti_sysbios_knl_Idle_loop__E)
                  00008b3e    00000002     --HOLE-- [fill = 0]
                  00008b40    0000000e                   : BIOS.obj (.text:ti_sysbios_knl_Queue_empty__E)
                  00008b4e    0000000c     ti_drivers_config.obj (.text:Board_init)
                  00008b5a    0000000c     msp432p4xx_driverlib.lib : cpu.o (.text:CPU_cpsid)
                  00008b66    0000000c                              : cpu.o (.text:CPU_cpsie)
                  00008b72    0000000c     dpl_msp432p401x.aem4f : HwiP_tirtos.oem4f (.text:HwiP_delete)
                  00008b7e    00000002     --HOLE-- [fill = 0]
                  00008b80    0000000c     drivers_msp432p401x.aem4f : PowerMSP432.oem4f (.text:Power_getConstraintMask)
                  00008b8c    0000000c                               : PowerMSP432.oem4f (.text:Power_getPerformanceLevel)
                  00008b98    0000000c     dpl_msp432p401x.aem4f : SemaphoreP_tirtos.oem4f (.text:SemaphoreP_delete)
                  00008ba4    0000000c     rtsv7M4_T_le_v4SPD16_eabi.lib : _lock.c.obj (.text:_register_lock)
                  00008bb0    0000000c                                   : _lock.c.obj (.text:_register_unlock)
                  00008bbc    0000000c                                   : copy_zero_init.c.obj (.text:decompress:ZI:__TI_zero_init)
                  00008bc8    0000000c     sysbios.aem4f : BIOS.obj (.text:pthread_self)
                  00008bd4    0000000c     release_pem4f.oem4f (.text:ti_sysbios_family_arm_m3_Hwi_Params__init__S)
                  00008be0    0000000c     sysbios.aem4f : BIOS.obj (.text:ti_sysbios_family_arm_m3_Hwi_disableFxn__E)
                  00008bec    00000004     --HOLE-- [fill = 0]
                  00008bf0    0000000c                   : BIOS.obj (.text:ti_sysbios_family_arm_m3_TaskSupport_getStackAlignment__E)
                  00008bfc    00000004     --HOLE-- [fill = 0]
                  00008c00    0000000c                   : BIOS.obj (.text:ti_sysbios_family_arm_msp432_Timer_getMaxTicks__E)
                  00008c0c    00000004     --HOLE-- [fill = 0]
                  00008c10    0000000c                   : BIOS.obj (.text:ti_sysbios_gates_GateHwi_enter__E)
                  00008c1c    0000000c     release_pem4f.oem4f (.text:ti_sysbios_knl_Queue_Object__get__S)
                  00008c28    0000000c     release_pem4f.oem4f (.text:ti_sysbios_knl_Semaphore_Params__init__S)
                  00008c34    0000000c     release_pem4f.oem4f (.text:ti_sysbios_knl_Task_Params__init__S)
                  00008c40    0000000c     sysbios.aem4f : BIOS.obj (.text:ti_sysbios_knl_Task_self__E)
                  00008c4c    00000004     --HOLE-- [fill = 0]
                  00008c50    0000000c                   : BIOS.obj (.text:ti_sysbios_rts_ti_ReentSupport_taskRegHook__I)
                  00008c5c    00000004     --HOLE-- [fill = 0]
                  00008c60    0000000c                   : BIOS.obj (.text:xdc_runtime_Gate_enterSystem__E)
                  00008c6c    00000004     --HOLE-- [fill = 0]
                  00008c70    0000000c                   : BIOS.obj (.text:xdc_runtime_Startup_rtsDone__E)
                  00008c7c    0000000a     msp432_mpu6050.obj (.text:getAccel)
                  00008c86    0000000a     release_pem4f.oem4f (.text:xdc_runtime_IHeap_alloc)
                  00008c90    0000000a     release_pem4f.oem4f (.text:xdc_runtime_IHeap_free)
                  00008c9a    00000008     dpl_msp432p401x.aem4f : SemaphoreP_tirtos.oem4f (.text:SemaphoreP_Params_init)
                  00008ca2    00000008     drivers_msp432p401x.aem4f : I2CMSP432.oem4f (.text:blockingTransferCallback)
                  00008caa    00000006     --HOLE-- [fill = 0]
                  00008cb0    00000008     sysbios.aem4f : BIOS.obj (.text:pthread_attr_setstacksize)
                  00008cb8    00000008                   : BIOS.obj (.text:ti_sysbios_family_arm_m3_Hwi_doSwiRestore__I)
                  00008cc0    00000008                   : BIOS.obj (.text:ti_sysbios_family_arm_m3_Hwi_startup__E)
                  00008cc8    00000006                   : BIOS.obj (.text:ti_sysbios_family_arm_m3_Hwi_doTaskRestore__I)
                  00008cce    00000002     --HOLE-- [fill = 0]
                  00008cd0    00000006                   : BIOS.obj (.text:ti_sysbios_family_arm_m3_Hwi_restoreFxn__E)
                  00008cd6    00000002     --HOLE-- [fill = 0]
                  00008cd8    00000006                   : BIOS.obj (.text:ti_sysbios_gates_GateHwi_leave__E)
                  00008cde    00000002     --HOLE-- [fill = 0]
                  00008ce0    00000006                   : BIOS.obj (.text:ti_sysbios_heaps_HeapMem_isBlocking__E)
                  00008ce6    00000002     --HOLE-- [fill = 0]
                  00008ce8    00000006                   : BIOS.obj (.text:ti_sysbios_knl_Queue_Instance_init__E)
                  00008cee    00000002     --HOLE-- [fill = 0]
                  00008cf0    00000006                   : BIOS.obj (.text:ti_sysbios_knl_Swi_startup__E)
                  00008cf6    00000002     --HOLE-- [fill = 0]
                  00008cf8    00000006                   : BIOS.obj (.text:xdc_runtime_System_Module_startup__E)
                  00008cfe    00000002     --HOLE-- [fill = 0]
                  00008d00    00000004                   : BIOS.obj (.text:__aeabi_errno_addr)
                  00008d04    00000004     --HOLE-- [fill = 0]
                  00008d08    00000004                   : BIOS.obj (.text:ti_sysbios_gates_GateHwi_query__E)
                  00008d0c    00000004     --HOLE-- [fill = 0]
                  00008d10    00000004                   : BIOS.obj (.text:ti_sysbios_gates_GateMutex_query__E)
                  00008d14    00000004     --HOLE-- [fill = 0]
                  00008d18    00000004                   : BIOS.obj (.text:ti_sysbios_knl_Task_startup__E)
                  00008d1c    00000004     --HOLE-- [fill = 0]
                  00008d20    00000002                   : BIOS.obj (.text:ti_sysbios_BIOS_linkedWithIncorrectBootLibrary__E)
                  00008d22    00000006     --HOLE-- [fill = 0]
                  00008d28    00000002                   : BIOS.obj (.text:ti_sysbios_gates_GateHwi_Instance_init__E)
                  00008d2a    00000006     --HOLE-- [fill = 0]
                  00008d30    00000002                   : BIOS.obj (.text:ti_sysbios_knl_Clock_logTick__E)
                  00008d32    00000006     --HOLE-- [fill = 0]
                  00008d38    00000002                   : BIOS.obj (.text:xdc_runtime_SysCallback_defaultAbort)
                  00008d3a    00000006     --HOLE-- [fill = 0]
                  00008d40    00000002                   : BIOS.obj (.text:xdc_runtime_SysCallback_defaultExit)
                  00008d42    00000006     --HOLE-- [fill = 0]
                  00008d48    00000002                   : BIOS.obj (.text:xdc_runtime_System_abortSpin__E)
                  00008d4a    00000006     --HOLE-- [fill = 0]
                  00008d50    00000002                   : BIOS.obj (.text:xdc_runtime_System_exitSpin__E)

.const     0    00008d58    000005f7     
                  00008d58    00000101     rtsv7M4_T_le_v4SPD16_eabi.lib : ctype.c.obj (.const:.string:_ctypes_)
                  00008e59    00000001     ti_drivers_config.obj (.const)
                  00008e5a    00000002     release_pem4f.oem4f (.const:ti_sysbios_family_arm_m3_Hwi_Module__id__C)
                  00008e5c    00000004     release_pem4f.oem4f (.const:ti_sysbios_family_arm_m3_Hwi_E_alreadyDefined__C)
                  00008e60    00000098     rtsv7M4_T_le_v4SPD16_eabi.lib : s_atan.c.obj (.const:$O1$$)
                  00008ef8    0000003c     release_pem4f.oem4f (.const:ti_sysbios_knl_Task_Object__PARAMS__C)
                  00008f34    00000038     ti_drivers_config.obj (.const:PowerMSP432_config)
                  00008f6c    00000004     release_pem4f.oem4f (.const:ti_sysbios_family_arm_m3_Hwi_E_badIntNum__C)
                  00008f70    00000030     rtsv7M4_T_le_v4SPD16_eabi.lib : e_pow.c.obj (.const:$O1$$)
                  00008fa0    00000030     release_pem4f.oem4f (.const:ti_sysbios_family_arm_m3_Hwi_Object__PARAMS__C)
                  00008fd0    00000028     release_pem4f.oem4f (.const:ti_sysbios_heaps_HeapMem_Module__FXNS__C)
                  00008ff8    00000024     release_pem4f.oem4f (.const:ti_sysbios_gates_GateHwi_Module__FXNS__C)
                  0000901c    00000024     release_pem4f.oem4f (.const:ti_sysbios_gates_GateMutex_Module__FXNS__C)
                  00009040    00000024     release_pem4f.oem4f (.const:ti_sysbios_heaps_HeapMem_Object__PARAMS__C)
                  00009064    00000024     release_pem4f.oem4f (.const:ti_sysbios_knl_Semaphore_Object__PARAMS__C)
                  00009088    00000024     release_pem4f.oem4f (.const:xdc_runtime_Startup_sfxnTab__A)
                  000090ac    00000020     release_pem4f.oem4f (.const:ti_sysbios_family_arm_m3_Hwi_Object__DESC__C)
                  000090cc    00000020     release_pem4f.oem4f (.const:ti_sysbios_gates_GateHwi_Object__DESC__C)
                  000090ec    00000020     release_pem4f.oem4f (.const:ti_sysbios_gates_GateMutex_Object__DESC__C)
                  0000910c    00000020     release_pem4f.oem4f (.const:ti_sysbios_heaps_HeapMem_Object__DESC__C)
                  0000912c    00000020     release_pem4f.oem4f (.const:ti_sysbios_knl_Queue_Object__DESC__C)
                  0000914c    00000020     release_pem4f.oem4f (.const:ti_sysbios_knl_Semaphore_Object__DESC__C)
                  0000916c    00000020     release_pem4f.oem4f (.const:ti_sysbios_knl_Task_Object__DESC__C)
                  0000918c    00000018     drivers_msp432p401x.aem4f : I2CMSP432.oem4f (.const:I2CMSP432_fxnTable)
                  000091a4    00000018     release_pem4f.oem4f (.const:ti_sysbios_gates_GateHwi_Object__PARAMS__C)
                  000091bc    00000018     release_pem4f.oem4f (.const:ti_sysbios_gates_GateMutex_Object__PARAMS__C)
                  000091d4    00000018     release_pem4f.oem4f (.const:ti_sysbios_knl_Queue_Object__PARAMS__C)
                  000091ec    00000018     release_pem4f.oem4f (.const:ti_sysbios_knl_Task_hooks__A)
                  00009204    00000014     ti_drivers_config.obj (.const:i2cMSP432HWAttrs)
                  00009218    00000012     release_pem4f.oem4f (.const:xdc_runtime_Startup_sfxnRts__A)
                  0000922a    00000002     release_pem4f.oem4f (.const:ti_sysbios_family_arm_msp432_init_Boot_bypassHFXT__C)
                  0000922c    00000010     drivers_msp432p401x.aem4f : I2C.oem4f (.const:I2C_defaultParams)
                  0000923c    0000000c     ti_drivers_config.obj (.const:I2C_config)
                  00009248    0000000c     drivers_msp432p401x.aem4f : I2CMSP432.oem4f (.const:bitRates)
                  00009254    0000000c     release_pem4f.oem4f (.const:xdc_runtime_Startup_firstFxns__A)
                  00009260    00000008     release_pem4f.oem4f (.const:ti_sysbios_knl_Idle_funcList__A)
                  00009268    00000008     release_pem4f.oem4f (.const:ti_sysbios_knl_Idle_funcList__C)
                  00009270    00000008     release_pem4f.oem4f (.const:ti_sysbios_knl_Task_hooks__C)
                  00009278    00000008     release_pem4f.oem4f (.const:xdc_runtime_Startup_firstFxns__C)
                  00009280    00000008     release_pem4f.oem4f (.const:xdc_runtime_Startup_lastFxns__C)
                  00009288    00000004     release_pem4f.oem4f (.const:ti_sysbios_family_arm_m3_Hwi_NUM_INTERRUPTS__C)
                  0000928c    00000004     release_pem4f.oem4f (.const:ti_sysbios_family_arm_m3_Hwi_Object__count__C)
                  00009290    00000004     release_pem4f.oem4f (.const:ti_sysbios_family_arm_m3_Hwi_ccr__C)
                  00009294    00000004     release_pem4f.oem4f (.const:ti_sysbios_family_arm_m3_Hwi_excHandlerFunc__C)
                  00009298    00000004     release_pem4f.oem4f (.const:ti_sysbios_family_arm_m3_Hwi_nullIsrFunc__C)
                  0000929c    00000004     release_pem4f.oem4f (.const:ti_sysbios_family_arm_m3_Hwi_priGroup__C)
                  000092a0    00000004     release_pem4f.oem4f (.const:ti_sysbios_family_arm_m3_Hwi_swiDisable__C)
                  000092a4    00000004     release_pem4f.oem4f (.const:ti_sysbios_family_arm_m3_Hwi_swiRestore__C)
                  000092a8    00000004     release_pem4f.oem4f (.const:ti_sysbios_family_arm_m3_TaskSupport_stackAlignment__C)
                  000092ac    00000004     release_pem4f.oem4f (.const:ti_sysbios_family_arm_msp432_Timer_numTimerDevices__C)
                  000092b0    00000004     release_pem4f.oem4f (.const:ti_sysbios_family_arm_msp432_Timer_startupNeeded__C)
                  000092b4    00000004     release_pem4f.oem4f (.const:ti_sysbios_gates_GateMutex_Instance_State_sem__O)
                  000092b8    00000004     release_pem4f.oem4f (.const:ti_sysbios_heaps_HeapMem_E_memory__C)
                  000092bc    00000004     release_pem4f.oem4f (.const:ti_sysbios_heaps_HeapMem_Module__gateObj__C)
                  000092c0    00000004     release_pem4f.oem4f (.const:ti_sysbios_heaps_HeapMem_Object__count__C)
                  000092c4    00000004     release_pem4f.oem4f (.const:ti_sysbios_heaps_HeapMem_primaryHeapBaseAddr__C)
                  000092c8    00000004     release_pem4f.oem4f (.const:ti_sysbios_heaps_HeapMem_primaryHeapEndAddr__C)
                  000092cc    00000004     release_pem4f.oem4f (.const:ti_sysbios_heaps_HeapMem_reqAlign__C)
                  000092d0    00000004     release_pem4f.oem4f (.const:ti_sysbios_knl_Clock_Module_State_clockQ__O)
                  000092d4    00000004     release_pem4f.oem4f (.const:ti_sysbios_knl_Mailbox_Instance_State_freeQue__O)
                  000092d8    00000004     release_pem4f.oem4f (.const:ti_sysbios_knl_Mailbox_Object__count__C)
                  000092dc    00000004     release_pem4f.oem4f (.const:ti_sysbios_knl_Mailbox_maxTypeAlign__C)
                  000092e0    00000004     release_pem4f.oem4f (.const:ti_sysbios_knl_Semaphore_Instance_State_pendQ__O)
                  000092e4    00000004     release_pem4f.oem4f (.const:ti_sysbios_knl_Swi_Object__count__C)
                  000092e8    00000004     release_pem4f.oem4f (.const:ti_sysbios_knl_Task_Module_State_inactiveQ__O)
                  000092ec    00000004     release_pem4f.oem4f (.const:ti_sysbios_knl_Task_Object__count__C)
                  000092f0    00000004     release_pem4f.oem4f (.const:ti_sysbios_knl_Task_Object__heap__C)
                  000092f4    00000004     release_pem4f.oem4f (.const:ti_sysbios_knl_Task_allBlockedFunc__C)
                  000092f8    00000004     release_pem4f.oem4f (.const:ti_sysbios_knl_Task_defaultStackHeap__C)
                  000092fc    00000004     release_pem4f.oem4f (.const:ti_sysbios_knl_Task_defaultStackSize__C)
                  00009300    00000004     release_pem4f.oem4f (.const:ti_sysbios_knl_Task_numConstructedTasks__C)
                  00009304    00000004     release_pem4f.oem4f (.const:xdc_runtime_Error_E_memory__C)
                  00009308    00000004     release_pem4f.oem4f (.const:xdc_runtime_Error_policyFxn__C)
                  0000930c    00000004     release_pem4f.oem4f (.const:xdc_runtime_IGateProvider_Interface__BASE__C)
                  00009310    00000004     release_pem4f.oem4f (.const:xdc_runtime_IHeap_Interface__BASE__C)
                  00009314    00000004     release_pem4f.oem4f (.const:xdc_runtime_IModule_Interface__BASE__C)
                  00009318    00000004     release_pem4f.oem4f (.const:xdc_runtime_Memory_defaultHeapInstance__C)
                  0000931c    00000004     release_pem4f.oem4f (.const:xdc_runtime_Startup_execImpl__C)
                  00009320    00000004     release_pem4f.oem4f (.const:xdc_runtime_Startup_maxPasses__C)
                  00009324    00000004     release_pem4f.oem4f (.const:xdc_runtime_Startup_sfxnRts__C)
                  00009328    00000004     release_pem4f.oem4f (.const:xdc_runtime_Startup_sfxnTab__C)
                  0000932c    00000004     release_pem4f.oem4f (.const:xdc_runtime_SysCallback_abortFxn__C)
                  00009330    00000004     release_pem4f.oem4f (.const:xdc_runtime_SysCallback_exitFxn__C)
                  00009334    00000004     release_pem4f.oem4f (.const:xdc_runtime_System_Module__gateObj__C)
                  00009338    00000004     release_pem4f.oem4f (.const:xdc_runtime_System_abortFxn__C)
                  0000933c    00000004     release_pem4f.oem4f (.const:xdc_runtime_System_exitFxn__C)
                  00009340    00000004     release_pem4f.oem4f (.const:xdc_runtime_System_maxAtexitHandlers__C)
                  00009344    00000002     release_pem4f.oem4f (.const:ti_sysbios_family_arm_msp432_init_Boot_bypassLFXT__C)
                  00009346    00000002     release_pem4f.oem4f (.const:ti_sysbios_family_arm_msp432_init_Boot_enableHFXT__C)
                  00009348    00000002     release_pem4f.oem4f (.const:ti_sysbios_family_arm_msp432_init_Boot_enableLFXT__C)
                  0000934a    00000002     release_pem4f.oem4f (.const:ti_sysbios_heaps_HeapMem_Module__id__C)
                  0000934c    00000002     release_pem4f.oem4f (.const:xdc_runtime_Memory_Module__id__C)
                  0000934e    00000001     release_pem4f.oem4f (.const:xdc_runtime_Error_policy__C)

.cinit     0    00009350    00000290     
                  00009350    0000026c     (.cinit..data.load) [load image, compression = lzss]
                  000095bc    0000000c     (__TI_handler_table)
                  000095c8    00000008     (.cinit..bss.load) [load image, compression = zero_init]
                  000095d0    00000010     (__TI_cinit_table)

.init_array 
*          0    00000000    00000000     UNINITIALIZED

.data      0    20008140    000007f3     UNINITIALIZED
                  20008140    00000140     drivers_msp432p401x.aem4f : PowerMSP432.oem4f (.data:PowerMSP432_perfLevels)
                  20008280    000000f0     rtsv7M4_T_le_v4SPD16_eabi.lib : defs.c.obj (.data:_ftable)
                  20008370    00000088     sysbios.aem4f : BIOS.obj (.data:$O1$$)
                  200083f8    00000080     release_pem4f.oem4f (.data:ti_sysbios_knl_Swi_Module_State_0_readyQ__A)
                  20008478    00000080     release_pem4f.oem4f (.data:ti_sysbios_knl_Task_Module_State_0_readyQ__A)
                  200084f8    00000078     rtsv7M4_T_le_v4SPD16_eabi.lib : host_device.c.obj (.data:_device)
                  20008570    00000054     release_pem4f.oem4f (.data:ti_sysbios_gates_GateMutex_Object__table__V)
                  200085c4    00000050     rtsv7M4_T_le_v4SPD16_eabi.lib : host_device.c.obj (.data:_stream)
                  20008614    0000004c     release_pem4f.oem4f (.data:ti_sysbios_knl_Task_Object__table__V)
                  20008660    00000044     release_pem4f.oem4f (.data:ti_sysbios_family_arm_msp432_Timer_Object__table__V)
                  200086a4    00000044     release_pem4f.oem4f (.data:ti_sysbios_knl_Task_Module__state__V)
                  200086e8    00000034     release_pem4f.oem4f (.data:ti_sysbios_family_arm_m3_Hwi_Module__state__V)
                  2000871c    00000030     release_pem4f.oem4f (.data:ti_sysbios_knl_Swi_Object__table__V)
                  2000874c    0000002c     drivers_msp432p401x.aem4f : PowerMSP432.oem4f (.data:PowerMSP432_module)
                  20008778    0000002c     release_pem4f.oem4f (.data:ti_sysbios_knl_Clock_Module__state__V)
                  200087a4    00000024     msp432_mpu6050.obj (.data)
                  200087c8    00000024     release_pem4f.oem4f (.data:ti_sysbios_BIOS_Module__state__V)
                  200087ec    00000020     release_pem4f.oem4f (.data:ti_sysbios_family_arm_msp432_Timer_Module_State_0_device__A)
                  2000880c    00000020     release_pem4f.oem4f (.data:xdc_runtime_Error_IgnoreBlock)
                  2000882c    0000001c     release_pem4f.oem4f (.data:ti_sysbios_knl_Swi_Module__state__V)
                  20008848    00000018     release_pem4f.oem4f (.data:ti_sysbios_family_arm_m3_Hwi_Object__table__V)
                  20008860    00000018     release_pem4f.oem4f (.data:ti_sysbios_heaps_HeapMem_Object__table__V)
                  20008878    00000010     rtsv7M4_T_le_v4SPD16_eabi.lib : defs.c.obj (.data)
                  20008888    00000010     release_pem4f.oem4f (.data:ti_sysbios_family_arm_msp432_Timer_Module_State_0_handles__A)
                  20008898    0000000c     rtsv7M4_T_le_v4SPD16_eabi.lib : exit.c.obj (.data:$O1$$)
                  200088a4    0000000c     release_pem4f.oem4f (.data:ti_sysbios_family_arm_msp432_ClockFreqs_Module__state__V)
                  200088b0    0000000c     release_pem4f.oem4f (.data:ti_sysbios_family_arm_msp432_Timer_Module__state__V)
                  200088bc    00000008     rtsv7M4_T_le_v4SPD16_eabi.lib : _lock.c.obj (.data:$O1$$)
                  200088c4    00000008     release_pem4f.oem4f (.data:ti_sysbios_family_arm_m3_Hwi_Module__root__V)
                  200088cc    00000008     release_pem4f.oem4f (.data:ti_sysbios_gates_GateHwi_Module__root__V)
                  200088d4    00000008     release_pem4f.oem4f (.data:ti_sysbios_gates_GateMutex_Module__root__V)
                  200088dc    00000008     release_pem4f.oem4f (.data:ti_sysbios_heaps_HeapMem_Module__root__V)
                  200088e4    00000008     release_pem4f.oem4f (.data:ti_sysbios_knl_Queue_Module__root__V)
                  200088ec    00000008     release_pem4f.oem4f (.data:ti_sysbios_knl_Semaphore_Module__root__V)
                  200088f4    00000008     release_pem4f.oem4f (.data:ti_sysbios_knl_Task_Module__root__V)
                  200088fc    00000008     release_pem4f.oem4f (.data:xdc_runtime_Startup_Module__state__V)
                  20008904    00000008     release_pem4f.oem4f (.data:xdc_runtime_System_Module_State_0_atexitHandlers__A)
                  2000890c    00000008     release_pem4f.oem4f (.data:xdc_runtime_System_Module__state__V)
                  20008914    00000004     rtsv7M4_T_le_v4SPD16_eabi.lib : stkdepth_vars.c.obj (.data)
                  20008918    00000004     release_pem4f.oem4f (.data:ti_sysbios_family_arm_m3_Hwi_Module_State_0_excContext__A)
                  2000891c    00000004     release_pem4f.oem4f (.data:ti_sysbios_family_arm_m3_Hwi_Module_State_0_excStack__A)
                  20008920    00000004     release_pem4f.oem4f (.data:ti_sysbios_gates_GateHwi_Object__table__V)
                  20008924    00000004     release_pem4f.oem4f (.data:ti_sysbios_knl_Task_Module_State_0_idleTask__A)
                  20008928    00000004     release_pem4f.oem4f (.data:ti_sysbios_rts_ti_ReentSupport_Module__state__V)
                  2000892c    00000004     release_pem4f.oem4f (.data:xdc_runtime_Memory_Module__state__V)
                  20008930    00000002     release_pem4f.oem4f (.data:ti_sysbios_family_arm_m3_Hwi_Module_State_0_excActive__A)
                  20008932    00000001     drivers_msp432p401x.aem4f : I2C.oem4f (.data)

.bss       0    20008938    00000620     UNINITIALIZED
                  20008938    00000200     release_pem4f.oem4f (.bss:taskStackSection)
                  20008b38    00000140     (.common:ti_sysbios_family_arm_m3_Hwi_dispatchTable)
                  20008c78    00000120     rtsv7M4_T_le_v4SPD16_eabi.lib : trgmsg.c.obj (.bss:_CIOBUF_)
                  20008d98    000000a0     (.common:__TI_tmpnams)
                  20008e38    00000050     (.common:i2cMSP432Objects)
                  20008e88    0000001c     (.common:i2cTransaction)
                  20008ea4    00000014     msp432_mpu6050.obj (.bss:rxBuffer)
                  20008eb8    00000010     (.common:i2cParams)
                  20008ec8    0000000c     msp432_mpu6050.obj (.bss:axisData$2)
                  20008ed4    0000000c     (.common:txBuffer)
                  20008ee0    00000008     msp432_mpu6050.obj (.bss:axisData$1)
                  20008ee8    00000008     msp432p4xx_driverlib.lib : cs.o (.bss)
                  20008ef0    00000008     (.common:parmbuf)
                  20008ef8    00000004     msp432_mpu6050.obj (.bss)
                  20008efc    00000004     (.common:accel_angle_x)
                  20008f00    00000004     (.common:accel_angle_y)
                  20008f04    00000004     (.common:accel_x)
                  20008f08    00000004     (.common:accel_y)
                  20008f0c    00000004     (.common:accel_z)
                  20008f10    00000004     (.common:angle_x)
                  20008f14    00000004     (.common:angle_y)
                  20008f18    00000004     (.common:angle_z)
                  20008f1c    00000004     (.common:gyroAccel)
                  20008f20    00000004     (.common:gyro_angle_x)
                  20008f24    00000004     (.common:gyro_angle_y)
                  20008f28    00000004     (.common:gyro_angle_z)
                  20008f2c    00000004     (.common:gyro_x)
                  20008f30    00000004     (.common:gyro_y)
                  20008f34    00000004     (.common:gyro_z)
                  20008f38    00000004     (.common:i2c)
                  20008f3c    00000004     (.common:ti_sysbios_knl_Task_Instance_State_0_hookEnv__A)
                  20008f40    00000004     (.common:unfiltered_gyro_angle_x)
                  20008f44    00000004     (.common:unfiltered_gyro_angle_y)
                  20008f48    00000004     (.common:unfiltered_gyro_angle_z)
                  20008f4c    00000002     (.common:base_x_accel)
                  20008f4e    00000002     (.common:base_x_gyro)
                  20008f50    00000002     (.common:base_y_accel)
                  20008f52    00000002     (.common:base_y_gyro)
                  20008f54    00000002     (.common:base_z_accel)
                  20008f56    00000002     (.common:base_z_gyro)

.priheap   0    20000140    00008000     UNINITIALIZED
                  20000140    00008000     --HOLE--

.stack     0    2000fc00    00000400     UNINITIALIZED
                  2000fc00    00000400     --HOLE--

.bootVecs 
*          0    00000000    00000008     DSECT
                  00000000    00000008     boot.aem4f : boot.oem4f (.bootVecs)

.resetVecs 
*          0    00000000    0000003c     
                  00000000    0000003c     release_pem4f.oem4f (.resetVecs)

.vecs      0    20000000    00000140     NOLOAD SECTION
                  20000000    00000140     release_pem4f.oem4f (.vecs)

xdc.meta   0    00000000    000000fb     COPY SECTION
                  00000000    000000fb     release_pem4f.oem4f (xdc.meta)

xdc.noload 
*          0    00000000    00000000     COPY SECTION

.binit     0    00000000    00000000     

MODULE SUMMARY

       Module                       code    ro data   rw data
       ------                       ----    -------   -------
    .\
       msp432_mpu6050.obj           3932    0         448    
       main_tirtos.obj              100     0         0      
    +--+----------------------------+-------+---------+---------+
       Total:                       4032    0         448    
                                                             
    .\syscfg\
       ti_drivers_config.obj        14      89        160    
    +--+----------------------------+-------+---------+---------+
       Total:                       14      89        160    
                                                             
    C:\Users\Ted\workspace_v9\tirtos_builds_MSP_EXP432P401R_release_ccs\Debug\configPkg\package\cfg\
       release_pem4f.oem4f          1526    989       4348   
    +--+----------------------------+-------+---------+---------+
       Total:                       1526    989       4348   
                                                             
    C:/ti/simplelink_msp432p4_sdk_3_30_00_13/kernel/tirtos/packages/ti/dpl/lib/dpl_msp432p401x.aem4f
       PowerMSP432_tirtos.oem4f     122     0         0      
       SemaphoreP_tirtos.oem4f      102     0         0      
       HwiP_tirtos.oem4f            96      0         0      
    +--+----------------------------+-------+---------+---------+
       Total:                       320     0         0      
                                                             
    C:/ti/simplelink_msp432p4_sdk_3_30_00_13/source/ti/devices/msp432p4xx/driverlib/ccs/msp432p4xx_driverlib.lib
       pcm.o                        1770    0         0      
       cs.o                         704     0         16     
       i2c.o                        108     0         0      
       sysctl_a.o                   64      0         0      
       rtc_c.o                      44      0         0      
       wdt_a.o                      36      0         0      
       cpu.o                        28      0         0      
       sysctl.o                     16      0         0      
    +--+----------------------------+-------+---------+---------+
       Total:                       2770    0         16     
                                                             
    C:/ti/simplelink_msp432p4_sdk_3_30_00_13/source/ti/drivers/lib/drivers_msp432p401x.aem4f
       PowerMSP432.oem4f            2196    0         728    
       I2CMSP432.oem4f              2028    36        0      
       I2C.oem4f                    172     16        2      
       List.oem4f                   76      0         0      
    +--+----------------------------+-------+---------+---------+
       Total:                       4472    52        730    
                                                             
    C:\Users\Ted\workspace_v9\tirtos_builds_MSP_EXP432P401R_release_ccs\src\sysbios\sysbios.aem4f
       BIOS.obj                     8152    0         272    
       m3_Hwi_asm.obj               318     0         0      
       m3_TaskSupport_asm.obj       180     0         0      
       m3_Hwi_asm_switch.obj        118     0         0      
    +--+----------------------------+-------+---------+---------+
       Total:                       8768    0         272    
                                                             
    C:\ti\ccs900\ccs\tools\compiler\ti-cgt-arm_18.12.3.LTS\lib\rtsv7M4_T_le_v4SPD16_eabi.lib
       _printfi.c.obj               4851    0         0      
       e_pow.c.obj                  2496    48        0      
       s_atan.c.obj                 748     152       0      
       defs.c.obj                   0       0         832    
       trgmsg.c.obj                 108     0         576    
       fd_add_t2.asm.obj            438     0         0      
       host_device.c.obj            0       0         400    
       e_sqrt.c.obj                 344     0         0      
       fd_div_t2.asm.obj            310     0         0      
       fputs.c.obj                  276     0         0      
       s_scalbn.c.obj               272     0         0      
       fd_cmp_t2.asm.obj            268     0         0      
       ctype.c.obj                  0       257       0      
       fd_mul_t2.asm.obj            252     0         0      
       setvbuf.c.obj                220     0         0      
       memcpy_t2.asm.obj            156     0         0      
       ull_div_t2.asm.obj           150     0         0      
       fputc.c.obj                  140     0         0      
       memset_t2.asm.obj            122     0         0      
       fclose.c.obj                 116     0         0      
       getdevice.c.obj              116     0         0      
       hostopen.c.obj               96      0         16     
       printf.c.obj                 112     0         0      
       fd_tos_t2.asm.obj            110     0         0      
       hostrename.c.obj             108     0         0      
       copy_decompress_lzss.c.obj   104     0         0      
       hostlseek.c.obj              104     0         0      
       fseek.c.obj                  100     0         0      
       s_frexp.c.obj                100     0         0      
       _io_perm.c.obj               98      0         0      
       close.c.obj                  92      0         0      
       hostread.c.obj               88      0         0      
       hostwrite.c.obj              88      0         0      
       ltoa.c.obj                   84      0         0      
       atoi.c.obj                   76      0         0      
       cpy_tbl.c.obj                76      0         0      
       fflush.c.obj                 76      0         0      
       fd_toi_t2.asm.obj            72      0         0      
       hostclose.c.obj              68      0         0      
       hostunlink.c.obj             68      0         0      
       fs_tod_t2.asm.obj            56      0         0      
       strncpy.c.obj                54      0         0      
       fopen.c.obj                  52      0         0      
       i_tofd_t2.asm.obj            46      0         0      
       unlink.c.obj                 44      0         0      
       _lock.c.obj                  26      0         16     
       lseek.c.obj                  40      0         0      
       write.c.obj                  40      0         0      
       memchr.c.obj                 32      0         0      
       memccpy.c.obj                28      0         0      
       s_copysign.c.obj             26      0         0      
       args_main.c.obj              24      0         0      
       exit.c.obj                   0       0         24     
       strcmp.c.obj                 24      0         0      
       strchr.c.obj                 22      0         0      
       strcpy.c.obj                 20      0         0      
       strlen.c.obj                 20      0         0      
       wcslen.c.obj                 18      0         0      
       copy_decompress_none.c.obj   14      0         0      
       copy_zero_init.c.obj         12      0         0      
       stkdepth_vars.c.obj          0       0         8      
       div0.asm.obj                 2       0         0      
    +--+----------------------------+-------+---------+---------+
       Total:                       13703   457       1872   
                                                             
    C:\ti\simplelink_msp432p4_sdk_3_30_00_13\kernel\tirtos\packages\ti\targets\arm\rtsarm\lib\auto_init.aem4f
       auto_init.oem4f              160     0         0      
    +--+----------------------------+-------+---------+---------+
       Total:                       160     0         0      
                                                             
    C:\ti\simplelink_msp432p4_sdk_3_30_00_13\kernel\tirtos\packages\ti\targets\arm\rtsarm\lib\boot.aem4f
       boot.oem4f                   88      0         0      
    +--+----------------------------+-------+---------+---------+
       Total:                       88      0         0      
                                                             
       Stack:                       0       0         2048   
       Linker Generated:            0       656       0      
    +--+----------------------------+-------+---------+---------+
       Grand Total:                 35853   2243      9894   


LINKER GENERATED COPY TABLES

__TI_cinit_table @ 000095d0 records: 2, size/record: 8, table size: 16
	.data: load addr=00009350, load size=0000026c bytes, run addr=20008140, run size=000007f3 bytes, compression=lzss
	.bss: load addr=000095c8, load size=00000008 bytes, run addr=20008938, run size=00000620 bytes, compression=zero_init


LINKER GENERATED HANDLER TABLE

__TI_handler_table @ 000095bc records: 3, size/record: 4, table size: 12
	index: 0, handler: __TI_decompress_lzss
	index: 1, handler: __TI_decompress_none
	index: 2, handler: __TI_zero_init


GLOBAL SYMBOLS: SORTED ALPHABETICALLY BY Name 

address   name                                                            
-------   ----                                                            
00008b4f  Board_init                                                      
00000a8f  Board_initHook                                                  
0000793b  C$$IO$$                                                         
00008b5b  CPU_cpsid                                                       
00008b67  CPU_cpsie                                                       
000040c5  CPU_wfi                                                         
000083c5  CS_setExternalClockSourceFrequency                              
000048a1  CS_startHFXTWithTimeout                                         
00004a6d  CS_startLFXTWithTimeout                                         
00008000  HEAPSIZE                                                        
00007471  HOSTclose                                                       
0000628d  HOSTlseek                                                       
00006761  HOSTopen                                                        
00006b11  HOSTread                                                        
00006145  HOSTrename                                                      
000074b5  HOSTunlink                                                      
00006b69  HOSTwrite                                                       
0000898f  HwiP_Params_init                                                
00007655  HwiP_create                                                     
00008b73  HwiP_delete                                                     
00004985  HwiP_disable                                                    
00008cd1  HwiP_restore                                                    
00004f43  I2CMSP432_cancel                                                
00005e9d  I2CMSP432_close                                                 
00003a23  I2CMSP432_control                                               
0000918c  I2CMSP432_fxnTable                                              
00003379  I2CMSP432_hwiIntFxn                                             
00002777  I2CMSP432_init                                                  
00002c71  I2CMSP432_open                                                  
000045d1  I2CMSP432_transfer                                              
000089a1  I2C_Params_init                                                 
0000923c  I2C_config                                                      
00008e59  I2C_count                                                       
0000922c  I2C_defaultParams                                               
000074f9  I2C_init                                                        
000061b1  I2C_masterSendMultiByteFinish                                   
00007695  I2C_open                                                        
000086e1  I2C_transfer                                                    
000081b9  List_put                                                        
000081df  List_remove                                                     
00006881  PCM_getCoreVoltageLevel                                         
00006ab5  PCM_getPowerMode                                                
00008861  PCM_getPowerState                                               
0000804d  PCM_gotoLPM0                                                    
00005a91  PCM_gotoLPM3                                                    
000089b1  PCM_gotoLPM4                                                    
000089c1  PCM_setPowerMode                                                
000089d1  PCM_setPowerState                                               
00006d1d  PCM_shutdownDevice                                              
00008f34  PowerMSP432_config                                              
000062f5  PowerMSP432_getFreqs                                            
[...]
00008b5b  CPU_cpsid                                                       
00008b67  CPU_cpsie                                                       
00008b73  HwiP_delete                                                     
00008b81  Power_getConstraintMask                                         
00008b8d  Power_getPerformanceLevel                                       
00008b99  SemaphoreP_delete                                               
00008ba5  _register_lock                                                  
00008bb1  _register_unlock                                                
00008bbd  __TI_zero_init                                                  
00008bc9  pthread_self                                                    
00008bd5  ti_sysbios_family_arm_m3_Hwi_Params__init__S                    
00008bd5  ti_sysbios_hal_Hwi_HwiProxy_Params__init__S                     
00008be1  ti_sysbios_family_arm_m3_Hwi_disableFxn__E                      
00008be1  ti_sysbios_hal_Hwi_HwiProxy_disable__E                          
00008bf1  ti_sysbios_family_arm_m3_TaskSupport_getStackAlignment__E       
00008bf1  ti_sysbios_knl_Task_SupportProxy_getStackAlignment__E           
00008c01  ti_sysbios_family_arm_msp432_Timer_getMaxTicks__E               
00008c11  ti_sysbios_gates_GateHwi_enter__E                               
00008c1d  ti_sysbios_knl_Queue_Object__get__S                             
00008c29  ti_sysbios_knl_Semaphore_Params__init__S                        
00008c35  ti_sysbios_knl_Task_Params__init__S                             
00008c41  ti_sysbios_knl_Task_self__E                                     
00008c51  ti_sysbios_rts_ti_ReentSupport_taskRegHook__I                   
00008c61  xdc_runtime_Gate_enterSystem__E                                 
00008c71  xdc_runtime_Startup_rtsDone__E                                  
00008c7d  getAccel                                                        
00008c87  xdc_runtime_Memory_HeapProxy_alloc__E                           
00008c91  xdc_runtime_Memory_HeapProxy_free__E                            
00008c9b  SemaphoreP_Params_init                                          
00008cb1  pthread_attr_setstacksize                                       
00008cb9  ti_sysbios_family_arm_m3_Hwi_doSwiRestore__I                    
00008cc1  ti_sysbios_family_arm_m3_Hwi_startup__E                         
00008cc1  ti_sysbios_hal_Hwi_HwiProxy_startup__E                          
00008cc1  ti_sysbios_hal_Hwi_startup__E                                   
00008cc9  ti_sysbios_family_arm_m3_Hwi_doTaskRestore__I                   
00008cd1  HwiP_restore                                                    
00008cd1  ti_sysbios_family_arm_m3_Hwi_restoreFxn__E                      
00008cd1  ti_sysbios_hal_Hwi_HwiProxy_restore__E                          
00008cd9  ti_sysbios_gates_GateHwi_leave__E                               
00008ce1  ti_sysbios_heaps_HeapMem_isBlocking__E                          
00008ce9  ti_sysbios_knl_Queue_Instance_init__E                           
00008cf1  ti_sysbios_knl_Swi_startup__E                                   
00008cf9  xdc_runtime_System_Module_startup__E                            
00008d01  __aeabi_errno_addr                                              
00008d09  ti_sysbios_gates_GateHwi_query__E                               
00008d09  xdc_runtime_Main_Module_GateProxy_query__E                      
00008d09  xdc_runtime_System_Module_GateProxy_query__E                    
00008d11  ti_sysbios_BIOS_RtsGateProxy_query__E                           
00008d11  ti_sysbios_gates_GateMutex_query__E                             
00008d11  ti_sysbios_heaps_HeapMem_Module_GateProxy_query__E              
00008d19  ti_sysbios_knl_Task_startup__E                                  
00008d21  ti_sysbios_BIOS_linkedWithIncorrectBootLibrary__E               
00008d29  ti_sysbios_gates_GateHwi_Instance_init__E                       
00008d31  ti_sysbios_knl_Clock_logTick__E                                 
00008d39  xdc_runtime_SysCallback_defaultAbort                            
00008d41  xdc_runtime_SysCallback_defaultExit                             
00008d49  xdc_runtime_System_abortSpin__E                                 
00008d51  xdc_runtime_System_exitSpin__E                                  
00008d58  _ctypes_                                                        
00008e59  I2C_count                                                       
00008e5a  ti_sysbios_family_arm_m3_Hwi_Module__id__C                      
00008e5c  ti_sysbios_family_arm_m3_Hwi_E_alreadyDefined__C                
00008ef8  ti_sysbios_knl_Task_Object__PARAMS__C                           
00008f34  PowerMSP432_config                                              
00008f6c  ti_sysbios_family_arm_m3_Hwi_E_badIntNum__C                     
00008fa0  ti_sysbios_family_arm_m3_Hwi_Object__PARAMS__C                  
00008fd0  ti_sysbios_heaps_HeapMem_Module__FXNS__C                        
00008ff8  ti_sysbios_gates_GateHwi_Module__FXNS__C                        
0000901c  ti_sysbios_gates_GateMutex_Module__FXNS__C                      
00009040  ti_sysbios_heaps_HeapMem_Object__PARAMS__C                      
00009064  ti_sysbios_knl_Semaphore_Object__PARAMS__C                      
00009088  xdc_runtime_Startup_sfxnTab__A                                  
000090ac  ti_sysbios_family_arm_m3_Hwi_Object__DESC__C                    
000090cc  ti_sysbios_gates_GateHwi_Object__DESC__C                        
000090ec  ti_sysbios_gates_GateMutex_Object__DESC__C                      
0000910c  ti_sysbios_heaps_HeapMem_Object__DESC__C                        
0000912c  ti_sysbios_knl_Queue_Object__DESC__C                            
0000914c  ti_sysbios_knl_Semaphore_Object__DESC__C                        
0000916c  ti_sysbios_knl_Task_Object__DESC__C                             
0000918c  I2CMSP432_fxnTable                                              
000091a4  ti_sysbios_gates_GateHwi_Object__PARAMS__C                      
000091bc  ti_sysbios_gates_GateMutex_Object__PARAMS__C                    
000091d4  ti_sysbios_knl_Queue_Object__PARAMS__C                          
000091ec  ti_sysbios_knl_Task_hooks__A                                    
00009204  i2cMSP432HWAttrs                                                
00009218  xdc_runtime_Startup_sfxnRts__A                                  
0000922a  ti_sysbios_family_arm_msp432_init_Boot_bypassHFXT__C            
0000922c  I2C_defaultParams                                               
0000923c  I2C_config                                                      
00009254  xdc_runtime_Startup_firstFxns__A                                
00009260  ti_sysbios_knl_Idle_funcList__A                                 
00009268  ti_sysbios_knl_Idle_funcList__C                                 
00009270  ti_sysbios_knl_Task_hooks__C                                    
00009278  xdc_runtime_Startup_firstFxns__C                                
00009280  xdc_runtime_Startup_lastFxns__C                                 
00009288  ti_sysbios_family_arm_m3_Hwi_NUM_INTERRUPTS__C                  
0000928c  ti_sysbios_family_arm_m3_Hwi_Object__count__C                   
00009290  ti_sysbios_family_arm_m3_Hwi_ccr__C                             
00009294  ti_sysbios_family_arm_m3_Hwi_excHandlerFunc__C                  
00009298  ti_sysbios_family_arm_m3_Hwi_nullIsrFunc__C                     
0000929c  ti_sysbios_family_arm_m3_Hwi_priGroup__C                        
000092a0  ti_sysbios_family_arm_m3_Hwi_swiDisable__C                      
000092a4  ti_sysbios_family_arm_m3_Hwi_swiRestore__C                      
000092a8  ti_sysbios_family_arm_m3_TaskSupport_stackAlignment__C          
000092ac  ti_sysbios_family_arm_msp432_Timer_numTimerDevices__C           
000092b0  ti_sysbios_family_arm_msp432_Timer_startupNeeded__C             
000092b4  ti_sysbios_gates_GateMutex_Instance_State_sem__O                
000092b8  ti_sysbios_heaps_HeapMem_E_memory__C                            
000092bc  ti_sysbios_heaps_HeapMem_Module__gateObj__C                     
000092c0  ti_sysbios_heaps_HeapMem_Object__count__C                       
000092c4  ti_sysbios_heaps_HeapMem_primaryHeapBaseAddr__C                 
000092c8  ti_sysbios_heaps_HeapMem_primaryHeapEndAddr__C                  
000092cc  ti_sysbios_heaps_HeapMem_reqAlign__C                            
000092d0  ti_sysbios_knl_Clock_Module_State_clockQ__O                     
000092d4  ti_sysbios_knl_Mailbox_Instance_State_freeQue__O                
000092d8  ti_sysbios_knl_Mailbox_Object__count__C                         
000092dc  ti_sysbios_knl_Mailbox_maxTypeAlign__C                          
000092e0  ti_sysbios_knl_Semaphore_Instance_State_pendQ__O                
000092e4  ti_sysbios_knl_Swi_Object__count__C                             
000092e8  ti_sysbios_knl_Task_Module_State_inactiveQ__O                   
000092ec  ti_sysbios_knl_Task_Object__count__C                            
000092f0  ti_sysbios_knl_Task_Object__heap__C                             
000092f4  ti_sysbios_knl_Task_allBlockedFunc__C                           
000092f8  ti_sysbios_knl_Task_defaultStackHeap__C                         
000092fc  ti_sysbios_knl_Task_defaultStackSize__C                         
00009300  ti_sysbios_knl_Task_numConstructedTasks__C                      
00009304  xdc_runtime_Error_E_memory__C                                   
00009308  xdc_runtime_Error_policyFxn__C                                  
0000930c  xdc_runtime_IGateProvider_Interface__BASE__C                    
00009310  xdc_runtime_IHeap_Interface__BASE__C                            
00009314  xdc_runtime_IModule_Interface__BASE__C                          
00009318  xdc_runtime_Memory_defaultHeapInstance__C                       
0000931c  xdc_runtime_Startup_execImpl__C                                 
00009320  xdc_runtime_Startup_maxPasses__C                                
00009324  xdc_runtime_Startup_sfxnRts__C                                  
00009328  xdc_runtime_Startup_sfxnTab__C                                  
0000932c  xdc_runtime_SysCallback_abortFxn__C                             
00009330  xdc_runtime_SysCallback_exitFxn__C                              
00009334  xdc_runtime_System_Module__gateObj__C                           
00009338  xdc_runtime_System_abortFxn__C                                  
0000933c  xdc_runtime_System_exitFxn__C                                   
00009340  xdc_runtime_System_maxAtexitHandlers__C                         
00009344  ti_sysbios_family_arm_msp432_init_Boot_bypassLFXT__C            
00009346  ti_sysbios_family_arm_msp432_init_Boot_enableHFXT__C            
00009348  ti_sysbios_family_arm_msp432_init_Boot_enableLFXT__C            
0000934a  ti_sysbios_heaps_HeapMem_Module__id__C                          
0000934c  xdc_runtime_Memory_Module__id__C                                
0000934e  xdc_runtime_Error_policy__C                                     
00009350  __TI_static_base__                                              
000095bc  __TI_Handler_Table_Base                                         
000095c8  __TI_Handler_Table_Limit                                        
000095d0  __TI_CINIT_Base                                                 
000095e0  __TI_CINIT_Limit                                                
20000000  ti_sysbios_family_arm_m3_Hwi_ramVectors                         
20000140  __primary_heap_start__                                          
20008140  PowerMSP432_perfLevels                                          
20008140  __primary_heap_end__                                            
20008280  _ftable                                                         
200083f8  ti_sysbios_knl_Swi_Module_State_0_readyQ__A                     
20008478  ti_sysbios_knl_Task_Module_State_0_readyQ__A                    
200084f8  _device                                                         
20008570  ti_sysbios_gates_GateMutex_Object__table__V                     
200085c4  _stream                                                         
20008614  ti_sysbios_knl_Task_Object__table__V                            
20008660  ti_sysbios_family_arm_msp432_Timer_Object__table__V             
200086a4  ti_sysbios_knl_Task_Module__state__V                            
200086e8  ti_sysbios_family_arm_m3_Hwi_Module__state__V                   
2000871c  ti_sysbios_knl_Swi_Object__table__V                             
2000874c  PowerMSP432_module                                              
20008778  ti_sysbios_knl_Clock_Module__state__V                           
200087a4  RADIANS_TO_DEGREES                                              
200087a8  dt                                                              
200087ac  alpha                                                           
200087b0  prev_x_gyro                                                     
200087b4  prev_y_gyro                                                     
200087b8  prev_z_gyro                                                     
200087bc  prev_x_angle                                                    
200087c0  prev_y_angle                                                    
200087c4  prev_z_angle                                                    
200087c8  ti_sysbios_BIOS_Module__state__V                                
200087ec  ti_sysbios_family_arm_msp432_Timer_Module_State_0_device__A     
2000880c  xdc_runtime_Error_IgnoreBlock                                   
2000882c  ti_sysbios_knl_Swi_Module__state__V                             
20008848  ti_sysbios_family_arm_m3_Hwi_Object__table__V                   
20008860  ti_sysbios_heaps_HeapMem_Object__table__V                       
20008878  __TI_ft_end                                                     
2000887c  __aeabi_stdin                                                   
20008880  __aeabi_stdout                                                  
20008884  __aeabi_stderr                                                  
20008888  ti_sysbios_family_arm_msp432_Timer_Module_State_0_handles__A    
20008898  __TI_cleanup_ptr                                                
2000889c  __TI_dtors_ptr                                                  
200088a0  __TI_enable_exit_profile_output                                 
200088a4  ti_sysbios_family_arm_msp432_ClockFreqs_Module__state__V        
200088b0  ti_sysbios_family_arm_msp432_Timer_Module__state__V             
200088bc  _lock                                                           
200088c0  _unlock                                                         
200088c4  ti_sysbios_family_arm_m3_Hwi_Module__root__V                    
200088cc  ti_sysbios_gates_GateHwi_Module__root__V                        
200088d4  ti_sysbios_gates_GateMutex_Module__root__V                      
200088dc  ti_sysbios_heaps_HeapMem_Module__root__V                        
200088e4  ti_sysbios_knl_Queue_Module__root__V                            
200088ec  ti_sysbios_knl_Semaphore_Module__root__V                        
200088f4  ti_sysbios_knl_Task_Module__root__V                             
200088fc  xdc_runtime_Startup_Module__state__V                            
20008904  xdc_runtime_System_Module_State_0_atexitHandlers__A             
2000890c  xdc_runtime_System_Module__state__V                             
20008914  main_func_sp                                                    
20008918  ti_sysbios_family_arm_m3_Hwi_Module_State_0_excContext__A       
2000891c  ti_sysbios_family_arm_m3_Hwi_Module_State_0_excStack__A         
20008920  ti_sysbios_gates_GateHwi_Object__table__V                       
20008924  ti_sysbios_knl_Task_Module_State_0_idleTask__A                  
20008928  ti_sysbios_rts_ti_ReentSupport_Module__state__V                 
2000892c  xdc_runtime_Memory_Module__state__V                             
20008930  ti_sysbios_family_arm_m3_Hwi_Module_State_0_excActive__A        
20008938  ti_sysbios_knl_Task_Instance_State_0_stack__A                   
20008b38  ti_sysbios_family_arm_m3_Hwi_dispatchTable                      
20008c78  __CIOBUF_                                                       
20008d98  __TI_tmpnams                                                    
20008e38  i2cMSP432Objects                                                
20008e88  i2cTransaction                                                  
20008eb8  i2cParams                                                       
20008ed4  txBuffer                                                        
20008ef0  parmbuf                                                         
20008efc  accel_angle_x                                                   
20008f00  accel_angle_y                                                   
20008f04  accel_x                                                         
20008f08  accel_y                                                         
20008f0c  accel_z                                                         
20008f10  angle_x                                                         
20008f14  angle_y                                                         
20008f18  angle_z                                                         
20008f1c  gyroAccel                                                       
20008f20  gyro_angle_x                                                    
20008f24  gyro_angle_y                                                    
20008f28  gyro_angle_z                                                    
20008f2c  gyro_x                                                          
20008f30  gyro_y                                                          
20008f34  gyro_z                                                          
20008f38  i2c                                                             
20008f3c  ti_sysbios_knl_Task_Instance_State_0_hookEnv__A                 
20008f40  unfiltered_gyro_angle_x                                         
20008f44  unfiltered_gyro_angle_y                                         
20008f48  unfiltered_gyro_angle_z                                         
20008f4c  base_x_accel                                                    
20008f4e  base_x_gyro                                                     
20008f50  base_y_accel                                                    
20008f52  base_y_gyro                                                     
20008f54  base_z_accel                                                    
20008f56  base_z_gyro                                                     
2000fc00  __stack                                                         
20010000  __STACK_END                                                     
4000480c  WDTCTL_SYM                                                      
e000e000  ti_sysbios_family_arm_m3_Hwi_nvic                               
ffffffff  __TI_pprof_out_hndl                                             
ffffffff  __TI_prof_data_size                                             
ffffffff  __TI_prof_data_start                                            
ffffffff  __binit__                                                       
ffffffff  __c_args__                                                      
ffffffff  binit                                                           
UNDEFED   SHT$$INIT_ARRAY$$Base                                           
UNDEFED   SHT$$INIT_ARRAY$$Limit                                          

[614 symbols]
