******************************************************************************
                  TI ARM Linker PC v18.12.2                    
******************************************************************************
>> Linked Wed Oct 30 22:45:55 2019

OUTPUT FILE NAME:   <HC-05_Terminal.out>
ENTRY POINT SYMBOL: "_c_int00_noargs"  address: 00000d0d


MEMORY CONFIGURATION

         name            origin    length      used     unused   attr    fill
----------------------  --------  ---------  --------  --------  ----  --------
  MAIN                  00000000   00040000  00000e42  0003f1be  R  X
  INFO                  00200000   00004000  00000000  00004000  R  X
  SRAM_CODE             01000000   00010000  000012d8  0000ed28  RW X
  SRAM_DATA             20000000   00010000  000012d8  0000ed28  RW  


SEGMENT ALLOCATION MAP

run origin  load origin   length   init length attrs members
----------  ----------- ---------- ----------- ----- -------
00000000    00000000    00000e48   00000e48    r-x
  00000000    00000000    000000e4   000000e4    r-- .intvecs
  000000e4    000000e4    00000d16   00000d16    r-x .text
  00000e00    00000e00    00000048   00000048    r-- .cinit
20000000    20000000    000010d8   00000000    rw-
  20000000    20000000    00001090   00000000    rw- .bss
  20001090    20001090    00000048   00000000    rw- .data
2000fe00    2000fe00    00000200   00000000    rw-
  2000fe00    2000fe00    00000200   00000000    rw- .stack


SECTION ALLOCATION MAP

 output                                  attributes/
section   page    origin      length       input sections
--------  ----  ----------  ----------   ----------------
.intvecs   0    00000000    000000e4     
                  00000000    000000e4     startup_msp432p401r_ccs.obj (.intvecs:retain)

.text      0    000000e4    00000d16     
                  000000e4    0000015c     msp432p4xx_driverlib.lib : pcm.o (.text:__PCM_setPowerModeAdvanced)
                  00000240    00000138     main.obj (.text:main)
                  00000378    00000118     UART_Driver.obj (.text:UART_Read)
                  00000490    00000108     msp432p4xx_driverlib.lib : pcm.o (.text:__PCM_setCoreVoltageLevelAdvanced)
                  00000598    000000c4     UART_Driver.obj (.text:UART_Init)
                  0000065c    000000ba     MSPIO.obj (.text:MSPrintf)
                  00000716    000000a8     MSPIO.obj (.text:MSPgets)
                  000007be    0000009c     rtsv7M4_T_le_v4SPD16_eabi.lib : memcpy_t2.asm.obj (.text)
                  0000085a    00000002     startup_msp432p401r_ccs.obj (.text:Default_Handler)
                  0000085c    00000090     UART_Driver.obj (.text:EUSCIA0_IRQHandler)
                  000008ec    0000008c     MSPIO.obj (.text:PrintInteger)
                  00000978    00000080     UART_Driver.obj (.text:EUSCIA2_IRQHandler)
                  000009f8    0000007a     rtsv7M4_T_le_v4SPD16_eabi.lib : memset_t2.asm.obj (.text)
                  00000a72    00000002     --HOLE-- [fill = 0]
                  00000a74    00000078     system_msp432p401r.obj (.text:SystemInit)
                  00000aec    00000068     rtsv7M4_T_le_v4SPD16_eabi.lib : copy_decompress_lzss.c.obj (.text:decompress:lzss:__TI_decompress_lzss)
                  00000b54    0000005e     msp432p4xx_driverlib.lib : pcm.o (.text:PCM_getCoreVoltageLevel)
                  00000bb2    0000005a                              : pcm.o (.text:PCM_getPowerMode)
                  00000c0c    00000048                              : flash.o (.text:FlashCtl_setWaitState)
                  00000c54    00000044     rtsv7M4_T_le_v4SPD16_eabi.lib : autoinit.c.obj (.text:__TI_auto_init_nobinit_nopinit:__TI_auto_init_nobinit_nopinit)
                  00000c98    00000040     UART_Driver.obj (.text:UART_Write)
                  00000cd8    00000034     msp432p4xx_driverlib.lib : cs.o (.text:CS_setDCOCenteredFrequency)
                  00000d0c    00000034     rtsv7M4_T_le_v4SPD16_eabi.lib : boot_cortex_m.c.obj (.text:_c_int00_noargs:_c_int00_noargs)
                  00000d40    00000022     CS_Driver.obj (.text:CS_Init)
                  00000d62    00000022     MSPIO.obj (.text:PrintString)
                  00000d84    00000014     msp432p4xx_driverlib.lib : pcm.o (.text:PCM_getPowerState)
                  00000d98    00000014     MSPIO.obj (.text:PrintChar)
                  00000dac    00000010     msp432p4xx_driverlib.lib : pcm.o (.text:PCM_setCoreVoltageLevel)
                  00000dbc    00000010                              : pcm.o (.text:PCM_setPowerMode)
                  00000dcc    0000000e     rtsv7M4_T_le_v4SPD16_eabi.lib : copy_decompress_none.c.obj (.text:decompress:none:__TI_decompress_none)
                  00000dda    0000000c     startup_msp432p401r_ccs.obj (.text:Reset_Handler)
                  00000de6    0000000c     rtsv7M4_T_le_v4SPD16_eabi.lib : copy_zero_init.c.obj (.text:decompress:ZI:__TI_zero_init)
                  00000df2    00000004                                   : pre_init.c.obj (.text:_system_pre_init)
                  00000df6    00000004                                   : exit.c.obj (.text:abort:abort)

.cinit     0    00000e00    00000048     
                  00000e00    0000001d     (.cinit..data.load) [load image, compression = lzss]
                  00000e1d    00000003     --HOLE-- [fill = 0]
                  00000e20    0000000c     (__TI_handler_table)
                  00000e2c    00000004     --HOLE-- [fill = 0]
                  00000e30    00000008     (.cinit..bss.load) [load image, compression = zero_init]
                  00000e38    00000010     (__TI_cinit_table)

.init_array 
*          0    00000000    00000000     UNINITIALIZED

.binit     0    00000000    00000000     

.bss       0    20000000    00001090     UNINITIALIZED
                  20000000    00000800     (.common:UARTA0Data)
                  20000800    00000800     (.common:UARTA2Data)
                  20001000    00000080     (.common:Buffer)
                  20001080    00000004     (.common:UARTA0ReadIndex)
                  20001084    00000004     (.common:UARTA0WriteIndex)
                  20001088    00000004     (.common:UARTA2ReadIndex)
                  2000108c    00000004     (.common:UARTA2WriteIndex)

.data      0    20001090    00000048     UNINITIALIZED
                  20001090    00000024     main.obj (.data:UART0Config)
                  200010b4    00000024     main.obj (.data:UART2Config)

.stack     0    2000fe00    00000200     UNINITIALIZED
                  2000fe00    00000004     rtsv7M4_T_le_v4SPD16_eabi.lib : boot_cortex_m.c.obj (.stack)
                  2000fe04    000001fc     --HOLE--

MODULE SUMMARY

       Module                        code   ro data   rw data
       ------                        ----   -------   -------
    .\
       main.obj                      312    0         400    
       system_msp432p401r.obj        120    0         0      
    +--+-----------------------------+------+---------+---------+
       Total:                        432    0         400    
                                                             
    .\Devices\
       MSPIO.obj                     548    0         0      
    +--+-----------------------------+------+---------+---------+
       Total:                        548    0         0      
                                                             
    .\Hardware\
       UART_Driver.obj               812    0         8224   
       CS_Driver.obj                 34     0         0      
    +--+-----------------------------+------+---------+---------+
       Total:                        846    0         8224   
                                                             
    .\ccs\
       startup_msp432p401r_ccs.obj   14     228       0      
    +--+-----------------------------+------+---------+---------+
       Total:                        14     228       0      
                                                             
    C:/ti/simplelink_msp432p4_sdk_3_20_00_06/source/ti/devices/msp432p4xx/driverlib/ccs/msp432p4xx_driverlib.lib
       pcm.o                         848    0         0      
       flash.o                       72     0         0      
       cs.o                          52     0         0      
    +--+-----------------------------+------+---------+---------+
       Total:                        972    0         0      
                                                             
    C:\ti\ccs910\ccs\tools\compiler\ti-cgt-arm_18.12.2.LTS\lib\rtsv7M4_T_le_v4SPD16_eabi.lib
       memcpy_t2.asm.obj             156    0         0      
       memset_t2.asm.obj             122    0         0      
       copy_decompress_lzss.c.obj    104    0         0      
       autoinit.c.obj                68     0         0      
       boot_cortex_m.c.obj           52     0         0      
       copy_decompress_none.c.obj    14     0         0      
       copy_zero_init.c.obj          12     0         0      
       exit.c.obj                    4      0         0      
       pre_init.c.obj                4      0         0      
    +--+-----------------------------+------+---------+---------+
       Total:                        536    0         0      
                                                             
       Stack:                        0      0         1024   
       Linker Generated:             0      65        0      
    +--+-----------------------------+------+---------+---------+
       Grand Total:                  3348   293       9648   


LINKER GENERATED COPY TABLES

__TI_cinit_table @ 00000e38 records: 2, size/record: 8, table size: 16
	.data: load addr=00000e00, load size=0000001d bytes, run addr=20001090, run size=00000048 bytes, compression=lzss
	.bss: load addr=00000e30, load size=00000008 bytes, run addr=20000000, run size=00001090 bytes, compression=zero_init


LINKER GENERATED HANDLER TABLE

__TI_handler_table @ 00000e20 records: 3, size/record: 4, table size: 12
	index: 0, handler: __TI_decompress_lzss
	index: 1, handler: __TI_decompress_none
	index: 2, handler: __TI_zero_init


GLOBAL SYMBOLS: SORTED ALPHABETICALLY BY Name 

address   name                          
-------   ----                          
0000085b  ADC14_IRQHandler              
0000085b  AES256_IRQHandler             
20001000  Buffer                        
0000085b  BusFault_Handler              
00000df7  C$$EXIT                       
0000085b  COMP_E0_IRQHandler            
0000085b  COMP_E1_IRQHandler            
0000085b  CS_IRQHandler                 
00000d41  CS_Init                       
00000cd9  CS_setDCOCenteredFrequency    
0000085b  DMA_ERR_IRQHandler            
0000085b  DMA_INT0_IRQHandler           
0000085b  DMA_INT1_IRQHandler           
0000085b  DMA_INT2_IRQHandler           
0000085b  DMA_INT3_IRQHandler           
0000085b  DebugMon_Handler              
0000085b  Default_Handler               
0000085d  EUSCIA0_IRQHandler            
0000085d  EUSCIA0_IRQHandler            
0000085b  EUSCIA1_IRQHandler            
00000979  EUSCIA2_IRQHandler            
00000979  EUSCIA2_IRQHandler            
0000085b  EUSCIA3_IRQHandler            
0000085b  EUSCIB0_IRQHandler            
0000085b  EUSCIB1_IRQHandler            
0000085b  EUSCIB2_IRQHandler            
0000085b  EUSCIB3_IRQHandler            
0000085b  FLCTL_IRQHandler              
0000085b  FPU_IRQHandler                
00000c0d  FlashCtl_setWaitState         
0000085b  HardFault_Handler             
00000717  MSPgets                       
0000065d  MSPrintf                      
0000085b  MemManage_Handler             
0000085b  NMI_Handler                   
0000085b  PCM_IRQHandler                
00000b55  PCM_getCoreVoltageLevel       
00000bb3  PCM_getPowerMode              
00000d85  PCM_getPowerState             
00000dad  PCM_setCoreVoltageLevel       
00000dbd  PCM_setPowerMode              
0000085b  PORT1_IRQHandler              
0000085b  PORT2_IRQHandler              
0000085b  PORT3_IRQHandler              
0000085b  PORT4_IRQHandler              
0000085b  PORT5_IRQHandler              
0000085b  PORT6_IRQHandler              
0000085b  PSS_IRQHandler                
0000085b  PendSV_Handler                
00000d99  PrintChar                     
000008ed  PrintInteger                  
00000d63  PrintString                   
0000085b  RTC_C_IRQHandler              
00000ddb  Reset_Handler                 
0000085b  SVC_Handler                   
0000085b  SysTick_Handler               
00000a75  SystemInit                    
0000085b  T32_INT1_IRQHandler           
0000085b  T32_INT2_IRQHandler           
0000085b  T32_INTC_IRQHandler           
0000085b  TA0_0_IRQHandler              
0000085b  TA0_N_IRQHandler              
0000085b  TA1_0_IRQHandler              
0000085b  TA1_N_IRQHandler              
0000085b  TA2_0_IRQHandler              
0000085b  TA2_N_IRQHandler              
0000085b  TA3_0_IRQHandler              
0000085b  TA3_N_IRQHandler              
20001090  UART0Config                   
200010b4  UART2Config                   
20000000  UARTA0Data                    
20001080  UARTA0ReadIndex               
20001084  UARTA0WriteIndex              
20000800  UARTA2Data                    
20001088  UARTA2ReadIndex               
2000108c  UARTA2WriteIndex              
00000599  UART_Init                     
00000379  UART_Read                     
00000c99  UART_Write                    
0000085b  UsageFault_Handler            
4000480c  WDTCTL_SYM                    
0000085b  WDT_A_IRQHandler              
20010000  __STACK_END                   
00000200  __STACK_SIZE                  
00000e38  __TI_CINIT_Base               
00000e48  __TI_CINIT_Limit              
00000e20  __TI_Handler_Table_Base       
00000e2c  __TI_Handler_Table_Limit      
00000c55  __TI_auto_init_nobinit_nopinit
00000aed  __TI_decompress_lzss          
00000dcd  __TI_decompress_none          
ffffffff  __TI_pprof_out_hndl           
ffffffff  __TI_prof_data_size           
ffffffff  __TI_prof_data_start          
00000000  __TI_static_base__            
00000de7  __TI_zero_init                
000009f9  __aeabi_memclr                
000009f9  __aeabi_memclr4               
000009f9  __aeabi_memclr8               
000007bf  __aeabi_memcpy                
000007bf  __aeabi_memcpy4               
000007bf  __aeabi_memcpy8               
000009fb  __aeabi_memset                
000009fb  __aeabi_memset4               
000009fb  __aeabi_memset8               
ffffffff  __binit__                     
ffffffff  __c_args__                    
UNDEFED   __mpu_init                    
2000fe00  __stack                       
00000d0d  _c_int00_noargs               
UNDEFED   _system_post_cinit            
00000df3  _system_pre_init              
00000df7  abort                         
ffffffff  binit                         
00000000  interruptVectors              
00000241  main                          
000007bf  memcpy                        
00000a01  memset                        


GLOBAL SYMBOLS: SORTED BY Symbol Address 

address   name                          
-------   ----                          
00000000  __TI_static_base__            
00000000  interruptVectors              
00000200  __STACK_SIZE                  
00000241  main                          
00000379  UART_Read                     
00000599  UART_Init                     
0000065d  MSPrintf                      
00000717  MSPgets                       
000007bf  __aeabi_memcpy                
000007bf  __aeabi_memcpy4               
000007bf  __aeabi_memcpy8               
000007bf  memcpy                        
0000085b  ADC14_IRQHandler              
0000085b  AES256_IRQHandler             
0000085b  BusFault_Handler              
0000085b  COMP_E0_IRQHandler            
0000085b  COMP_E1_IRQHandler            
0000085b  CS_IRQHandler                 
0000085b  DMA_ERR_IRQHandler            
0000085b  DMA_INT0_IRQHandler           
0000085b  DMA_INT1_IRQHandler           
0000085b  DMA_INT2_IRQHandler           
0000085b  DMA_INT3_IRQHandler           
0000085b  DebugMon_Handler              
0000085b  Default_Handler               
0000085b  EUSCIA1_IRQHandler            
0000085b  EUSCIA3_IRQHandler            
0000085b  EUSCIB0_IRQHandler            
0000085b  EUSCIB1_IRQHandler            
0000085b  EUSCIB2_IRQHandler            
0000085b  EUSCIB3_IRQHandler            
0000085b  FLCTL_IRQHandler              
0000085b  FPU_IRQHandler                
0000085b  HardFault_Handler             
0000085b  MemManage_Handler             
0000085b  NMI_Handler                   
0000085b  PCM_IRQHandler                
0000085b  PORT1_IRQHandler              
0000085b  PORT2_IRQHandler              
0000085b  PORT3_IRQHandler              
0000085b  PORT4_IRQHandler              
0000085b  PORT5_IRQHandler              
0000085b  PORT6_IRQHandler              
0000085b  PSS_IRQHandler                
0000085b  PendSV_Handler                
0000085b  RTC_C_IRQHandler              
0000085b  SVC_Handler                   
0000085b  SysTick_Handler               
0000085b  T32_INT1_IRQHandler           
0000085b  T32_INT2_IRQHandler           
0000085b  T32_INTC_IRQHandler           
0000085b  TA0_0_IRQHandler              
0000085b  TA0_N_IRQHandler              
0000085b  TA1_0_IRQHandler              
0000085b  TA1_N_IRQHandler              
0000085b  TA2_0_IRQHandler              
0000085b  TA2_N_IRQHandler              
0000085b  TA3_0_IRQHandler              
0000085b  TA3_N_IRQHandler              
0000085b  UsageFault_Handler            
0000085b  WDT_A_IRQHandler              
0000085d  EUSCIA0_IRQHandler            
0000085d  EUSCIA0_IRQHandler            
000008ed  PrintInteger                  
00000979  EUSCIA2_IRQHandler            
00000979  EUSCIA2_IRQHandler            
000009f9  __aeabi_memclr                
000009f9  __aeabi_memclr4               
000009f9  __aeabi_memclr8               
000009fb  __aeabi_memset                
000009fb  __aeabi_memset4               
000009fb  __aeabi_memset8               
00000a01  memset                        
00000a75  SystemInit                    
00000aed  __TI_decompress_lzss          
00000b55  PCM_getCoreVoltageLevel       
00000bb3  PCM_getPowerMode              
00000c0d  FlashCtl_setWaitState         
00000c55  __TI_auto_init_nobinit_nopinit
00000c99  UART_Write                    
00000cd9  CS_setDCOCenteredFrequency    
00000d0d  _c_int00_noargs               
00000d41  CS_Init                       
00000d63  PrintString                   
00000d85  PCM_getPowerState             
00000d99  PrintChar                     
00000dad  PCM_setCoreVoltageLevel       
00000dbd  PCM_setPowerMode              
00000dcd  __TI_decompress_none          
00000ddb  Reset_Handler                 
00000de7  __TI_zero_init                
00000df3  _system_pre_init              
00000df7  C$$EXIT                       
00000df7  abort                         
00000e20  __TI_Handler_Table_Base       
00000e2c  __TI_Handler_Table_Limit      
00000e38  __TI_CINIT_Base               
00000e48  __TI_CINIT_Limit              
20000000  UARTA0Data                    
20000800  UARTA2Data                    
20001000  Buffer                        
20001080  UARTA0ReadIndex               
20001084  UARTA0WriteIndex              
20001088  UARTA2ReadIndex               
2000108c  UARTA2WriteIndex              
20001090  UART0Config                   
200010b4  UART2Config                   
2000fe00  __stack                       
20010000  __STACK_END                   
4000480c  WDTCTL_SYM                    
ffffffff  __TI_pprof_out_hndl           
ffffffff  __TI_prof_data_size           
ffffffff  __TI_prof_data_start          
ffffffff  __binit__                     
ffffffff  __c_args__                    
ffffffff  binit                         
UNDEFED   __mpu_init                    
UNDEFED   _system_post_cinit            

[118 symbols]
